Component: ARM Compiler 5.06 update 5 (build 528) Tool: armlink [4d35e2]

==============================================================================

Section Cross References

    startup_stm32f103xb.o(RESET) refers to startup_stm32f103xb.o(STACK) for __initial_sp
    startup_stm32f103xb.o(RESET) refers to startup_stm32f103xb.o(.text) for Reset_Handler
    startup_stm32f103xb.o(RESET) refers to stm32f1xx_it.o(i.NMI_Handler) for NMI_Handler
    startup_stm32f103xb.o(RESET) refers to stm32f1xx_it.o(i.HardFault_Handler) for HardFault_Handler
    startup_stm32f103xb.o(RESET) refers to stm32f1xx_it.o(i.MemManage_Handler) for MemManage_Handler
    startup_stm32f103xb.o(RESET) refers to stm32f1xx_it.o(i.BusFault_Handler) for BusFault_Handler
    startup_stm32f103xb.o(RESET) refers to stm32f1xx_it.o(i.UsageFault_Handler) for UsageFault_Handler
    startup_stm32f103xb.o(RESET) refers to port.o(.emb_text) for SVC_Handler
    startup_stm32f103xb.o(RESET) refers to stm32f1xx_it.o(i.DebugMon_Handler) for DebugMon_Handler
    startup_stm32f103xb.o(RESET) refers to port.o(i.SysTick_Handler) for SysTick_Handler
    startup_stm32f103xb.o(RESET) refers to usart.o(i.USART1_IRQHandler) for USART1_IRQHandler
    startup_stm32f103xb.o(.text) refers to system_stm32f1xx.o(i.SystemInit) for SystemInit
    startup_stm32f103xb.o(.text) refers to entry.o(.ARM.Collect$$$$00000000) for __main
    main.o(i.led_init) refers to stm32f1xx_hal_gpio.o(i.HAL_GPIO_Init) for HAL_GPIO_Init
    main.o(i.main) refers to stm32f1xx_hal.o(i.HAL_Init) for HAL_Init
    main.o(i.main) refers to delay.o(i.delay_init) for delay_init
    main.o(i.main) refers to sys.o(i.Stm32_Clock_Init) for Stm32_Clock_Init
    main.o(i.main) refers to main.o(i.led_init) for led_init
    main.o(i.main) refers to usart.o(i.uart_init) for uart_init
    main.o(i.main) refers to motor.o(i.motor_init) for motor_init
    main.o(i.main) refers to motor.o(i.set_motor_speed) for set_motor_speed
    main.o(i.main) refers to motor.o(i.set_motor_dir) for set_motor_dir
    main.o(i.main) refers to stm32f1xx_hal_gpio.o(i.HAL_GPIO_WritePin) for HAL_GPIO_WritePin
    main.o(i.main) refers to delay.o(i.delay_ms) for delay_ms
    system_stm32f1xx.o(i.SystemCoreClockUpdate) refers to system_stm32f1xx.o(.data) for SystemCoreClock
    system_stm32f1xx.o(i.SystemCoreClockUpdate) refers to system_stm32f1xx.o(.constdata) for AHBPrescTable
    delay.o(i.delay_init) refers to stm32f1xx_hal_cortex.o(i.HAL_SYSTICK_CLKSourceConfig) for HAL_SYSTICK_CLKSourceConfig
    delay.o(i.delay_init) refers to delay.o(.data) for fac_us
    delay.o(i.delay_ms) refers to delay.o(i.delay_us) for delay_us
    delay.o(i.delay_us) refers to delay.o(.data) for fac_us
    sys.o(i.Stm32_Clock_Init) refers to stm32f1xx_hal_rcc.o(i.HAL_RCC_OscConfig) for HAL_RCC_OscConfig
    sys.o(i.Stm32_Clock_Init) refers to stm32f1xx_hal_rcc.o(i.HAL_RCC_ClockConfig) for HAL_RCC_ClockConfig
    usart.o(i.HAL_UART_MspInit) refers to stm32f1xx_hal_gpio.o(i.HAL_GPIO_Init) for HAL_GPIO_Init
    usart.o(i.HAL_UART_MspInit) refers to stm32f1xx_hal_cortex.o(i.HAL_NVIC_EnableIRQ) for HAL_NVIC_EnableIRQ
    usart.o(i.HAL_UART_MspInit) refers to stm32f1xx_hal_cortex.o(i.HAL_NVIC_SetPriority) for HAL_NVIC_SetPriority
    usart.o(i.HAL_UART_RxCpltCallback) refers to usart.o(.data) for USART_RX_STA
    usart.o(i.HAL_UART_RxCpltCallback) refers to usart.o(.bss) for USART_RX_BUF
    usart.o(i.USART1_IRQHandler) refers to stm32f1xx_hal_uart.o(i.HAL_UART_IRQHandler) for HAL_UART_IRQHandler
    usart.o(i.USART1_IRQHandler) refers to stm32f1xx_hal_uart.o(i.HAL_UART_GetState) for HAL_UART_GetState
    usart.o(i.USART1_IRQHandler) refers to stm32f1xx_hal_uart.o(i.HAL_UART_Receive_IT) for HAL_UART_Receive_IT
    usart.o(i.USART1_IRQHandler) refers to usart.o(.bss) for UART1_Handler
    usart.o(i.USART1_IRQHandler) refers to usart.o(.data) for aRxBuffer
    usart.o(i.uart_init) refers to stm32f1xx_hal_uart.o(i.HAL_UART_Init) for HAL_UART_Init
    usart.o(i.uart_init) refers to stm32f1xx_hal_uart.o(i.HAL_UART_Receive_IT) for HAL_UART_Receive_IT
    usart.o(i.uart_init) refers to usart.o(.bss) for UART1_Handler
    usart.o(i.uart_init) refers to usart.o(.data) for aRxBuffer
    stm32f1xx_hal.o(i.HAL_DeInit) refers to stm32f1xx_hal.o(i.HAL_MspDeInit) for HAL_MspDeInit
    stm32f1xx_hal.o(i.HAL_Delay) refers to stm32f1xx_hal.o(i.HAL_GetTick) for HAL_GetTick
    stm32f1xx_hal.o(i.HAL_Delay) refers to stm32f1xx_hal.o(.data) for uwTickFreq
    stm32f1xx_hal.o(i.HAL_GetTick) refers to stm32f1xx_hal.o(.data) for uwTick
    stm32f1xx_hal.o(i.HAL_GetTickFreq) refers to stm32f1xx_hal.o(.data) for uwTickFreq
    stm32f1xx_hal.o(i.HAL_GetTickPrio) refers to stm32f1xx_hal.o(.data) for uwTickPrio
    stm32f1xx_hal.o(i.HAL_IncTick) refers to stm32f1xx_hal.o(.data) for uwTick
    stm32f1xx_hal.o(i.HAL_Init) refers to stm32f1xx_hal_cortex.o(i.HAL_NVIC_SetPriorityGrouping) for HAL_NVIC_SetPriorityGrouping
[...]
    Removing stm32f1xx_hal_spi.o(i.HAL_SPI_Abort_IT), (360 bytes).
    Removing stm32f1xx_hal_spi.o(i.HAL_SPI_DMAPause), (50 bytes).
    Removing stm32f1xx_hal_spi.o(i.HAL_SPI_DMAResume), (50 bytes).
    Removing stm32f1xx_hal_spi.o(i.HAL_SPI_DMAStop), (72 bytes).
    Removing stm32f1xx_hal_spi.o(i.HAL_SPI_DeInit), (54 bytes).
    Removing stm32f1xx_hal_spi.o(i.HAL_SPI_ErrorCallback), (2 bytes).
    Removing stm32f1xx_hal_spi.o(i.HAL_SPI_GetError), (6 bytes).
    Removing stm32f1xx_hal_spi.o(i.HAL_SPI_GetState), (8 bytes).
    Removing stm32f1xx_hal_spi.o(i.HAL_SPI_IRQHandler), (308 bytes).
    Removing stm32f1xx_hal_spi.o(i.HAL_SPI_Init), (212 bytes).
    Removing stm32f1xx_hal_spi.o(i.HAL_SPI_MspDeInit), (2 bytes).
    Removing stm32f1xx_hal_spi.o(i.HAL_SPI_MspInit), (2 bytes).
    Removing stm32f1xx_hal_spi.o(i.HAL_SPI_Receive), (618 bytes).
    Removing stm32f1xx_hal_spi.o(i.HAL_SPI_Receive_DMA), (312 bytes).
    Removing stm32f1xx_hal_spi.o(i.HAL_SPI_Receive_IT), (252 bytes).
    Removing stm32f1xx_hal_spi.o(i.HAL_SPI_RxCpltCallback), (2 bytes).
    Removing stm32f1xx_hal_spi.o(i.HAL_SPI_RxHalfCpltCallback), (2 bytes).
    Removing stm32f1xx_hal_spi.o(i.HAL_SPI_Transmit), (500 bytes).
    Removing stm32f1xx_hal_spi.o(i.HAL_SPI_TransmitReceive), (782 bytes).
    Removing stm32f1xx_hal_spi.o(i.HAL_SPI_TransmitReceive_DMA), (388 bytes).
    Removing stm32f1xx_hal_spi.o(i.HAL_SPI_TransmitReceive_IT), (240 bytes).
    Removing stm32f1xx_hal_spi.o(i.HAL_SPI_Transmit_DMA), (284 bytes).
    Removing stm32f1xx_hal_spi.o(i.HAL_SPI_Transmit_IT), (216 bytes).
    Removing stm32f1xx_hal_spi.o(i.HAL_SPI_TxCpltCallback), (2 bytes).
    Removing stm32f1xx_hal_spi.o(i.HAL_SPI_TxHalfCpltCallback), (2 bytes).
    Removing stm32f1xx_hal_spi.o(i.HAL_SPI_TxRxCpltCallback), (2 bytes).
    Removing stm32f1xx_hal_spi.o(i.HAL_SPI_TxRxHalfCpltCallback), (2 bytes).
    Removing stm32f1xx_hal_spi.o(i.SPI_2linesRxISR_16BIT), (72 bytes).
    Removing stm32f1xx_hal_spi.o(i.SPI_2linesRxISR_16BITCRC), (36 bytes).
    Removing stm32f1xx_hal_spi.o(i.SPI_2linesRxISR_8BIT), (72 bytes).
    Removing stm32f1xx_hal_spi.o(i.SPI_2linesRxISR_8BITCRC), (46 bytes).
    Removing stm32f1xx_hal_spi.o(i.SPI_2linesTxISR_16BIT), (88 bytes).
    Removing stm32f1xx_hal_spi.o(i.SPI_2linesTxISR_8BIT), (88 bytes).
    Removing stm32f1xx_hal_spi.o(i.SPI_AbortRx_ISR), (112 bytes).
    Removing stm32f1xx_hal_spi.o(i.SPI_AbortTx_ISR), (32 bytes).
    Removing stm32f1xx_hal_spi.o(i.SPI_CloseRxTx_ISR), (264 bytes).
    Removing stm32f1xx_hal_spi.o(i.SPI_CloseRx_ISR), (168 bytes).
    Removing stm32f1xx_hal_spi.o(i.SPI_CloseTx_ISR), (160 bytes).
    Removing stm32f1xx_hal_spi.o(i.SPI_DMAAbortOnError), (20 bytes).
    Removing stm32f1xx_hal_spi.o(i.SPI_DMAError), (40 bytes).
    Removing stm32f1xx_hal_spi.o(i.SPI_DMAHalfReceiveCplt), (14 bytes).
    Removing stm32f1xx_hal_spi.o(i.SPI_DMAHalfTransmitCplt), (14 bytes).
    Removing stm32f1xx_hal_spi.o(i.SPI_DMAHalfTransmitReceiveCplt), (14 bytes).
    Removing stm32f1xx_hal_spi.o(i.SPI_DMAReceiveCplt), (230 bytes).
    Removing stm32f1xx_hal_spi.o(i.SPI_DMARxAbortCallback), (128 bytes).
    Removing stm32f1xx_hal_spi.o(i.SPI_DMATransmitCplt), (126 bytes).
    Removing stm32f1xx_hal_spi.o(i.SPI_DMATransmitReceiveCplt), (210 bytes).
    Removing stm32f1xx_hal_spi.o(i.SPI_DMATxAbortCallback), (156 bytes).
    Removing stm32f1xx_hal_spi.o(i.SPI_EndRxTransaction), (120 bytes).
    Removing stm32f1xx_hal_spi.o(i.SPI_EndRxTxTransaction), (40 bytes).
    Removing stm32f1xx_hal_spi.o(i.SPI_ISCRCErrorValid), (6 bytes).
    Removing stm32f1xx_hal_spi.o(i.SPI_RxISR_16BIT), (104 bytes).
    Removing stm32f1xx_hal_spi.o(i.SPI_RxISR_16BITCRC), (36 bytes).
    Removing stm32f1xx_hal_spi.o(i.SPI_RxISR_8BIT), (104 bytes).
    Removing stm32f1xx_hal_spi.o(i.SPI_RxISR_8BITCRC), (30 bytes).
    Removing stm32f1xx_hal_spi.o(i.SPI_TxISR_16BIT), (56 bytes).
    Removing stm32f1xx_hal_spi.o(i.SPI_TxISR_8BIT), (56 bytes).
    Removing stm32f1xx_hal_spi.o(i.SPI_WaitFlagStateUntilTimeout), (216 bytes).
    Removing stm32f1xx_hal_tim.o(.rev16_text), (4 bytes).
    Removing stm32f1xx_hal_tim.o(.revsh_text), (4 bytes).
    Removing stm32f1xx_hal_tim.o(.rrx_text), (6 bytes).
    Removing stm32f1xx_hal_tim.o(i.HAL_TIM_Base_DeInit), (120 bytes).
    Removing stm32f1xx_hal_tim.o(i.HAL_TIM_Base_GetState), (8 bytes).
    Removing stm32f1xx_hal_tim.o(i.HAL_TIM_Base_MspDeInit), (2 bytes).
    Removing stm32f1xx_hal_tim.o(i.HAL_TIM_Base_Start_DMA), (200 bytes).
    Removing stm32f1xx_hal_tim.o(i.HAL_TIM_Base_Start_IT), (120 bytes).
    Removing stm32f1xx_hal_tim.o(i.HAL_TIM_Base_Stop), (50 bytes).
    Removing stm32f1xx_hal_tim.o(i.HAL_TIM_Base_Stop_DMA), (70 bytes).
    Removing stm32f1xx_hal_tim.o(i.HAL_TIM_Base_Stop_IT), (62 bytes).
    Removing stm32f1xx_hal_tim.o(i.HAL_TIM_ConfigOCrefClear), (278 bytes).
    Removing stm32f1xx_hal_tim.o(i.HAL_TIM_ConfigTI1Input), (22 bytes).
    Removing stm32f1xx_hal_tim.o(i.HAL_TIM_DMABurstState), (8 bytes).
    Removing stm32f1xx_hal_tim.o(i.HAL_TIM_DMABurst_MultiReadStart), (476 bytes).
    Removing stm32f1xx_hal_tim.o(i.HAL_TIM_DMABurst_MultiWriteStart), (476 bytes).
    Removing stm32f1xx_hal_tim.o(i.HAL_TIM_DMABurst_ReadStart), (42 bytes).
    Removing stm32f1xx_hal_tim.o(i.HAL_TIM_DMABurst_ReadStop), (140 bytes).
    Removing stm32f1xx_hal_tim.o(i.HAL_TIM_DMABurst_WriteStart), (42 bytes).
    Removing stm32f1xx_hal_tim.o(i.HAL_TIM_DMABurst_WriteStop), (140 bytes).
    Removing stm32f1xx_hal_tim.o(i.HAL_TIM_Encoder_DeInit), (96 bytes).
    Removing stm32f1xx_hal_tim.o(i.HAL_TIM_Encoder_GetState), (8 bytes).
    Removing stm32f1xx_hal_tim.o(i.HAL_TIM_Encoder_Init), (196 bytes).
    Removing stm32f1xx_hal_tim.o(i.HAL_TIM_Encoder_MspDeInit), (2 bytes).
    Removing stm32f1xx_hal_tim.o(i.HAL_TIM_Encoder_MspInit), (2 bytes).
    Removing stm32f1xx_hal_tim.o(i.HAL_TIM_Encoder_Start), (204 bytes).
    Removing stm32f1xx_hal_tim.o(i.HAL_TIM_Encoder_Start_DMA), (556 bytes).
    Removing stm32f1xx_hal_tim.o(i.HAL_TIM_Encoder_Start_IT), (252 bytes).
    Removing stm32f1xx_hal_tim.o(i.HAL_TIM_Encoder_Stop), (214 bytes).
    Removing stm32f1xx_hal_tim.o(i.HAL_TIM_Encoder_Stop_DMA), (280 bytes).
    Removing stm32f1xx_hal_tim.o(i.HAL_TIM_Encoder_Stop_IT), (256 bytes).
    Removing stm32f1xx_hal_tim.o(i.HAL_TIM_ErrorCallback), (2 bytes).
    Removing stm32f1xx_hal_tim.o(i.HAL_TIM_GenerateEvent), (54 bytes).
    Removing stm32f1xx_hal_tim.o(i.HAL_TIM_GetActiveChannel), (6 bytes).
    Removing stm32f1xx_hal_tim.o(i.HAL_TIM_GetChannelState), (38 bytes).
    Removing stm32f1xx_hal_tim.o(i.HAL_TIM_IC_CaptureCallback), (2 bytes).
    Removing stm32f1xx_hal_tim.o(i.HAL_TIM_IC_CaptureHalfCpltCallback), (2 bytes).
    Removing stm32f1xx_hal_tim.o(i.HAL_TIM_IC_ConfigChannel), (222 bytes).
    Removing stm32f1xx_hal_tim.o(i.HAL_TIM_IC_DeInit), (120 bytes).
    Removing stm32f1xx_hal_tim.o(i.HAL_TIM_IC_GetState), (8 bytes).
    Removing stm32f1xx_hal_tim.o(i.HAL_TIM_IC_Init), (102 bytes).
    Removing stm32f1xx_hal_tim.o(i.HAL_TIM_IC_MspDeInit), (2 bytes).
    Removing stm32f1xx_hal_tim.o(i.HAL_TIM_IC_MspInit), (2 bytes).
    Removing stm32f1xx_hal_tim.o(i.HAL_TIM_IC_Start), (268 bytes).
    Removing stm32f1xx_hal_tim.o(i.HAL_TIM_IC_Start_DMA), (560 bytes).
    Removing stm32f1xx_hal_tim.o(i.HAL_TIM_IC_Start_IT), (352 bytes).
    Removing stm32f1xx_hal_tim.o(i.HAL_TIM_IC_Stop), (138 bytes).
    Removing stm32f1xx_hal_tim.o(i.HAL_TIM_IC_Stop_DMA), (244 bytes).
    Removing stm32f1xx_hal_tim.o(i.HAL_TIM_IC_Stop_IT), (222 bytes).
    Removing stm32f1xx_hal_tim.o(i.HAL_TIM_IRQHandler), (406 bytes).
    Removing stm32f1xx_hal_tim.o(i.HAL_TIM_OC_ConfigChannel), (112 bytes).
    Removing stm32f1xx_hal_tim.o(i.HAL_TIM_OC_DeInit), (120 bytes).
    Removing stm32f1xx_hal_tim.o(i.HAL_TIM_OC_DelayElapsedCallback), (2 bytes).
    Removing stm32f1xx_hal_tim.o(i.HAL_TIM_OC_GetState), (8 bytes).
    Removing stm32f1xx_hal_tim.o(i.HAL_TIM_OC_Init), (102 bytes).
    Removing stm32f1xx_hal_tim.o(i.HAL_TIM_OC_MspDeInit), (2 bytes).
    Removing stm32f1xx_hal_tim.o(i.HAL_TIM_OC_MspInit), (2 bytes).
    Removing stm32f1xx_hal_tim.o(i.HAL_TIM_OC_Start), (212 bytes).
    Removing stm32f1xx_hal_tim.o(i.HAL_TIM_OC_Start_DMA), (532 bytes).
    Removing stm32f1xx_hal_tim.o(i.HAL_TIM_OC_Start_IT), (292 bytes).
    Removing stm32f1xx_hal_tim.o(i.HAL_TIM_OC_Stop), (156 bytes).
    Removing stm32f1xx_hal_tim.o(i.HAL_TIM_OC_Stop_DMA), (264 bytes).
    Removing stm32f1xx_hal_tim.o(i.HAL_TIM_OC_Stop_IT), (240 bytes).
    Removing stm32f1xx_hal_tim.o(i.HAL_TIM_OnePulse_ConfigChannel), (310 bytes).
    Removing stm32f1xx_hal_tim.o(i.HAL_TIM_OnePulse_DeInit), (96 bytes).
    Removing stm32f1xx_hal_tim.o(i.HAL_TIM_OnePulse_GetState), (8 bytes).
    Removing stm32f1xx_hal_tim.o(i.HAL_TIM_OnePulse_Init), (102 bytes).
    Removing stm32f1xx_hal_tim.o(i.HAL_TIM_OnePulse_MspDeInit), (2 bytes).
    Removing stm32f1xx_hal_tim.o(i.HAL_TIM_OnePulse_MspInit), (2 bytes).
    Removing stm32f1xx_hal_tim.o(i.HAL_TIM_OnePulse_Start), (128 bytes).
    Removing stm32f1xx_hal_tim.o(i.HAL_TIM_OnePulse_Start_IT), (152 bytes).
    Removing stm32f1xx_hal_tim.o(i.HAL_TIM_OnePulse_Stop), (148 bytes).
    Removing stm32f1xx_hal_tim.o(i.HAL_TIM_OnePulse_Stop_IT), (172 bytes).
    Removing stm32f1xx_hal_tim.o(i.HAL_TIM_PWM_DeInit), (120 bytes).
    Removing stm32f1xx_hal_tim.o(i.HAL_TIM_PWM_GetState), (8 bytes).
    Removing stm32f1xx_hal_tim.o(i.HAL_TIM_PWM_Init), (102 bytes).
    Removing stm32f1xx_hal_tim.o(i.HAL_TIM_PWM_MspDeInit), (2 bytes).
    Removing stm32f1xx_hal_tim.o(i.HAL_TIM_PWM_MspInit), (2 bytes).
    Removing stm32f1xx_hal_tim.o(i.HAL_TIM_PWM_PulseFinishedCallback), (2 bytes).
    Removing stm32f1xx_hal_tim.o(i.HAL_TIM_PWM_PulseFinishedHalfCpltCallback), (2 bytes).
    Removing stm32f1xx_hal_tim.o(i.HAL_TIM_PWM_Start_DMA), (532 bytes).
    Removing stm32f1xx_hal_tim.o(i.HAL_TIM_PWM_Start_IT), (292 bytes).
    Removing stm32f1xx_hal_tim.o(i.HAL_TIM_PWM_Stop), (156 bytes).
    Removing stm32f1xx_hal_tim.o(i.HAL_TIM_PWM_Stop_DMA), (264 bytes).
    Removing stm32f1xx_hal_tim.o(i.HAL_TIM_PWM_Stop_IT), (240 bytes).
    Removing stm32f1xx_hal_tim.o(i.HAL_TIM_PeriodElapsedCallback), (2 bytes).
    Removing stm32f1xx_hal_tim.o(i.HAL_TIM_PeriodElapsedHalfCpltCallback), (2 bytes).
    Removing stm32f1xx_hal_tim.o(i.HAL_TIM_ReadCapturedValue), (50 bytes).
    Removing stm32f1xx_hal_tim.o(i.HAL_TIM_SlaveConfigSynchro), (108 bytes).
    Removing stm32f1xx_hal_tim.o(i.HAL_TIM_SlaveConfigSynchro_IT), (108 bytes).
    Removing stm32f1xx_hal_tim.o(i.HAL_TIM_TriggerCallback), (2 bytes).
    Removing stm32f1xx_hal_tim.o(i.HAL_TIM_TriggerHalfCpltCallback), (2 bytes).
    Removing stm32f1xx_hal_tim.o(i.TIM_DMACaptureCplt), (122 bytes).
    Removing stm32f1xx_hal_tim.o(i.TIM_DMACaptureHalfCplt), (64 bytes).
    Removing stm32f1xx_hal_tim.o(i.TIM_DMADelayPulseCplt), (104 bytes).
    Removing stm32f1xx_hal_tim.o(i.TIM_DMADelayPulseHalfCplt), (64 bytes).
    Removing stm32f1xx_hal_tim.o(i.TIM_DMAError), (94 bytes).
    Removing stm32f1xx_hal_tim.o(i.TIM_DMAPeriodElapsedCplt), (26 bytes).
    Removing stm32f1xx_hal_tim.o(i.TIM_DMAPeriodElapsedHalfCplt), (14 bytes).
    Removing stm32f1xx_hal_tim.o(i.TIM_DMATriggerCplt), (26 bytes).
    Removing stm32f1xx_hal_tim.o(i.TIM_DMATriggerHalfCplt), (14 bytes).
    Removing stm32f1xx_hal_tim.o(i.TIM_SlaveTimer_SetConfig), (178 bytes).
    Removing stm32f1xx_hal_tim.o(i.TIM_TI1_SetConfig), (104 bytes).
    Removing stm32f1xx_hal_tim.o(i.TIM_TI2_SetConfig), (58 bytes).
    Removing stm32f1xx_hal_tim.o(i.TIM_TI3_SetConfig), (56 bytes).
    Removing stm32f1xx_hal_tim.o(i.TIM_TI4_SetConfig), (60 bytes).
    Removing stm32f1xx_hal_tim_ex.o(.rev16_text), (4 bytes).
    Removing stm32f1xx_hal_tim_ex.o(.revsh_text), (4 bytes).
    Removing stm32f1xx_hal_tim_ex.o(.rrx_text), (6 bytes).
    Removing stm32f1xx_hal_tim_ex.o(i.HAL_TIMEx_BreakCallback), (2 bytes).
    Removing stm32f1xx_hal_tim_ex.o(i.HAL_TIMEx_CommutCallback), (2 bytes).
    Removing stm32f1xx_hal_tim_ex.o(i.HAL_TIMEx_CommutHalfCpltCallback), (2 bytes).
    Removing stm32f1xx_hal_tim_ex.o(i.HAL_TIMEx_ConfigBreakDeadTime), (116 bytes).
    Removing stm32f1xx_hal_tim_ex.o(i.HAL_TIMEx_ConfigCommutEvent), (134 bytes).
    Removing stm32f1xx_hal_tim_ex.o(i.HAL_TIMEx_ConfigCommutEvent_DMA), (164 bytes).
    Removing stm32f1xx_hal_tim_ex.o(i.HAL_TIMEx_ConfigCommutEvent_IT), (134 bytes).
    Removing stm32f1xx_hal_tim_ex.o(i.HAL_TIMEx_GetChannelNState), (38 bytes).
    Removing stm32f1xx_hal_tim_ex.o(i.HAL_TIMEx_HallSensor_DeInit), (96 bytes).
    Removing stm32f1xx_hal_tim_ex.o(i.HAL_TIMEx_HallSensor_GetState), (8 bytes).
    Removing stm32f1xx_hal_tim_ex.o(i.HAL_TIMEx_HallSensor_Init), (234 bytes).
    Removing stm32f1xx_hal_tim_ex.o(i.HAL_TIMEx_HallSensor_MspDeInit), (2 bytes).
    Removing stm32f1xx_hal_tim_ex.o(i.HAL_TIMEx_HallSensor_MspInit), (2 bytes).
    Removing stm32f1xx_hal_tim_ex.o(i.HAL_TIMEx_HallSensor_Start), (168 bytes).
    Removing stm32f1xx_hal_tim_ex.o(i.HAL_TIMEx_HallSensor_Start_DMA), (232 bytes).
    Removing stm32f1xx_hal_tim_ex.o(i.HAL_TIMEx_HallSensor_Start_IT), (180 bytes).
    Removing stm32f1xx_hal_tim_ex.o(i.HAL_TIMEx_HallSensor_Stop), (78 bytes).
    Removing stm32f1xx_hal_tim_ex.o(i.HAL_TIMEx_HallSensor_Stop_DMA), (84 bytes).
    Removing stm32f1xx_hal_tim_ex.o(i.HAL_TIMEx_HallSensor_Stop_IT), (90 bytes).
    Removing stm32f1xx_hal_tim_ex.o(i.HAL_TIMEx_OCN_Start), (196 bytes).
    Removing stm32f1xx_hal_tim_ex.o(i.HAL_TIMEx_OCN_Start_DMA), (456 bytes).
    Removing stm32f1xx_hal_tim_ex.o(i.HAL_TIMEx_OCN_Start_IT), (276 bytes).
    Removing stm32f1xx_hal_tim_ex.o(i.HAL_TIMEx_OCN_Stop), (136 bytes).
    Removing stm32f1xx_hal_tim_ex.o(i.HAL_TIMEx_OCN_Stop_DMA), (220 bytes).
    Removing stm32f1xx_hal_tim_ex.o(i.HAL_TIMEx_OCN_Stop_IT), (230 bytes).
    Removing stm32f1xx_hal_tim_ex.o(i.HAL_TIMEx_OnePulseN_Start), (118 bytes).
    Removing stm32f1xx_hal_tim_ex.o(i.HAL_TIMEx_OnePulseN_Start_IT), (142 bytes).
    Removing stm32f1xx_hal_tim_ex.o(i.HAL_TIMEx_OnePulseN_Stop), (138 bytes).
    Removing stm32f1xx_hal_tim_ex.o(i.HAL_TIMEx_OnePulseN_Stop_IT), (162 bytes).
    Removing stm32f1xx_hal_tim_ex.o(i.HAL_TIMEx_PWMN_Start), (196 bytes).
    Removing stm32f1xx_hal_tim_ex.o(i.HAL_TIMEx_PWMN_Start_DMA), (456 bytes).
    Removing stm32f1xx_hal_tim_ex.o(i.HAL_TIMEx_PWMN_Start_IT), (276 bytes).
    Removing stm32f1xx_hal_tim_ex.o(i.HAL_TIMEx_PWMN_Stop), (136 bytes).
    Removing stm32f1xx_hal_tim_ex.o(i.HAL_TIMEx_PWMN_Stop_DMA), (220 bytes).
    Removing stm32f1xx_hal_tim_ex.o(i.HAL_TIMEx_PWMN_Stop_IT), (230 bytes).
    Removing stm32f1xx_hal_tim_ex.o(i.HAL_TIMEx_RemapConfig), (6 bytes).
    Removing stm32f1xx_hal_tim_ex.o(i.TIMEx_DMACommutationCplt), (20 bytes).
    Removing stm32f1xx_hal_tim_ex.o(i.TIMEx_DMACommutationHalfCplt), (20 bytes).
    Removing stm32f1xx_hal_tim_ex.o(i.TIM_CCxNChannelCmd), (34 bytes).
    Removing stm32f1xx_hal_tim_ex.o(i.TIM_DMADelayPulseNCplt), (104 bytes).
    Removing stm32f1xx_hal_tim_ex.o(i.TIM_DMAErrorCCxN), (68 bytes).
    Removing stm32f1xx_hal_uart.o(.rev16_text), (4 bytes).
    Removing stm32f1xx_hal_uart.o(.revsh_text), (4 bytes).
    Removing stm32f1xx_hal_uart.o(.rrx_text), (6 bytes).
    Removing stm32f1xx_hal_uart.o(i.HAL_HalfDuplex_EnableReceiver), (68 bytes).
    Removing stm32f1xx_hal_uart.o(i.HAL_HalfDuplex_EnableTransmitter), (68 bytes).
    Removing stm32f1xx_hal_uart.o(i.HAL_HalfDuplex_Init), (122 bytes).
    Removing stm32f1xx_hal_uart.o(i.HAL_LIN_Init), (146 bytes).
    Removing stm32f1xx_hal_uart.o(i.HAL_LIN_SendBreak), (80 bytes).
    Removing stm32f1xx_hal_uart.o(i.HAL_MultiProcessor_EnterMuteMode), (82 bytes).
    Removing stm32f1xx_hal_uart.o(i.HAL_MultiProcessor_ExitMuteMode), (82 bytes).
    Removing stm32f1xx_hal_uart.o(i.HAL_MultiProcessor_Init), (158 bytes).
    Removing stm32f1xx_hal_uart.o(i.HAL_UARTEx_GetRxEventType), (6 bytes).
    Removing stm32f1xx_hal_uart.o(i.HAL_UARTEx_ReceiveToIdle), (296 bytes).
    Removing stm32f1xx_hal_uart.o(i.HAL_UARTEx_ReceiveToIdle_DMA), (114 bytes).
    Removing stm32f1xx_hal_uart.o(i.HAL_UARTEx_ReceiveToIdle_IT), (114 bytes).
    Removing stm32f1xx_hal_uart.o(i.HAL_UART_Abort), (278 bytes).
    Removing stm32f1xx_hal_uart.o(i.HAL_UART_AbortCpltCallback), (2 bytes).
    Removing stm32f1xx_hal_uart.o(i.HAL_UART_AbortReceive), (194 bytes).
    Removing stm32f1xx_hal_uart.o(i.HAL_UART_AbortReceiveCpltCallback), (2 bytes).
    Removing stm32f1xx_hal_uart.o(i.HAL_UART_AbortReceive_IT), (216 bytes).
    Removing stm32f1xx_hal_uart.o(i.HAL_UART_AbortTransmit), (124 bytes).
    Removing stm32f1xx_hal_uart.o(i.HAL_UART_AbortTransmitCpltCallback), (2 bytes).
    Removing stm32f1xx_hal_uart.o(i.HAL_UART_AbortTransmit_IT), (144 bytes).
    Removing stm32f1xx_hal_uart.o(i.HAL_UART_Abort_IT), (328 bytes).
    Removing stm32f1xx_hal_uart.o(i.HAL_UART_DMAPause), (166 bytes).
    Removing stm32f1xx_hal_uart.o(i.HAL_UART_DMAResume), (170 bytes).
    Removing stm32f1xx_hal_uart.o(i.HAL_UART_DMAStop), (138 bytes).
    Removing stm32f1xx_hal_uart.o(i.HAL_UART_DeInit), (62 bytes).
    Removing stm32f1xx_hal_uart.o(i.HAL_UART_GetError), (6 bytes).
    Removing stm32f1xx_hal_uart.o(i.HAL_UART_MspDeInit), (2 bytes).
    Removing stm32f1xx_hal_uart.o(i.HAL_UART_MspInit), (2 bytes).
    Removing stm32f1xx_hal_uart.o(i.HAL_UART_Receive), (188 bytes).
    Removing stm32f1xx_hal_uart.o(i.HAL_UART_Receive_DMA), (44 bytes).
    Removing stm32f1xx_hal_uart.o(i.HAL_UART_RxCpltCallback), (2 bytes).
    Removing stm32f1xx_hal_uart.o(i.HAL_UART_RxHalfCpltCallback), (2 bytes).
    Removing stm32f1xx_hal_uart.o(i.HAL_UART_Transmit), (178 bytes).
    Removing stm32f1xx_hal_uart.o(i.HAL_UART_Transmit_DMA), (140 bytes).
    Removing stm32f1xx_hal_uart.o(i.HAL_UART_Transmit_IT), (56 bytes).
    Removing stm32f1xx_hal_uart.o(i.HAL_UART_TxHalfCpltCallback), (2 bytes).
    Removing stm32f1xx_hal_uart.o(i.UART_DMAError), (80 bytes).
    Removing stm32f1xx_hal_uart.o(i.UART_DMAReceiveCplt), (180 bytes).
    Removing stm32f1xx_hal_uart.o(i.UART_DMARxAbortCallback), (56 bytes).
    Removing stm32f1xx_hal_uart.o(i.UART_DMARxHalfCplt), (36 bytes).
    Removing stm32f1xx_hal_uart.o(i.UART_DMARxOnlyAbortCallback), (28 bytes).
    Removing stm32f1xx_hal_uart.o(i.UART_DMATransmitCplt), (88 bytes).
    Removing stm32f1xx_hal_uart.o(i.UART_DMATxAbortCallback), (56 bytes).
    Removing stm32f1xx_hal_uart.o(i.UART_DMATxHalfCplt), (14 bytes).
    Removing stm32f1xx_hal_uart.o(i.UART_DMATxOnlyAbortCallback), (24 bytes).
    Removing stm32f1xx_hal_uart.o(i.UART_EndTxTransfer), (38 bytes).
    Removing stm32f1xx_hal_uart.o(i.UART_Start_Receive_DMA), (200 bytes).
    Removing stm32f1xx_hal_uart.o(i.UART_WaitOnFlagUntilTimeout), (146 bytes).
    Removing stm32f1xx_hal_usart.o(.rev16_text), (4 bytes).
    Removing stm32f1xx_hal_usart.o(.revsh_text), (4 bytes).
    Removing stm32f1xx_hal_usart.o(.rrx_text), (6 bytes).
    Removing stm32f1xx_hal_usart.o(i.HAL_USART_Abort), (122 bytes).
    Removing stm32f1xx_hal_usart.o(i.HAL_USART_AbortCpltCallback), (2 bytes).
    Removing stm32f1xx_hal_usart.o(i.HAL_USART_Abort_IT), (212 bytes).
    Removing stm32f1xx_hal_usart.o(i.HAL_USART_DMAPause), (50 bytes).
    Removing stm32f1xx_hal_usart.o(i.HAL_USART_DMAResume), (50 bytes).
    Removing stm32f1xx_hal_usart.o(i.HAL_USART_DMAStop), (102 bytes).
    Removing stm32f1xx_hal_usart.o(i.HAL_USART_DeInit), (54 bytes).
    Removing stm32f1xx_hal_usart.o(i.HAL_USART_ErrorCallback), (2 bytes).
    Removing stm32f1xx_hal_usart.o(i.HAL_USART_GetError), (6 bytes).
    Removing stm32f1xx_hal_usart.o(i.HAL_USART_GetState), (8 bytes).
    Removing stm32f1xx_hal_usart.o(i.HAL_USART_IRQHandler), (388 bytes).
    Removing stm32f1xx_hal_usart.o(i.HAL_USART_Init), (90 bytes).
    Removing stm32f1xx_hal_usart.o(i.HAL_USART_MspDeInit), (2 bytes).
    Removing stm32f1xx_hal_usart.o(i.HAL_USART_MspInit), (2 bytes).
    Removing stm32f1xx_hal_usart.o(i.HAL_USART_Receive), (238 bytes).
    Removing stm32f1xx_hal_usart.o(i.HAL_USART_Receive_DMA), (252 bytes).
    Removing stm32f1xx_hal_usart.o(i.HAL_USART_Receive_IT), (126 bytes).
    Removing stm32f1xx_hal_usart.o(i.HAL_USART_RxCpltCallback), (2 bytes).
    Removing stm32f1xx_hal_usart.o(i.HAL_USART_RxHalfCpltCallback), (2 bytes).
    Removing stm32f1xx_hal_usart.o(i.HAL_USART_Transmit), (204 bytes).
    Removing stm32f1xx_hal_usart.o(i.HAL_USART_TransmitReceive), (344 bytes).
    Removing stm32f1xx_hal_usart.o(i.HAL_USART_TransmitReceive_DMA), (272 bytes).
    Removing stm32f1xx_hal_usart.o(i.HAL_USART_TransmitReceive_IT), (136 bytes).
    Removing stm32f1xx_hal_usart.o(i.HAL_USART_Transmit_DMA), (156 bytes).
    Removing stm32f1xx_hal_usart.o(i.HAL_USART_Transmit_IT), (88 bytes).
    Removing stm32f1xx_hal_usart.o(i.HAL_USART_TxCpltCallback), (2 bytes).
    Removing stm32f1xx_hal_usart.o(i.HAL_USART_TxHalfCpltCallback), (2 bytes).
    Removing stm32f1xx_hal_usart.o(i.HAL_USART_TxRxCpltCallback), (2 bytes).
    Removing stm32f1xx_hal_usart.o(i.USART_DMAAbortOnError), (20 bytes).
    Removing stm32f1xx_hal_usart.o(i.USART_DMAError), (84 bytes).
    Removing stm32f1xx_hal_usart.o(i.USART_DMAReceiveCplt), (122 bytes).
    Removing stm32f1xx_hal_usart.o(i.USART_DMARxAbortCallback), (48 bytes).
    Removing stm32f1xx_hal_usart.o(i.USART_DMARxHalfCplt), (14 bytes).
    Removing stm32f1xx_hal_usart.o(i.USART_DMATransmitCplt), (70 bytes).
    Removing stm32f1xx_hal_usart.o(i.USART_DMATxAbortCallback), (48 bytes).
    Removing stm32f1xx_hal_usart.o(i.USART_DMATxHalfCplt), (14 bytes).
    Removing stm32f1xx_hal_usart.o(i.USART_EndRxTransfer), (32 bytes).
    Removing stm32f1xx_hal_usart.o(i.USART_EndTransmit_IT), (44 bytes).
    Removing stm32f1xx_hal_usart.o(i.USART_EndTxTransfer), (20 bytes).
    Removing stm32f1xx_hal_usart.o(i.USART_Receive_IT), (166 bytes).
    Removing stm32f1xx_hal_usart.o(i.USART_SetConfig), (444 bytes).
    Removing stm32f1xx_hal_usart.o(i.USART_TransmitReceive_IT), (254 bytes).
    Removing stm32f1xx_hal_usart.o(i.USART_Transmit_IT), (96 bytes).
    Removing stm32f1xx_hal_usart.o(i.USART_WaitOnFlagUntilTimeout), (128 bytes).
    Removing stm32f1xx_hal_dma.o(.rev16_text), (4 bytes).
    Removing stm32f1xx_hal_dma.o(.revsh_text), (4 bytes).
    Removing stm32f1xx_hal_dma.o(.rrx_text), (6 bytes).
    Removing stm32f1xx_hal_dma.o(i.DMA_SetConfig), (44 bytes).
    Removing stm32f1xx_hal_dma.o(i.HAL_DMA_DeInit), (104 bytes).
    Removing stm32f1xx_hal_dma.o(i.HAL_DMA_GetError), (6 bytes).
    Removing stm32f1xx_hal_dma.o(i.HAL_DMA_GetState), (8 bytes).
    Removing stm32f1xx_hal_dma.o(i.HAL_DMA_IRQHandler), (412 bytes).
    Removing stm32f1xx_hal_dma.o(i.HAL_DMA_Init), (104 bytes).
    Removing stm32f1xx_hal_dma.o(i.HAL_DMA_PollForTransfer), (692 bytes).
    Removing stm32f1xx_hal_dma.o(i.HAL_DMA_RegisterCallback), (90 bytes).
    Removing stm32f1xx_hal_dma.o(i.HAL_DMA_Start), (114 bytes).
    Removing stm32f1xx_hal_dma.o(i.HAL_DMA_Start_IT), (156 bytes).
    Removing stm32f1xx_hal_dma.o(i.HAL_DMA_UnRegisterCallback), (106 bytes).
    Removing croutine.o(.rev16_text), (4 bytes).
    Removing croutine.o(.revsh_text), (4 bytes).
    Removing croutine.o(.rrx_text), (6 bytes).
    Removing event_groups.o(.rev16_text), (4 bytes).
    Removing event_groups.o(.revsh_text), (4 bytes).
    Removing event_groups.o(.rrx_text), (6 bytes).
    Removing event_groups.o(i.prvTestWaitCondition), (30 bytes).
    Removing event_groups.o(i.vEventGroupClearBitsCallback), (16 bytes).
    Removing event_groups.o(i.vEventGroupDelete), (42 bytes).
    Removing event_groups.o(i.vEventGroupSetBitsCallback), (16 bytes).
    Removing event_groups.o(i.xEventGroupClearBits), (32 bytes).
    Removing event_groups.o(i.xEventGroupCreate), (26 bytes).
    Removing event_groups.o(i.xEventGroupGetBitsFromISR), (44 bytes).
    Removing event_groups.o(i.xEventGroupSetBits), (146 bytes).
    Removing event_groups.o(i.xEventGroupSync), (164 bytes).
    Removing event_groups.o(i.xEventGroupWaitBits), (200 bytes).
    Removing list.o(.rev16_text), (4 bytes).
    Removing list.o(.revsh_text), (4 bytes).
    Removing list.o(.rrx_text), (6 bytes).
    Removing list.o(i.vListInitialise), (26 bytes).
    Removing list.o(i.vListInitialiseItem), (6 bytes).
    Removing list.o(i.vListInsert), (52 bytes).
    Removing queue.o(.rev16_text), (4 bytes).
    Removing queue.o(.revsh_text), (4 bytes).
    Removing queue.o(.rrx_text), (6 bytes).
    Removing queue.o(i.pcQueueGetName), (44 bytes).
    Removing queue.o(i.prvCopyDataFromQueue), (42 bytes).
    Removing queue.o(i.prvCopyDataToQueue), (124 bytes).
    Removing queue.o(i.prvInitialiseMutex), (28 bytes).
    Removing queue.o(i.prvInitialiseNewQueue), (42 bytes).
    Removing queue.o(i.prvIsQueueEmpty), (26 bytes).
    Removing queue.o(i.prvIsQueueFull), (30 bytes).
    Removing queue.o(i.prvNotifyQueueSetContainer), (82 bytes).
    Removing queue.o(i.prvUnlockQueue), (146 bytes).
    Removing queue.o(i.uxQueueMessagesWaiting), (18 bytes).
    Removing queue.o(i.uxQueueMessagesWaitingFromISR), (6 bytes).
    Removing queue.o(i.uxQueueSpacesAvailable), (24 bytes).
    Removing queue.o(i.vQueueAddToRegistry), (44 bytes).
    Removing queue.o(i.vQueueDelete), (20 bytes).
    Removing queue.o(i.vQueueUnregisterQueue), (48 bytes).
    Removing queue.o(i.vQueueWaitForMessageRestricted), (74 bytes).
    Removing queue.o(i.xQueueAddToSet), (38 bytes).
    Removing queue.o(i.xQueueCreateCountingSemaphore), (26 bytes).
    Removing queue.o(i.xQueueCreateMutex), (34 bytes).
    Removing queue.o(i.xQueueCreateSet), (20 bytes).
    Removing queue.o(i.xQueueGenericCreate), (56 bytes).
    Removing queue.o(i.xQueueGenericReceive), (348 bytes).
    Removing queue.o(i.xQueueGenericReset), (128 bytes).
    Removing queue.o(i.xQueueGenericSend), (312 bytes).
    Removing queue.o(i.xQueueGenericSendFromISR), (156 bytes).
    Removing queue.o(i.xQueueGiveFromISR), (142 bytes).
    Removing queue.o(i.xQueueGiveMutexRecursive), (48 bytes).
    Removing queue.o(i.xQueueIsQueueEmptyFromISR), (14 bytes).
    Removing queue.o(i.xQueueIsQueueFullFromISR), (18 bytes).
    Removing queue.o(i.xQueuePeekFromISR), (74 bytes).
    Removing queue.o(i.xQueueReceiveFromISR), (130 bytes).
    Removing queue.o(i.xQueueRemoveFromSet), (48 bytes).
    Removing queue.o(i.xQueueSelectFromSet), (26 bytes).
    Removing queue.o(i.xQueueSelectFromSetFromISR), (22 bytes).
    Removing queue.o(i.xQueueTakeMutexRecursive), (58 bytes).
    Removing queue.o(.bss), (80 bytes).
    Removing tasks.o(.rev16_text), (4 bytes).
    Removing tasks.o(.revsh_text), (4 bytes).
    Removing tasks.o(.rrx_text), (6 bytes).
    Removing tasks.o(i.eTaskGetState), (108 bytes).
    Removing tasks.o(i.pcTaskGetName), (24 bytes).
    Removing tasks.o(i.prvAddCurrentTaskToDelayedList), (152 bytes).
    Removing tasks.o(i.prvAddNewTaskToReadyList), (180 bytes).
    Removing tasks.o(i.prvCheckTasksWaitingTermination), (100 bytes).
    Removing tasks.o(i.prvDeleteTCB), (18 bytes).
    Removing tasks.o(i.prvIdleTask), (40 bytes).
    Removing tasks.o(i.prvInitialiseNewTask), (134 bytes).
    Removing tasks.o(i.prvInitialiseTaskLists), (104 bytes).
    Removing tasks.o(i.prvTaskIsTaskSuspended), (64 bytes).
    Removing tasks.o(i.pvTaskIncrementMutexHeldCount), (32 bytes).
    Removing tasks.o(i.ulTaskNotifyTake), (116 bytes).
    Removing tasks.o(i.uxTaskGetNumberOfTasks), (12 bytes).
    Removing tasks.o(i.uxTaskPriorityGet), (36 bytes).
    Removing tasks.o(i.uxTaskPriorityGetFromISR), (56 bytes).
    Removing tasks.o(i.uxTaskResetEventItemValue), (28 bytes).
    Removing tasks.o(i.vTaskDelay), (52 bytes).
    Removing tasks.o(i.vTaskDelayUntil), (116 bytes).
    Removing tasks.o(i.vTaskDelete), (204 bytes).
    Removing tasks.o(i.vTaskEndScheduler), (36 bytes).
    Removing tasks.o(i.vTaskMissedYield), (12 bytes).
    Removing tasks.o(i.vTaskNotifyGiveFromISR), (180 bytes).
    Removing tasks.o(i.vTaskPlaceOnEventList), (32 bytes).
    Removing tasks.o(i.vTaskPlaceOnEventListRestricted), (40 bytes).
    Removing tasks.o(i.vTaskPlaceOnUnorderedEventList), (44 bytes).
    Removing tasks.o(i.vTaskPriorityInherit), (176 bytes).
    Removing tasks.o(i.vTaskPrioritySet), (244 bytes).
    Removing tasks.o(i.vTaskResume), (120 bytes).
    Removing tasks.o(i.vTaskSetTimeOutState), (24 bytes).
    Removing tasks.o(i.vTaskStartScheduler), (112 bytes).
    Removing tasks.o(i.vTaskSuspend), (188 bytes).
    Removing tasks.o(i.vTaskSuspendAll), (16 bytes).
    Removing tasks.o(i.xTaskCheckForTimeOut), (92 bytes).
    Removing tasks.o(i.xTaskCreate), (96 bytes).
    Removing tasks.o(i.xTaskGenericNotify), (196 bytes).
    Removing tasks.o(i.xTaskGenericNotifyFromISR), (252 bytes).
    Removing tasks.o(i.xTaskGetCurrentTaskHandle), (12 bytes).
    Removing tasks.o(i.xTaskGetSchedulerState), (32 bytes).
    Removing tasks.o(i.xTaskGetTickCount), (12 bytes).
    Removing tasks.o(i.xTaskGetTickCountFromISR), (12 bytes).
    Removing tasks.o(i.xTaskNotifyStateClear), (52 bytes).
    Removing tasks.o(i.xTaskNotifyWait), (160 bytes).
    Removing tasks.o(i.xTaskPriorityDisinherit), (132 bytes).
    Removing tasks.o(i.xTaskRemoveFromEventList), (128 bytes).
    Removing tasks.o(i.xTaskRemoveFromUnorderedEventList), (112 bytes).
    Removing tasks.o(i.xTaskResumeAll), (232 bytes).
    Removing tasks.o(i.xTaskResumeFromISR), (152 bytes).
    Removing timers.o(.rev16_text), (4 bytes).
    Removing timers.o(.revsh_text), (4 bytes).
    Removing timers.o(.rrx_text), (6 bytes).
    Removing timers.o(i.pcTimerGetName), (8 bytes).
    Removing timers.o(i.prvCheckForValidListAndQueue), (100 bytes).
    Removing timers.o(i.prvGetNextExpireTime), (40 bytes).
    Removing timers.o(i.prvInitialiseNewTimer), (46 bytes).
    Removing timers.o(i.prvInsertTimerInActiveList), (88 bytes).
    Removing timers.o(i.prvProcessExpiredTimer), (76 bytes).
    Removing timers.o(i.prvProcessReceivedCommands), (208 bytes).
    Removing timers.o(i.prvProcessTimerOrBlockTask), (116 bytes).
    Removing timers.o(i.prvSampleTimeNow), (44 bytes).
    Removing timers.o(i.prvSwitchTimerLists), (132 bytes).
    Removing timers.o(i.prvTimerTask), (26 bytes).
    Removing timers.o(i.pvTimerGetTimerID), (20 bytes).
    Removing timers.o(i.vTimerSetTimerID), (20 bytes).
    Removing timers.o(i.xTimerCreate), (48 bytes).
    Removing timers.o(i.xTimerCreateTimerTask), (60 bytes).
    Removing timers.o(i.xTimerGenericCommand), (108 bytes).
    Removing timers.o(i.xTimerGetExpiryTime), (8 bytes).
    Removing timers.o(i.xTimerGetPeriod), (8 bytes).
    Removing timers.o(i.xTimerGetTimerDaemonTaskHandle), (12 bytes).
    Removing timers.o(i.xTimerIsTimerActive), (32 bytes).
    Removing timers.o(i.xTimerPendFunctionCall), (52 bytes).
    Removing timers.o(i.xTimerPendFunctionCallFromISR), (52 bytes).
    Removing timers.o(.bss), (40 bytes).
    Removing timers.o(.data), (20 bytes).
    Removing heap_4.o(.rev16_text), (4 bytes).
    Removing heap_4.o(.revsh_text), (4 bytes).
    Removing heap_4.o(.rrx_text), (6 bytes).
    Removing heap_4.o(i.prvHeapInit), (124 bytes).
    Removing heap_4.o(i.prvInsertBlockIntoFreeList), (104 bytes).
    Removing heap_4.o(i.pvPortMalloc), (208 bytes).
    Removing heap_4.o(i.vPortFree), (72 bytes).
    Removing heap_4.o(i.vPortInitialiseBlocks), (2 bytes).
    Removing heap_4.o(i.xPortGetFreeHeapSize), (12 bytes).
    Removing heap_4.o(i.xPortGetMinimumEverFreeHeapSize), (12 bytes).
    Removing heap_4.o(.bss), (17408 bytes).
    Removing heap_4.o(.data), (24 bytes).
    Removing port.o(.rev16_text), (4 bytes).
    Removing port.o(.revsh_text), (4 bytes).
    Removing port.o(.rrx_text), (6 bytes).
    Removing port.o(i.prvTaskExitError), (22 bytes).
    Removing port.o(i.pxPortInitialiseStack), (36 bytes).
    Removing port.o(i.vPortEndScheduler), (2 bytes).
    Removing port.o(i.vPortEnterCritical), (36 bytes).
    Removing port.o(i.vPortExitCritical), (32 bytes).
    Removing port.o(i.vPortSetupTimerInterrupt), (20 bytes).
    Removing port.o(i.xPortStartScheduler), (52 bytes).
    Removing port.o(.data), (4 bytes).
    Removing pwm.o(.rev16_text), (4 bytes).
    Removing pwm.o(.revsh_text), (4 bytes).
    Removing pwm.o(.rrx_text), (6 bytes).
    Removing gpio.o(.rev16_text), (4 bytes).
    Removing gpio.o(.revsh_text), (4 bytes).
    Removing gpio.o(.rrx_text), (6 bytes).
    Removing motor.o(.rev16_text), (4 bytes).
    Removing motor.o(.revsh_text), (4 bytes).
    Removing motor.o(.rrx_text), (6 bytes).

710 unused section(s) (total 76644 bytes) removed from the image.

==============================================================================

Image Symbol Table

    Local Symbols

    Symbol Name                              Value     Ov Type        Size  Object(Section)

    ../clib/microlib/init/entry.s            0x00000000   Number         0  entry10a.o ABSOLUTE
    ../clib/microlib/init/entry.s            0x00000000   Number         0  entry9b.o ABSOLUTE
    ../clib/microlib/init/entry.s            0x00000000   Number         0  entry9a.o ABSOLUTE
    ../clib/microlib/init/entry.s            0x00000000   Number         0  entry8b.o ABSOLUTE
    ../clib/microlib/init/entry.s            0x00000000   Number         0  entry8a.o ABSOLUTE
    ../clib/microlib/init/entry.s            0x00000000   Number         0  entry.o ABSOLUTE
    ../clib/microlib/init/entry.s            0x00000000   Number         0  entry2.o ABSOLUTE
    ../clib/microlib/init/entry.s            0x00000000   Number         0  entry5.o ABSOLUTE
    ../clib/microlib/init/entry.s            0x00000000   Number         0  entry7a.o ABSOLUTE
    ../clib/microlib/init/entry.s            0x00000000   Number         0  entry11b.o ABSOLUTE
    ../clib/microlib/init/entry.s            0x00000000   Number         0  entry7b.o ABSOLUTE
    ../clib/microlib/init/entry.s            0x00000000   Number         0  entry11a.o ABSOLUTE
    ../clib/microlib/init/entry.s            0x00000000   Number         0  entry10b.o ABSOLUTE
    ../clib/microlib/longlong.c              0x00000000   Number         0  llushr.o ABSOLUTE
    ../clib/microlib/string/memcpy.c         0x00000000   Number         0  memcpya.o ABSOLUTE
    ../clib/microlib/string/memcpy.c         0x00000000   Number         0  memcpyb.o ABSOLUTE
    ../clib/microlib/string/memset.c         0x00000000   Number         0  memseta.o ABSOLUTE
    ../clib/microlib/stubs.s                 0x00000000   Number         0  useno.o ABSOLUTE
    ..\..\Driver\BSP\GPIO.c                  0x00000000   Number         0  gpio.o ABSOLUTE
    ..\..\Driver\BSP\pwm.c                   0x00000000   Number         0  pwm.o ABSOLUTE
    ..\..\Driver\CMSIS\Device\ST\STM32F1xx\Source\Templates\arm\startup_stm32f103xb.s 0x00000000   Number         0  startup_stm32f103xb.o ABSOLUTE
    ..\..\Driver\CMSIS\Device\ST\STM32F1xx\Source\Templates\system_stm32f1xx.c 0x00000000   Number         0  system_stm32f1xx.o ABSOLUTE
    ..\..\Driver\FreeRTOS\port\MemMang\heap_4.c 0x00000000   Number         0  heap_4.o ABSOLUTE
    ..\..\Driver\FreeRTOS\port\RVDS\ARM_CM3\port.c 0x00000000   Number         0  port.o ABSOLUTE
    ..\..\Driver\FreeRTOS\src\croutine.c     0x00000000   Number         0  croutine.o ABSOLUTE
    ..\..\Driver\FreeRTOS\src\event_groups.c 0x00000000   Number         0  event_groups.o ABSOLUTE
    ..\..\Driver\FreeRTOS\src\list.c         0x00000000   Number         0  list.o ABSOLUTE
    ..\..\Driver\FreeRTOS\src\queue.c        0x00000000   Number         0  queue.o ABSOLUTE
    ..\..\Driver\FreeRTOS\src\tasks.c        0x00000000   Number         0  tasks.o ABSOLUTE
    ..\..\Driver\FreeRTOS\src\timers.c       0x00000000   Number         0  timers.o ABSOLUTE
    ..\..\Driver\Hardware\motor.c            0x00000000   Number         0  motor.o ABSOLUTE
    ..\..\Driver\STM32F1XX_HAL_Driver\Src\stm32f1xx_hal.c 0x00000000   Number         0  stm32f1xx_hal.o ABSOLUTE
    ..\..\Driver\STM32F1XX_HAL_Driver\Src\stm32f1xx_hal_cortex.c 0x00000000   Number         0  stm32f1xx_hal_cortex.o ABSOLUTE
    ..\..\Driver\STM32F1XX_HAL_Driver\Src\stm32f1xx_hal_dma.c 0x00000000   Number         0  stm32f1xx_hal_dma.o ABSOLUTE
    ..\..\Driver\STM32F1XX_HAL_Driver\Src\stm32f1xx_hal_exti.c 0x00000000   Number         0  stm32f1xx_hal_exti.o ABSOLUTE
    ..\..\Driver\STM32F1XX_HAL_Driver\Src\stm32f1xx_hal_flash.c 0x00000000   Number         0  stm32f1xx_hal_flash.o ABSOLUTE
    ..\..\Driver\STM32F1XX_HAL_Driver\Src\stm32f1xx_hal_flash_ex.c 0x00000000   Number         0  stm32f1xx_hal_flash_ex.o ABSOLUTE
    ..\..\Driver\STM32F1XX_HAL_Driver\Src\stm32f1xx_hal_gpio.c 0x00000000   Number         0  stm32f1xx_hal_gpio.o ABSOLUTE
    ..\..\Driver\STM32F1XX_HAL_Driver\Src\stm32f1xx_hal_gpio_ex.c 0x00000000   Number         0  stm32f1xx_hal_gpio_ex.o ABSOLUTE
    ..\..\Driver\STM32F1XX_HAL_Driver\Src\stm32f1xx_hal_pwr.c 0x00000000   Number         0  stm32f1xx_hal_pwr.o ABSOLUTE
    ..\..\Driver\STM32F1XX_HAL_Driver\Src\stm32f1xx_hal_rcc.c 0x00000000   Number         0  stm32f1xx_hal_rcc.o ABSOLUTE
    ..\..\Driver\STM32F1XX_HAL_Driver\Src\stm32f1xx_hal_rcc_ex.c 0x00000000   Number         0  stm32f1xx_hal_rcc_ex.o ABSOLUTE
    ..\..\Driver\STM32F1XX_HAL_Driver\Src\stm32f1xx_hal_rtc.c 0x00000000   Number         0  stm32f1xx_hal_rtc.o ABSOLUTE
    ..\..\Driver\STM32F1XX_HAL_Driver\Src\stm32f1xx_hal_rtc_ex.c 0x00000000   Number         0  stm32f1xx_hal_rtc_ex.o ABSOLUTE
    ..\..\Driver\STM32F1XX_HAL_Driver\Src\stm32f1xx_hal_spi.c 0x00000000   Number         0  stm32f1xx_hal_spi.o ABSOLUTE
    ..\..\Driver\STM32F1XX_HAL_Driver\Src\stm32f1xx_hal_tim.c 0x00000000   Number         0  stm32f1xx_hal_tim.o ABSOLUTE
    ..\..\Driver\STM32F1XX_HAL_Driver\Src\stm32f1xx_hal_tim_ex.c 0x00000000   Number         0  stm32f1xx_hal_tim_ex.o ABSOLUTE
    ..\..\Driver\STM32F1XX_HAL_Driver\Src\stm32f1xx_hal_uart.c 0x00000000   Number         0  stm32f1xx_hal_uart.o ABSOLUTE
    ..\..\Driver\STM32F1XX_HAL_Driver\Src\stm32f1xx_hal_usart.c 0x00000000   Number         0  stm32f1xx_hal_usart.o ABSOLUTE
    ..\..\Driver\SYSTEM\delay\delay.c        0x00000000   Number         0  delay.o ABSOLUTE
    ..\..\Driver\SYSTEM\sys\sys.c            0x00000000   Number         0  sys.o ABSOLUTE
    ..\..\Driver\SYSTEM\usart\usart.c        0x00000000   Number         0  usart.o ABSOLUTE
    ..\..\Users\main.c                       0x00000000   Number         0  main.o ABSOLUTE
    ..\..\Users\stm32f1xx_it.c               0x00000000   Number         0  stm32f1xx_it.o ABSOLUTE
    ..\\..\\Driver\\BSP\\GPIO.c              0x00000000   Number         0  gpio.o ABSOLUTE
    ..\\..\\Driver\\BSP\\pwm.c               0x00000000   Number         0  pwm.o ABSOLUTE
    ..\\..\\Driver\\CMSIS\\Device\\ST\\STM32F1xx\\Source\\Templates\\system_stm32f1xx.c 0x00000000   Number         0  system_stm32f1xx.o ABSOLUTE
    ..\\..\\Driver\\FreeRTOS\\port\\MemMang\\heap_4.c 0x00000000   Number         0  heap_4.o ABSOLUTE
    ..\\..\\Driver\\FreeRTOS\\port\\RVDS\\ARM_CM3\\port.c 0x00000000   Number         0  port.o ABSOLUTE
    ..\\..\\Driver\\FreeRTOS\\src\\croutine.c 0x00000000   Number         0  croutine.o ABSOLUTE
    ..\\..\\Driver\\FreeRTOS\\src\\event_groups.c 0x00000000   Number         0  event_groups.o ABSOLUTE
    ..\\..\\Driver\\FreeRTOS\\src\\list.c    0x00000000   Number         0  list.o ABSOLUTE
    ..\\..\\Driver\\FreeRTOS\\src\\queue.c   0x00000000   Number         0  queue.o ABSOLUTE
    ..\\..\\Driver\\FreeRTOS\\src\\tasks.c   0x00000000   Number         0  tasks.o ABSOLUTE
    ..\\..\\Driver\\FreeRTOS\\src\\timers.c  0x00000000   Number         0  timers.o ABSOLUTE
    ..\\..\\Driver\\Hardware\\motor.c        0x00000000   Number         0  motor.o ABSOLUTE
    ..\\..\\Driver\\STM32F1XX_HAL_Driver\\Src\\stm32f1xx_hal.c 0x00000000   Number         0  stm32f1xx_hal.o ABSOLUTE
    ..\\..\\Driver\\STM32F1XX_HAL_Driver\\Src\\stm32f1xx_hal_cortex.c 0x00000000   Number         0  stm32f1xx_hal_cortex.o ABSOLUTE
    ..\\..\\Driver\\STM32F1XX_HAL_Driver\\Src\\stm32f1xx_hal_dma.c 0x00000000   Number         0  stm32f1xx_hal_dma.o ABSOLUTE
    ..\\..\\Driver\\STM32F1XX_HAL_Driver\\Src\\stm32f1xx_hal_exti.c 0x00000000   Number         0  stm32f1xx_hal_exti.o ABSOLUTE
    ..\\..\\Driver\\STM32F1XX_HAL_Driver\\Src\\stm32f1xx_hal_flash.c 0x00000000   Number         0  stm32f1xx_hal_flash.o ABSOLUTE
    ..\\..\\Driver\\STM32F1XX_HAL_Driver\\Src\\stm32f1xx_hal_flash_ex.c 0x00000000   Number         0  stm32f1xx_hal_flash_ex.o ABSOLUTE
    ..\\..\\Driver\\STM32F1XX_HAL_Driver\\Src\\stm32f1xx_hal_gpio.c 0x00000000   Number         0  stm32f1xx_hal_gpio.o ABSOLUTE
    ..\\..\\Driver\\STM32F1XX_HAL_Driver\\Src\\stm32f1xx_hal_gpio_ex.c 0x00000000   Number         0  stm32f1xx_hal_gpio_ex.o ABSOLUTE
    ..\\..\\Driver\\STM32F1XX_HAL_Driver\\Src\\stm32f1xx_hal_pwr.c 0x00000000   Number         0  stm32f1xx_hal_pwr.o ABSOLUTE
    ..\\..\\Driver\\STM32F1XX_HAL_Driver\\Src\\stm32f1xx_hal_rcc.c 0x00000000   Number         0  stm32f1xx_hal_rcc.o ABSOLUTE
    ..\\..\\Driver\\STM32F1XX_HAL_Driver\\Src\\stm32f1xx_hal_rcc_ex.c 0x00000000   Number         0  stm32f1xx_hal_rcc_ex.o ABSOLUTE
    ..\\..\\Driver\\STM32F1XX_HAL_Driver\\Src\\stm32f1xx_hal_rtc.c 0x00000000   Number         0  stm32f1xx_hal_rtc.o ABSOLUTE
    ..\\..\\Driver\\STM32F1XX_HAL_Driver\\Src\\stm32f1xx_hal_rtc_ex.c 0x00000000   Number         0  stm32f1xx_hal_rtc_ex.o ABSOLUTE
    ..\\..\\Driver\\STM32F1XX_HAL_Driver\\Src\\stm32f1xx_hal_spi.c 0x00000000   Number         0  stm32f1xx_hal_spi.o ABSOLUTE
    ..\\..\\Driver\\STM32F1XX_HAL_Driver\\Src\\stm32f1xx_hal_tim.c 0x00000000   Number         0  stm32f1xx_hal_tim.o ABSOLUTE
    ..\\..\\Driver\\STM32F1XX_HAL_Driver\\Src\\stm32f1xx_hal_tim_ex.c 0x00000000   Number         0  stm32f1xx_hal_tim_ex.o ABSOLUTE
    ..\\..\\Driver\\STM32F1XX_HAL_Driver\\Src\\stm32f1xx_hal_uart.c 0x00000000   Number         0  stm32f1xx_hal_uart.o ABSOLUTE
    ..\\..\\Driver\\STM32F1XX_HAL_Driver\\Src\\stm32f1xx_hal_usart.c 0x00000000   Number         0  stm32f1xx_hal_usart.o ABSOLUTE
    ..\\..\\Driver\\SYSTEM\\delay\\delay.c   0x00000000   Number         0  delay.o ABSOLUTE
    ..\\..\\Driver\\SYSTEM\\sys\\sys.c       0x00000000   Number         0  sys.o ABSOLUTE
    ..\\..\\Driver\\SYSTEM\\usart\\usart.c   0x00000000   Number         0  usart.o ABSOLUTE
    ..\\..\\Users\\main.c                    0x00000000   Number         0  main.o ABSOLUTE
    ..\\..\\Users\\stm32f1xx_it.c            0x00000000   Number         0  stm32f1xx_it.o ABSOLUTE
    dc.s                                     0x00000000   Number         0  dc.o ABSOLUTE
    handlers.s                               0x00000000   Number         0  handlers.o ABSOLUTE
    init.s                                   0x00000000   Number         0  init.o ABSOLUTE
    RESET                                    0x08000000   Section      236  startup_stm32f103xb.o(RESET)
    .ARM.Collect$$$$00000000                 0x080000ec   Section        0  entry.o(.ARM.Collect$$$$00000000)
    .ARM.Collect$$$$00000001                 0x080000ec   Section        4  entry2.o(.ARM.Collect$$$$00000001)
    .ARM.Collect$$$$00000004                 0x080000f0   Section        4  entry5.o(.ARM.Collect$$$$00000004)
    .ARM.Collect$$$$00000008                 0x080000f4   Section        0  entry7b.o(.ARM.Collect$$$$00000008)
    .ARM.Collect$$$$0000000A                 0x080000f4   Section        0  entry8b.o(.ARM.Collect$$$$0000000A)
    .ARM.Collect$$$$0000000B                 0x080000f4   Section        8  entry9a.o(.ARM.Collect$$$$0000000B)
    .ARM.Collect$$$$0000000D                 0x080000fc   Section        0  entry10a.o(.ARM.Collect$$$$0000000D)
    .ARM.Collect$$$$0000000F                 0x080000fc   Section        0  entry11a.o(.ARM.Collect$$$$0000000F)
    .ARM.Collect$$$$00002712                 0x080000fc   Section        4  entry2.o(.ARM.Collect$$$$00002712)
    __lit__00000000                          0x080000fc   Data           4  entry2.o(.ARM.Collect$$$$00002712)
    .emb_text                                0x08000100   Section      150  port.o(.emb_text)
    .text                                    0x08000198   Section       36  startup_stm32f103xb.o(.text)
    .text                                    0x080001bc   Section        0  memseta.o(.text)
    .text                                    0x080001e0   Section       36  init.o(.text)
    i.BusFault_Handler                       0x08000204   Section        0  stm32f1xx_it.o(i.BusFault_Handler)
    i.DebugMon_Handler                       0x08000208   Section        0  stm32f1xx_it.o(i.DebugMon_Handler)
    i.HAL_DMA_Abort                          0x0800020a   Section        0  stm32f1xx_hal_dma.o(i.HAL_DMA_Abort)
    i.HAL_DMA_Abort_IT                       0x08000260   Section        0  stm32f1xx_hal_dma.o(i.HAL_DMA_Abort_IT)
    i.HAL_GPIO_Init                          0x08000310   Section        0  stm32f1xx_hal_gpio.o(i.HAL_GPIO_Init)
    i.HAL_GPIO_WritePin                      0x08000630   Section        0  stm32f1xx_hal_gpio.o(i.HAL_GPIO_WritePin)
    i.HAL_GetTick                            0x0800063c   Section        0  stm32f1xx_hal.o(i.HAL_GetTick)
    i.HAL_Init                               0x08000648   Section        0  stm32f1xx_hal.o(i.HAL_Init)
    i.HAL_InitTick                           0x08000670   Section        0  stm32f1xx_hal.o(i.HAL_InitTick)
    i.HAL_MspInit                            0x080006bc   Section        0  stm32f1xx_hal.o(i.HAL_MspInit)
    i.HAL_NVIC_EnableIRQ                     0x080006be   Section        0  stm32f1xx_hal_cortex.o(i.HAL_NVIC_EnableIRQ)
    i.HAL_NVIC_SetPriority                   0x080006de   Section        0  stm32f1xx_hal_cortex.o(i.HAL_NVIC_SetPriority)
    i.HAL_NVIC_SetPriorityGrouping           0x0800075c   Section        0  stm32f1xx_hal_cortex.o(i.HAL_NVIC_SetPriorityGrouping)
    i.HAL_RCC_ClockConfig                    0x08000784   Section        0  stm32f1xx_hal_rcc.o(i.HAL_RCC_ClockConfig)
    i.HAL_RCC_GetHCLKFreq                    0x08000910   Section        0  stm32f1xx_hal_rcc.o(i.HAL_RCC_GetHCLKFreq)
    i.HAL_RCC_GetPCLK1Freq                   0x0800091c   Section        0  stm32f1xx_hal_rcc.o(i.HAL_RCC_GetPCLK1Freq)
    i.HAL_RCC_GetPCLK2Freq                   0x0800093c   Section        0  stm32f1xx_hal_rcc.o(i.HAL_RCC_GetPCLK2Freq)
    i.HAL_RCC_GetSysClockFreq                0x0800095c   Section        0  stm32f1xx_hal_rcc.o(i.HAL_RCC_GetSysClockFreq)
    i.HAL_RCC_OscConfig                      0x080009cc   Section        0  stm32f1xx_hal_rcc.o(i.HAL_RCC_OscConfig)
    i.HAL_SYSTICK_CLKSourceConfig            0x08000e30   Section        0  stm32f1xx_hal_cortex.o(i.HAL_SYSTICK_CLKSourceConfig)
    i.HAL_SYSTICK_Config                     0x08000e58   Section        0  stm32f1xx_hal_cortex.o(i.HAL_SYSTICK_Config)
    i.HAL_TIMEx_MasterConfigSynchronization  0x08000e8c   Section        0  stm32f1xx_hal_tim_ex.o(i.HAL_TIMEx_MasterConfigSynchronization)
    i.HAL_TIM_Base_Init                      0x08000f10   Section        0  stm32f1xx_hal_tim.o(i.HAL_TIM_Base_Init)
    i.HAL_TIM_Base_MspInit                   0x08000f76   Section        0  stm32f1xx_hal_tim.o(i.HAL_TIM_Base_MspInit)
    i.HAL_TIM_Base_Start                     0x08000f78   Section        0  stm32f1xx_hal_tim.o(i.HAL_TIM_Base_Start)
    i.HAL_TIM_ConfigClockSource              0x08000fe4   Section        0  stm32f1xx_hal_tim.o(i.HAL_TIM_ConfigClockSource)
    i.HAL_TIM_PWM_ConfigChannel              0x080010f0   Section        0  stm32f1xx_hal_tim.o(i.HAL_TIM_PWM_ConfigChannel)
    i.HAL_TIM_PWM_Start                      0x080011f4   Section        0  stm32f1xx_hal_tim.o(i.HAL_TIM_PWM_Start)
    i.HAL_UARTEx_RxEventCallback             0x080012c8   Section        0  stm32f1xx_hal_uart.o(i.HAL_UARTEx_RxEventCallback)
    i.HAL_UART_ErrorCallback                 0x080012ca   Section        0  stm32f1xx_hal_uart.o(i.HAL_UART_ErrorCallback)
    i.HAL_UART_GetState                      0x080012cc   Section        0  stm32f1xx_hal_uart.o(i.HAL_UART_GetState)
    i.HAL_UART_IRQHandler                    0x080012e0   Section        0  stm32f1xx_hal_uart.o(i.HAL_UART_IRQHandler)
    i.HAL_UART_Init                          0x080015c4   Section        0  stm32f1xx_hal_uart.o(i.HAL_UART_Init)
    i.HAL_UART_MspInit                       0x0800163c   Section        0  usart.o(i.HAL_UART_MspInit)
    i.HAL_UART_Receive_IT                    0x080016e4   Section        0  stm32f1xx_hal_uart.o(i.HAL_UART_Receive_IT)
    i.HAL_UART_RxCpltCallback                0x08001710   Section        0  usart.o(i.HAL_UART_RxCpltCallback)
    i.HAL_UART_TxCpltCallback                0x08001798   Section        0  stm32f1xx_hal_uart.o(i.HAL_UART_TxCpltCallback)
    i.HardFault_Handler                      0x0800179a   Section        0  stm32f1xx_it.o(i.HardFault_Handler)
    i.MemManage_Handler                      0x0800179e   Section        0  stm32f1xx_it.o(i.MemManage_Handler)
    i.NMI_Handler                            0x080017a2   Section        0  stm32f1xx_it.o(i.NMI_Handler)
    i.RCC_Delay                              0x080017a4   Section        0  stm32f1xx_hal_rcc.o(i.RCC_Delay)
    RCC_Delay                                0x080017a5   Thumb Code    36  stm32f1xx_hal_rcc.o(i.RCC_Delay)
    i.Stm32_Clock_Init                       0x080017cc   Section        0  sys.o(i.Stm32_Clock_Init)
    i.SysTick_Handler                        0x08001824   Section        0  port.o(i.SysTick_Handler)
    i.SystemInit                             0x08001858   Section        0  system_stm32f1xx.o(i.SystemInit)
    i.TIM_Base_SetConfig                     0x0800185c   Section        0  stm32f1xx_hal_tim.o(i.TIM_Base_SetConfig)
    i.TIM_CCxChannelCmd                      0x080018d0   Section        0  stm32f1xx_hal_tim.o(i.TIM_CCxChannelCmd)
    i.TIM_ETR_SetConfig                      0x080018f2   Section        0  stm32f1xx_hal_tim.o(i.TIM_ETR_SetConfig)
    i.TIM_ITRx_SetConfig                     0x08001908   Section        0  stm32f1xx_hal_tim.o(i.TIM_ITRx_SetConfig)
    TIM_ITRx_SetConfig                       0x08001909   Thumb Code    18  stm32f1xx_hal_tim.o(i.TIM_ITRx_SetConfig)
    i.TIM_OC1_SetConfig                      0x0800191c   Section        0  stm32f1xx_hal_tim.o(i.TIM_OC1_SetConfig)
    TIM_OC1_SetConfig                        0x0800191d   Thumb Code    90  stm32f1xx_hal_tim.o(i.TIM_OC1_SetConfig)
    i.TIM_OC2_SetConfig                      0x0800197c   Section        0  stm32f1xx_hal_tim.o(i.TIM_OC2_SetConfig)
    i.TIM_OC3_SetConfig                      0x080019e4   Section        0  stm32f1xx_hal_tim.o(i.TIM_OC3_SetConfig)
    TIM_OC3_SetConfig                        0x080019e5   Thumb Code    98  stm32f1xx_hal_tim.o(i.TIM_OC3_SetConfig)
    i.TIM_OC4_SetConfig                      0x08001a4c   Section        0  stm32f1xx_hal_tim.o(i.TIM_OC4_SetConfig)
    TIM_OC4_SetConfig                        0x08001a4d   Thumb Code    68  stm32f1xx_hal_tim.o(i.TIM_OC4_SetConfig)
    i.TIM_TI1_ConfigInputStage               0x08001a94   Section        0  stm32f1xx_hal_tim.o(i.TIM_TI1_ConfigInputStage)
    TIM_TI1_ConfigInputStage                 0x08001a95   Thumb Code    38  stm32f1xx_hal_tim.o(i.TIM_TI1_ConfigInputStage)
    i.TIM_TI2_ConfigInputStage               0x08001aba   Section        0  stm32f1xx_hal_tim.o(i.TIM_TI2_ConfigInputStage)
    TIM_TI2_ConfigInputStage                 0x08001abb   Thumb Code    40  stm32f1xx_hal_tim.o(i.TIM_TI2_ConfigInputStage)
    i.UART_DMAAbortOnError                   0x08001ae2   Section        0  stm32f1xx_hal_uart.o(i.UART_DMAAbortOnError)
    UART_DMAAbortOnError                     0x08001ae3   Thumb Code    20  stm32f1xx_hal_uart.o(i.UART_DMAAbortOnError)
    i.UART_EndRxTransfer                     0x08001af6   Section        0  stm32f1xx_hal_uart.o(i.UART_EndRxTransfer)
    UART_EndRxTransfer                       0x08001af7   Thumb Code   108  stm32f1xx_hal_uart.o(i.UART_EndRxTransfer)
    i.UART_EndTransmit_IT                    0x08001b62   Section        0  stm32f1xx_hal_uart.o(i.UART_EndTransmit_IT)
    UART_EndTransmit_IT                      0x08001b63   Thumb Code    32  stm32f1xx_hal_uart.o(i.UART_EndTransmit_IT)
    i.UART_Receive_IT                        0x08001b82   Section        0  stm32f1xx_hal_uart.o(i.UART_Receive_IT)
    UART_Receive_IT                          0x08001b83   Thumb Code   252  stm32f1xx_hal_uart.o(i.UART_Receive_IT)
    i.UART_SetConfig                         0x08001c80   Section        0  stm32f1xx_hal_uart.o(i.UART_SetConfig)
    UART_SetConfig                           0x08001c81   Thumb Code   248  stm32f1xx_hal_uart.o(i.UART_SetConfig)
    i.UART_Start_Receive_IT                  0x08001d7c   Section        0  stm32f1xx_hal_uart.o(i.UART_Start_Receive_IT)
    i.UART_Transmit_IT                       0x08001dbc   Section        0  stm32f1xx_hal_uart.o(i.UART_Transmit_IT)
    UART_Transmit_IT                         0x08001dbd   Thumb Code    96  stm32f1xx_hal_uart.o(i.UART_Transmit_IT)
    i.USART1_IRQHandler                      0x08001e1c   Section        0  usart.o(i.USART1_IRQHandler)
    i.UsageFault_Handler                     0x08001e5c   Section        0  stm32f1xx_it.o(i.UsageFault_Handler)
    i.__NVIC_GetPriorityGrouping             0x08001e60   Section        0  stm32f1xx_hal_cortex.o(i.__NVIC_GetPriorityGrouping)
    __NVIC_GetPriorityGrouping               0x08001e61   Thumb Code    10  stm32f1xx_hal_cortex.o(i.__NVIC_GetPriorityGrouping)
    i.__NVIC_SetPriority                     0x08001e70   Section        0  stm32f1xx_hal_cortex.o(i.__NVIC_SetPriority)
    __NVIC_SetPriority                       0x08001e71   Thumb Code    32  stm32f1xx_hal_cortex.o(i.__NVIC_SetPriority)
    i.__scatterload_copy                     0x08001e98   Section       14  handlers.o(i.__scatterload_copy)
    i.__scatterload_null                     0x08001ea6   Section        2  handlers.o(i.__scatterload_null)
    i.__scatterload_zeroinit                 0x08001ea8   Section       14  handlers.o(i.__scatterload_zeroinit)
    i.delay_init                             0x08001eb8   Section        0  delay.o(i.delay_init)
    i.delay_ms                               0x08001ecc   Section        0  delay.o(i.delay_ms)
    i.delay_us                               0x08001ee4   Section        0  delay.o(i.delay_us)
    i.led_init                               0x08001f2c   Section        0  main.o(i.led_init)
    i.main                                   0x08001f70   Section        0  main.o(i.main)
    i.motor_GPIO_init                        0x08001fcc   Section        0  gpio.o(i.motor_GPIO_init)
    i.motor_init                             0x08002040   Section        0  motor.o(i.motor_init)
    i.prvResetNextTaskUnblockTime            0x0800204c   Section        0  tasks.o(i.prvResetNextTaskUnblockTime)
    prvResetNextTaskUnblockTime              0x0800204d   Thumb Code    42  tasks.o(i.prvResetNextTaskUnblockTime)
    i.pwm_init                               0x08002080   Section        0  pwm.o(i.pwm_init)
    i.set_PWM_duty                           0x08002188   Section        0  pwm.o(i.set_PWM_duty)
    i.set_motor_dir                          0x080021b8   Section        0  motor.o(i.set_motor_dir)
    i.set_motor_speed                        0x08002280   Section        0  motor.o(i.set_motor_speed)
    i.uart_init                              0x080022a8   Section        0  usart.o(i.uart_init)
    i.uxListRemove                           0x080022e0   Section        0  list.o(i.uxListRemove)
    i.vListInsertEnd                         0x08002308   Section        0  list.o(i.vListInsertEnd)
    i.vTaskSwitchContext                     0x08002320   Section        0  tasks.o(i.vTaskSwitchContext)
    i.xTaskIncrementTick                     0x08002380   Section        0  tasks.o(i.xTaskIncrementTick)
    .constdata                               0x0800249c   Section       24  system_stm32f1xx.o(.constdata)
    .constdata                               0x080024b4   Section       18  stm32f1xx_hal_rcc.o(.constdata)
    aPLLMULFactorTable                       0x080024b4   Data          16  stm32f1xx_hal_rcc.o(.constdata)
    aPredivFactorTable                       0x080024c4   Data           2  stm32f1xx_hal_rcc.o(.constdata)
    .data                                    0x20000000   Section        4  system_stm32f1xx.o(.data)
    .data                                    0x20000004   Section        4  delay.o(.data)
    fac_us                                   0x20000004   Data           4  delay.o(.data)
    .data                                    0x20000008   Section        7  usart.o(.data)
    .data                                    0x20000010   Section        9  stm32f1xx_hal.o(.data)
    .data                                    0x2000001c   Section       60  tasks.o(.data)
    pxDelayedTaskList                        0x20000020   Data           4  tasks.o(.data)
    pxOverflowDelayedTaskList                0x20000024   Data           4  tasks.o(.data)
    uxDeletedTasksWaitingCleanUp             0x20000028   Data           4  tasks.o(.data)
    uxCurrentNumberOfTasks                   0x2000002c   Data           4  tasks.o(.data)
    xTickCount                               0x20000030   Data           4  tasks.o(.data)
    uxTopReadyPriority                       0x20000034   Data           4  tasks.o(.data)
    xSchedulerRunning                        0x20000038   Data           4  tasks.o(.data)
    uxPendedTicks                            0x2000003c   Data           4  tasks.o(.data)
    xYieldPending                            0x20000040   Data           4  tasks.o(.data)
    xNumOfOverflows                          0x20000044   Data           4  tasks.o(.data)
    uxTaskNumber                             0x20000048   Data           4  tasks.o(.data)
    xNextTaskUnblockTime                     0x2000004c   Data           4  tasks.o(.data)
    xIdleTaskHandle                          0x20000050   Data           4  tasks.o(.data)
    uxSchedulerSuspended                     0x20000054   Data           4  tasks.o(.data)
    .bss                                     0x20000058   Section      272  usart.o(.bss)
    .bss                                     0x20000168   Section      200  tasks.o(.bss)
    pxReadyTasksLists                        0x20000168   Data         100  tasks.o(.bss)
    xDelayedTaskList1                        0x200001cc   Data          20  tasks.o(.bss)
    xDelayedTaskList2                        0x200001e0   Data          20  tasks.o(.bss)
    xPendingReadyList                        0x200001f4   Data          20  tasks.o(.bss)
    xTasksWaitingTermination                 0x20000208   Data          20  tasks.o(.bss)
    xSuspendedTaskList                       0x2000021c   Data          20  tasks.o(.bss)
    .bss                                     0x20000230   Section       72  pwm.o(.bss)
    STACK                                    0x20000278   Section     1024  startup_stm32f103xb.o(STACK)

    Global Symbols

    Symbol Name                              Value     Ov Type        Size  Object(Section)

    BuildAttributes$$THM_ISAv4$P$D$K$B$S$PE$A:L22UL41UL21$X:L11$S22US41US21$IEEE1$IW$USESV6$~STKCKD$USESV7$~SHL$OSPACE$EBA8$MICROLIB$REQ8$PRES8$EABIv2 0x00000000   Number         0  anon$$obj.o ABSOLUTE
    __ARM_use_no_argv                        0x00000000   Number         0  main.o ABSOLUTE
    __use_no_errno                           0x00000000   Number         0  useno.o ABSOLUTE
    __use_no_exception_handling              0x00000000   Number         0  useno.o ABSOLUTE
    __use_no_fp                              0x00000000   Number         0  useno.o ABSOLUTE
    __use_no_heap                            0x00000000   Number         0  useno.o ABSOLUTE
    __use_no_heap_region                     0x00000000   Number         0  useno.o ABSOLUTE
    __use_no_semihosting                     0x00000000   Number         0  useno.o ABSOLUTE
    __use_no_semihosting_swi                 0x00000000   Number         0  useno.o ABSOLUTE
    __use_no_signal_handling                 0x00000000   Number         0  useno.o ABSOLUTE
    __cpp_initialize__aeabi_                  - Undefined Weak Reference
    __cxa_finalize                            - Undefined Weak Reference
    __decompress                              - Undefined Weak Reference
    _clock_init                               - Undefined Weak Reference
    _microlib_exit                            - Undefined Weak Reference
    __Vectors_Size                           0x000000ec   Number         0  startup_stm32f103xb.o ABSOLUTE
    __Vectors                                0x08000000   Data           4  startup_stm32f103xb.o(RESET)
    __Vectors_End                            0x080000ec   Data           0  startup_stm32f103xb.o(RESET)
    __main                                   0x080000ed   Thumb Code     0  entry.o(.ARM.Collect$$$$00000000)
    _main_stk                                0x080000ed   Thumb Code     0  entry2.o(.ARM.Collect$$$$00000001)
    _main_scatterload                        0x080000f1   Thumb Code     0  entry5.o(.ARM.Collect$$$$00000004)
    __main_after_scatterload                 0x080000f5   Thumb Code     0  entry5.o(.ARM.Collect$$$$00000004)
    _main_clock                              0x080000f5   Thumb Code     0  entry7b.o(.ARM.Collect$$$$00000008)
    _main_cpp_init                           0x080000f5   Thumb Code     0  entry8b.o(.ARM.Collect$$$$0000000A)
    _main_init                               0x080000f5   Thumb Code     0  entry9a.o(.ARM.Collect$$$$0000000B)
    __rt_final_cpp                           0x080000fd   Thumb Code     0  entry10a.o(.ARM.Collect$$$$0000000D)
    __rt_final_exit                          0x080000fd   Thumb Code     0  entry11a.o(.ARM.Collect$$$$0000000F)
    SVC_Handler                              0x08000101   Thumb Code    32  port.o(.emb_text)
    __asm___6_port_c_39a90d8d__prvStartFirstTask 0x08000125   Thumb Code    28  port.o(.emb_text)
    PendSV_Handler                           0x08000145   Thumb Code    72  port.o(.emb_text)
    vPortGetIPSR                             0x08000191   Thumb Code     6  port.o(.emb_text)
    Reset_Handler                            0x08000199   Thumb Code     8  startup_stm32f103xb.o(.text)
    ADC1_2_IRQHandler                        0x080001b3   Thumb Code     0  startup_stm32f103xb.o(.text)
    CAN1_RX1_IRQHandler                      0x080001b3   Thumb Code     0  startup_stm32f103xb.o(.text)
    CAN1_SCE_IRQHandler                      0x080001b3   Thumb Code     0  startup_stm32f103xb.o(.text)
    DMA1_Channel1_IRQHandler                 0x080001b3   Thumb Code     0  startup_stm32f103xb.o(.text)
    DMA1_Channel2_IRQHandler                 0x080001b3   Thumb Code     0  startup_stm32f103xb.o(.text)
    DMA1_Channel3_IRQHandler                 0x080001b3   Thumb Code     0  startup_stm32f103xb.o(.text)
    DMA1_Channel4_IRQHandler                 0x080001b3   Thumb Code     0  startup_stm32f103xb.o(.text)
    DMA1_Channel5_IRQHandler                 0x080001b3   Thumb Code     0  startup_stm32f103xb.o(.text)
    DMA1_Channel6_IRQHandler                 0x080001b3   Thumb Code     0  startup_stm32f103xb.o(.text)
    DMA1_Channel7_IRQHandler                 0x080001b3   Thumb Code     0  startup_stm32f103xb.o(.text)
    EXTI0_IRQHandler                         0x080001b3   Thumb Code     0  startup_stm32f103xb.o(.text)
    EXTI15_10_IRQHandler                     0x080001b3   Thumb Code     0  startup_stm32f103xb.o(.text)
    EXTI1_IRQHandler                         0x080001b3   Thumb Code     0  startup_stm32f103xb.o(.text)
    EXTI2_IRQHandler                         0x080001b3   Thumb Code     0  startup_stm32f103xb.o(.text)
    EXTI3_IRQHandler                         0x080001b3   Thumb Code     0  startup_stm32f103xb.o(.text)
    EXTI4_IRQHandler                         0x080001b3   Thumb Code     0  startup_stm32f103xb.o(.text)
    EXTI9_5_IRQHandler                       0x080001b3   Thumb Code     0  startup_stm32f103xb.o(.text)
    FLASH_IRQHandler                         0x080001b3   Thumb Code     0  startup_stm32f103xb.o(.text)
    I2C1_ER_IRQHandler                       0x080001b3   Thumb Code     0  startup_stm32f103xb.o(.text)
    I2C1_EV_IRQHandler                       0x080001b3   Thumb Code     0  startup_stm32f103xb.o(.text)
    I2C2_ER_IRQHandler                       0x080001b3   Thumb Code     0  startup_stm32f103xb.o(.text)
    I2C2_EV_IRQHandler                       0x080001b3   Thumb Code     0  startup_stm32f103xb.o(.text)
    PVD_IRQHandler                           0x080001b3   Thumb Code     0  startup_stm32f103xb.o(.text)
    RCC_IRQHandler                           0x080001b3   Thumb Code     0  startup_stm32f103xb.o(.text)
    RTC_Alarm_IRQHandler                     0x080001b3   Thumb Code     0  startup_stm32f103xb.o(.text)
    RTC_IRQHandler                           0x080001b3   Thumb Code     0  startup_stm32f103xb.o(.text)
    SPI1_IRQHandler                          0x080001b3   Thumb Code     0  startup_stm32f103xb.o(.text)
    SPI2_IRQHandler                          0x080001b3   Thumb Code     0  startup_stm32f103xb.o(.text)
    TAMPER_IRQHandler                        0x080001b3   Thumb Code     0  startup_stm32f103xb.o(.text)
    TIM1_BRK_IRQHandler                      0x080001b3   Thumb Code     0  startup_stm32f103xb.o(.text)
    TIM1_CC_IRQHandler                       0x080001b3   Thumb Code     0  startup_stm32f103xb.o(.text)
    TIM1_TRG_COM_IRQHandler                  0x080001b3   Thumb Code     0  startup_stm32f103xb.o(.text)
    TIM1_UP_IRQHandler                       0x080001b3   Thumb Code     0  startup_stm32f103xb.o(.text)
    TIM2_IRQHandler                          0x080001b3   Thumb Code     0  startup_stm32f103xb.o(.text)
    TIM3_IRQHandler                          0x080001b3   Thumb Code     0  startup_stm32f103xb.o(.text)
    TIM4_IRQHandler                          0x080001b3   Thumb Code     0  startup_stm32f103xb.o(.text)
    USART2_IRQHandler                        0x080001b3   Thumb Code     0  startup_stm32f103xb.o(.text)
    USART3_IRQHandler                        0x080001b3   Thumb Code     0  startup_stm32f103xb.o(.text)
    USBWakeUp_IRQHandler                     0x080001b3   Thumb Code     0  startup_stm32f103xb.o(.text)
    USB_HP_CAN1_TX_IRQHandler                0x080001b3   Thumb Code     0  startup_stm32f103xb.o(.text)
    USB_LP_CAN1_RX0_IRQHandler               0x080001b3   Thumb Code     0  startup_stm32f103xb.o(.text)
    WWDG_IRQHandler                          0x080001b3   Thumb Code     0  startup_stm32f103xb.o(.text)
    __aeabi_memset                           0x080001bd   Thumb Code    14  memseta.o(.text)
    __aeabi_memset4                          0x080001bd   Thumb Code     0  memseta.o(.text)
    __aeabi_memset8                          0x080001bd   Thumb Code     0  memseta.o(.text)
    __aeabi_memclr                           0x080001cb   Thumb Code     4  memseta.o(.text)
    __aeabi_memclr4                          0x080001cb   Thumb Code     0  memseta.o(.text)
    __aeabi_memclr8                          0x080001cb   Thumb Code     0  memseta.o(.text)
    _memset$wrapper                          0x080001cf   Thumb Code    18  memseta.o(.text)
    __scatterload                            0x080001e1   Thumb Code    28  init.o(.text)
    __scatterload_rt2                        0x080001e1   Thumb Code     0  init.o(.text)
    BusFault_Handler                         0x08000205   Thumb Code     4  stm32f1xx_it.o(i.BusFault_Handler)
    DebugMon_Handler                         0x08000209   Thumb Code     2  stm32f1xx_it.o(i.DebugMon_Handler)
    HAL_DMA_Abort                            0x0800020b   Thumb Code    86  stm32f1xx_hal_dma.o(i.HAL_DMA_Abort)
    HAL_DMA_Abort_IT                         0x08000261   Thumb Code   172  stm32f1xx_hal_dma.o(i.HAL_DMA_Abort_IT)
    HAL_GPIO_Init                            0x08000311   Thumb Code   766  stm32f1xx_hal_gpio.o(i.HAL_GPIO_Init)
    HAL_GPIO_WritePin                        0x08000631   Thumb Code    12  stm32f1xx_hal_gpio.o(i.HAL_GPIO_WritePin)
    HAL_GetTick                              0x0800063d   Thumb Code     6  stm32f1xx_hal.o(i.HAL_GetTick)
    HAL_Init                                 0x08000649   Thumb Code    34  stm32f1xx_hal.o(i.HAL_Init)
    HAL_InitTick                             0x08000671   Thumb Code    64  stm32f1xx_hal.o(i.HAL_InitTick)
    HAL_MspInit                              0x080006bd   Thumb Code     2  stm32f1xx_hal.o(i.HAL_MspInit)
    HAL_NVIC_EnableIRQ                       0x080006bf   Thumb Code    32  stm32f1xx_hal_cortex.o(i.HAL_NVIC_EnableIRQ)
    HAL_NVIC_SetPriority                     0x080006df   Thumb Code   124  stm32f1xx_hal_cortex.o(i.HAL_NVIC_SetPriority)
    HAL_NVIC_SetPriorityGrouping             0x0800075d   Thumb Code    32  stm32f1xx_hal_cortex.o(i.HAL_NVIC_SetPriorityGrouping)
    HAL_RCC_ClockConfig                      0x08000785   Thumb Code   376  stm32f1xx_hal_rcc.o(i.HAL_RCC_ClockConfig)
    HAL_RCC_GetHCLKFreq                      0x08000911   Thumb Code     6  stm32f1xx_hal_rcc.o(i.HAL_RCC_GetHCLKFreq)
    HAL_RCC_GetPCLK1Freq                     0x0800091d   Thumb Code    22  stm32f1xx_hal_rcc.o(i.HAL_RCC_GetPCLK1Freq)
    HAL_RCC_GetPCLK2Freq                     0x0800093d   Thumb Code    22  stm32f1xx_hal_rcc.o(i.HAL_RCC_GetPCLK2Freq)
    HAL_RCC_GetSysClockFreq                  0x0800095d   Thumb Code    92  stm32f1xx_hal_rcc.o(i.HAL_RCC_GetSysClockFreq)
    HAL_RCC_OscConfig                        0x080009cd   Thumb Code  1114  stm32f1xx_hal_rcc.o(i.HAL_RCC_OscConfig)
    HAL_SYSTICK_CLKSourceConfig              0x08000e31   Thumb Code    40  stm32f1xx_hal_cortex.o(i.HAL_SYSTICK_CLKSourceConfig)
    HAL_SYSTICK_Config                       0x08000e59   Thumb Code    52  stm32f1xx_hal_cortex.o(i.HAL_SYSTICK_Config)
    HAL_TIMEx_MasterConfigSynchronization    0x08000e8d   Thumb Code   118  stm32f1xx_hal_tim_ex.o(i.HAL_TIMEx_MasterConfigSynchronization)
    HAL_TIM_Base_Init                        0x08000f11   Thumb Code   102  stm32f1xx_hal_tim.o(i.HAL_TIM_Base_Init)
    HAL_TIM_Base_MspInit                     0x08000f77   Thumb Code     2  stm32f1xx_hal_tim.o(i.HAL_TIM_Base_MspInit)
    HAL_TIM_Base_Start                       0x08000f79   Thumb Code    94  stm32f1xx_hal_tim.o(i.HAL_TIM_Base_Start)
    HAL_TIM_ConfigClockSource                0x08000fe5   Thumb Code   268  stm32f1xx_hal_tim.o(i.HAL_TIM_ConfigClockSource)
    HAL_TIM_PWM_ConfigChannel                0x080010f1   Thumb Code   260  stm32f1xx_hal_tim.o(i.HAL_TIM_PWM_ConfigChannel)
    HAL_TIM_PWM_Start                        0x080011f5   Thumb Code   198  stm32f1xx_hal_tim.o(i.HAL_TIM_PWM_Start)
    HAL_UARTEx_RxEventCallback               0x080012c9   Thumb Code     2  stm32f1xx_hal_uart.o(i.HAL_UARTEx_RxEventCallback)
    HAL_UART_ErrorCallback                   0x080012cb   Thumb Code     2  stm32f1xx_hal_uart.o(i.HAL_UART_ErrorCallback)
    HAL_UART_GetState                        0x080012cd   Thumb Code    20  stm32f1xx_hal_uart.o(i.HAL_UART_GetState)
    HAL_UART_IRQHandler                      0x080012e1   Thumb Code   736  stm32f1xx_hal_uart.o(i.HAL_UART_IRQHandler)
    HAL_UART_Init                            0x080015c5   Thumb Code   118  stm32f1xx_hal_uart.o(i.HAL_UART_Init)
    HAL_UART_MspInit                         0x0800163d   Thumb Code   156  usart.o(i.HAL_UART_MspInit)
    HAL_UART_Receive_IT                      0x080016e5   Thumb Code    44  stm32f1xx_hal_uart.o(i.HAL_UART_Receive_IT)
    HAL_UART_RxCpltCallback                  0x08001711   Thumb Code   120  usart.o(i.HAL_UART_RxCpltCallback)
    HAL_UART_TxCpltCallback                  0x08001799   Thumb Code     2  stm32f1xx_hal_uart.o(i.HAL_UART_TxCpltCallback)
    HardFault_Handler                        0x0800179b   Thumb Code     4  stm32f1xx_it.o(i.HardFault_Handler)
    MemManage_Handler                        0x0800179f   Thumb Code     4  stm32f1xx_it.o(i.MemManage_Handler)
    NMI_Handler                              0x080017a3   Thumb Code     2  stm32f1xx_it.o(i.NMI_Handler)
    Stm32_Clock_Init                         0x080017cd   Thumb Code    86  sys.o(i.Stm32_Clock_Init)
    SysTick_Handler                          0x08001825   Thumb Code    46  port.o(i.SysTick_Handler)
    SystemInit                               0x08001859   Thumb Code     2  system_stm32f1xx.o(i.SystemInit)
    TIM_Base_SetConfig                       0x0800185d   Thumb Code   104  stm32f1xx_hal_tim.o(i.TIM_Base_SetConfig)
    TIM_CCxChannelCmd                        0x080018d1   Thumb Code    34  stm32f1xx_hal_tim.o(i.TIM_CCxChannelCmd)
    TIM_ETR_SetConfig                        0x080018f3   Thumb Code    22  stm32f1xx_hal_tim.o(i.TIM_ETR_SetConfig)
    TIM_OC2_SetConfig                        0x0800197d   Thumb Code   100  stm32f1xx_hal_tim.o(i.TIM_OC2_SetConfig)
    UART_Start_Receive_IT                    0x08001d7d   Thumb Code    64  stm32f1xx_hal_uart.o(i.UART_Start_Receive_IT)
    USART1_IRQHandler                        0x08001e1d   Thumb Code    56  usart.o(i.USART1_IRQHandler)
    UsageFault_Handler                       0x08001e5d   Thumb Code     4  stm32f1xx_it.o(i.UsageFault_Handler)
    __scatterload_copy                       0x08001e99   Thumb Code    14  handlers.o(i.__scatterload_copy)
    __scatterload_null                       0x08001ea7   Thumb Code     2  handlers.o(i.__scatterload_null)
    __scatterload_zeroinit                   0x08001ea9   Thumb Code    14  handlers.o(i.__scatterload_zeroinit)
    delay_init                               0x08001eb9   Thumb Code    16  delay.o(i.delay_init)
    delay_ms                                 0x08001ecd   Thumb Code    24  delay.o(i.delay_ms)
    delay_us                                 0x08001ee5   Thumb Code    68  delay.o(i.delay_us)
    led_init                                 0x08001f2d   Thumb Code    58  main.o(i.led_init)
    main                                     0x08001f71   Thumb Code    88  main.o(i.main)
    motor_GPIO_init                          0x08001fcd   Thumb Code   102  gpio.o(i.motor_GPIO_init)
    motor_init                               0x08002041   Thumb Code    12  motor.o(i.motor_init)
    pwm_init                                 0x08002081   Thumb Code   252  pwm.o(i.pwm_init)
    set_PWM_duty                             0x08002189   Thumb Code    42  pwm.o(i.set_PWM_duty)
    set_motor_dir                            0x080021b9   Thumb Code   192  motor.o(i.set_motor_dir)
    set_motor_speed                          0x08002281   Thumb Code    38  motor.o(i.set_motor_speed)
    uart_init                                0x080022a9   Thumb Code    44  usart.o(i.uart_init)
    uxListRemove                             0x080022e1   Thumb Code    40  list.o(i.uxListRemove)
    vListInsertEnd                           0x08002309   Thumb Code    24  list.o(i.vListInsertEnd)
    vTaskSwitchContext                       0x08002321   Thumb Code    76  tasks.o(i.vTaskSwitchContext)
    xTaskIncrementTick                       0x08002381   Thumb Code   238  tasks.o(i.xTaskIncrementTick)
    AHBPrescTable                            0x0800249c   Data          16  system_stm32f1xx.o(.constdata)
    APBPrescTable                            0x080024ac   Data           8  system_stm32f1xx.o(.constdata)
    Region$$Table$$Base                      0x080024c8   Number         0  anon$$obj.o(Region$$Table)
    Region$$Table$$Limit                     0x080024e8   Number         0  anon$$obj.o(Region$$Table)
    SystemCoreClock                          0x20000000   Data           4  system_stm32f1xx.o(.data)
    __stdout                                 0x20000008   Data           4  usart.o(.data)
    USART_RX_STA                             0x2000000c   Data           2  usart.o(.data)
    aRxBuffer                                0x2000000e   Data           1  usart.o(.data)
    uwTick                                   0x20000010   Data           4  stm32f1xx_hal.o(.data)
    uwTickPrio                               0x20000014   Data           4  stm32f1xx_hal.o(.data)
    uwTickFreq                               0x20000018   Data           1  stm32f1xx_hal.o(.data)
    pxCurrentTCB                             0x2000001c   Data           4  tasks.o(.data)
    USART_RX_BUF                             0x20000058   Data         200  usart.o(.bss)
    UART1_Handler                            0x20000120   Data          72  usart.o(.bss)
    htim2                                    0x20000230   Data          72  pwm.o(.bss)
    __initial_sp                             0x20000678   Data           0  startup_stm32f103xb.o(STACK)



==============================================================================

Memory Map of the image

  Image Entry point : 0x080000ed

  Load Region LR_IROM1 (Base: 0x08000000, Size: 0x00002540, Max: 0x00010000, ABSOLUTE)

    Execution Region ER_IROM1 (Exec base: 0x08000000, Load base: 0x08000000, Size: 0x000024e8, Max: 0x00010000, ABSOLUTE)

    Exec Addr    Load Addr    Size         Type   Attr      Idx    E Section Name        Object

    0x08000000   0x08000000   0x000000ec   Data   RO            3    RESET               startup_stm32f103xb.o
    0x080000ec   0x080000ec   0x00000000   Code   RO         5106  * .ARM.Collect$$$$00000000  mc_w.l(entry.o)
    0x080000ec   0x080000ec   0x00000004   Code   RO         5117    .ARM.Collect$$$$00000001  mc_w.l(entry2.o)
    0x080000f0   0x080000f0   0x00000004   Code   RO         5120    .ARM.Collect$$$$00000004  mc_w.l(entry5.o)
    0x080000f4   0x080000f4   0x00000000   Code   RO         5122    .ARM.Collect$$$$00000008  mc_w.l(entry7b.o)
    0x080000f4   0x080000f4   0x00000000   Code   RO         5124    .ARM.Collect$$$$0000000A  mc_w.l(entry8b.o)
    0x080000f4   0x080000f4   0x00000008   Code   RO         5125    .ARM.Collect$$$$0000000B  mc_w.l(entry9a.o)
    0x080000fc   0x080000fc   0x00000000   Code   RO         5127    .ARM.Collect$$$$0000000D  mc_w.l(entry10a.o)
    0x080000fc   0x080000fc   0x00000000   Code   RO         5129    .ARM.Collect$$$$0000000F  mc_w.l(entry11a.o)
    0x080000fc   0x080000fc   0x00000004   Code   RO         5118    .ARM.Collect$$$$00002712  mc_w.l(entry2.o)
    0x08000100   0x08000100   0x00000096   Code   RO         4924    .emb_text           port.o
    0x08000196   0x08000196   0x00000002   PAD
    0x08000198   0x08000198   0x00000024   Code   RO            4    .text               startup_stm32f103xb.o
    0x080001bc   0x080001bc   0x00000024   Code   RO         5113    .text               mc_w.l(memseta.o)
    0x080001e0   0x080001e0   0x00000024   Code   RO         5131    .text               mc_w.l(init.o)
    0x08000204   0x08000204   0x00000004   Code   RO           13    i.BusFault_Handler  stm32f1xx_it.o
    0x08000208   0x08000208   0x00000002   Code   RO           14    i.DebugMon_Handler  stm32f1xx_it.o
    0x0800020a   0x0800020a   0x00000056   Code   RO         3871    i.HAL_DMA_Abort     stm32f1xx_hal_dma.o
    0x08000260   0x08000260   0x000000b0   Code   RO         3872    i.HAL_DMA_Abort_IT  stm32f1xx_hal_dma.o
    0x08000310   0x08000310   0x00000320   Code   RO         1253    i.HAL_GPIO_Init     stm32f1xx_hal_gpio.o
    0x08000630   0x08000630   0x0000000c   Code   RO         1257    i.HAL_GPIO_WritePin  stm32f1xx_hal_gpio.o
    0x0800063c   0x0800063c   0x0000000c   Code   RO          684    i.HAL_GetTick       stm32f1xx_hal.o
    0x08000648   0x08000648   0x00000028   Code   RO          691    i.HAL_Init          stm32f1xx_hal.o
    0x08000670   0x08000670   0x0000004c   Code   RO          692    i.HAL_InitTick      stm32f1xx_hal.o
    0x080006bc   0x080006bc   0x00000002   Code   RO          694    i.HAL_MspInit       stm32f1xx_hal.o
    0x080006be   0x080006be   0x00000020   Code   RO          849    i.HAL_NVIC_EnableIRQ  stm32f1xx_hal_cortex.o
    0x080006de   0x080006de   0x0000007c   Code   RO          855    i.HAL_NVIC_SetPriority  stm32f1xx_hal_cortex.o
    0x0800075a   0x0800075a   0x00000002   PAD
    0x0800075c   0x0800075c   0x00000028   Code   RO          856    i.HAL_NVIC_SetPriorityGrouping  stm32f1xx_hal_cortex.o
    0x08000784   0x08000784   0x0000018c   Code   RO         1478    i.HAL_RCC_ClockConfig  stm32f1xx_hal_rcc.o
    0x08000910   0x08000910   0x0000000c   Code   RO         1483    i.HAL_RCC_GetHCLKFreq  stm32f1xx_hal_rcc.o
    0x0800091c   0x0800091c   0x00000020   Code   RO         1485    i.HAL_RCC_GetPCLK1Freq  stm32f1xx_hal_rcc.o
    0x0800093c   0x0800093c   0x00000020   Code   RO         1486    i.HAL_RCC_GetPCLK2Freq  stm32f1xx_hal_rcc.o
    0x0800095c   0x0800095c   0x00000070   Code   RO         1487    i.HAL_RCC_GetSysClockFreq  stm32f1xx_hal_rcc.o
    0x080009cc   0x080009cc   0x00000464   Code   RO         1490    i.HAL_RCC_OscConfig  stm32f1xx_hal_rcc.o
    0x08000e30   0x08000e30   0x00000028   Code   RO          858    i.HAL_SYSTICK_CLKSourceConfig  stm32f1xx_hal_cortex.o
    0x08000e58   0x08000e58   0x00000034   Code   RO          860    i.HAL_SYSTICK_Config  stm32f1xx_hal_cortex.o
    0x08000e8c   0x08000e8c   0x00000084   Code   RO         2983    i.HAL_TIMEx_MasterConfigSynchronization  stm32f1xx_hal_tim_ex.o
    0x08000f10   0x08000f10   0x00000066   Code   RO         2249    i.HAL_TIM_Base_Init  stm32f1xx_hal_tim.o
    0x08000f76   0x08000f76   0x00000002   Code   RO         2251    i.HAL_TIM_Base_MspInit  stm32f1xx_hal_tim.o
    0x08000f78   0x08000f78   0x0000006c   Code   RO         2252    i.HAL_TIM_Base_Start  stm32f1xx_hal_tim.o
    0x08000fe4   0x08000fe4   0x0000010c   Code   RO         2258    i.HAL_TIM_ConfigClockSource  stm32f1xx_hal_tim.o
    0x080010f0   0x080010f0   0x00000104   Code   RO         2321    i.HAL_TIM_PWM_ConfigChannel  stm32f1xx_hal_tim.o
    0x080011f4   0x080011f4   0x000000d4   Code   RO         2329    i.HAL_TIM_PWM_Start  stm32f1xx_hal_tim.o
    0x080012c8   0x080012c8   0x00000002   Code   RO         3243    i.HAL_UARTEx_RxEventCallback  stm32f1xx_hal_uart.o
    0x080012ca   0x080012ca   0x00000002   Code   RO         3257    i.HAL_UART_ErrorCallback  stm32f1xx_hal_uart.o
    0x080012cc   0x080012cc   0x00000014   Code   RO         3259    i.HAL_UART_GetState  stm32f1xx_hal_uart.o
    0x080012e0   0x080012e0   0x000002e4   Code   RO         3260    i.HAL_UART_IRQHandler  stm32f1xx_hal_uart.o
    0x080015c4   0x080015c4   0x00000076   Code   RO         3261    i.HAL_UART_Init     stm32f1xx_hal_uart.o
    0x0800163a   0x0800163a   0x00000002   PAD
    0x0800163c   0x0800163c   0x000000a8   Code   RO          608    i.HAL_UART_MspInit  usart.o
    0x080016e4   0x080016e4   0x0000002c   Code   RO         3266    i.HAL_UART_Receive_IT  stm32f1xx_hal_uart.o
    0x08001710   0x08001710   0x00000088   Code   RO          609    i.HAL_UART_RxCpltCallback  usart.o
    0x08001798   0x08001798   0x00000002   Code   RO         3272    i.HAL_UART_TxCpltCallback  stm32f1xx_hal_uart.o
    0x0800179a   0x0800179a   0x00000004   Code   RO           15    i.HardFault_Handler  stm32f1xx_it.o
    0x0800179e   0x0800179e   0x00000004   Code   RO           16    i.MemManage_Handler  stm32f1xx_it.o
    0x080017a2   0x080017a2   0x00000002   Code   RO           17    i.NMI_Handler       stm32f1xx_it.o
    0x080017a4   0x080017a4   0x00000028   Code   RO         1491    i.RCC_Delay         stm32f1xx_hal_rcc.o
    0x080017cc   0x080017cc   0x00000056   Code   RO          565    i.Stm32_Clock_Init  sys.o
    0x08001822   0x08001822   0x00000002   PAD
    0x08001824   0x08001824   0x00000034   Code   RO         4925    i.SysTick_Handler   port.o
    0x08001858   0x08001858   0x00000002   Code   RO          482    i.SystemInit        system_stm32f1xx.o
    0x0800185a   0x0800185a   0x00000002   PAD
    0x0800185c   0x0800185c   0x00000074   Code   RO         2342    i.TIM_Base_SetConfig  stm32f1xx_hal_tim.o
    0x080018d0   0x080018d0   0x00000022   Code   RO         2343    i.TIM_CCxChannelCmd  stm32f1xx_hal_tim.o
    0x080018f2   0x080018f2   0x00000016   Code   RO         2353    i.TIM_ETR_SetConfig  stm32f1xx_hal_tim.o
    0x08001908   0x08001908   0x00000012   Code   RO         2354    i.TIM_ITRx_SetConfig  stm32f1xx_hal_tim.o
    0x0800191a   0x0800191a   0x00000002   PAD
    0x0800191c   0x0800191c   0x00000060   Code   RO         2355    i.TIM_OC1_SetConfig  stm32f1xx_hal_tim.o
    0x0800197c   0x0800197c   0x00000068   Code   RO         2356    i.TIM_OC2_SetConfig  stm32f1xx_hal_tim.o
    0x080019e4   0x080019e4   0x00000068   Code   RO         2357    i.TIM_OC3_SetConfig  stm32f1xx_hal_tim.o
    0x08001a4c   0x08001a4c   0x00000048   Code   RO         2358    i.TIM_OC4_SetConfig  stm32f1xx_hal_tim.o
    0x08001a94   0x08001a94   0x00000026   Code   RO         2360    i.TIM_TI1_ConfigInputStage  stm32f1xx_hal_tim.o
    0x08001aba   0x08001aba   0x00000028   Code   RO         2362    i.TIM_TI2_ConfigInputStage  stm32f1xx_hal_tim.o
    0x08001ae2   0x08001ae2   0x00000014   Code   RO         3274    i.UART_DMAAbortOnError  stm32f1xx_hal_uart.o
    0x08001af6   0x08001af6   0x0000006c   Code   RO         3284    i.UART_EndRxTransfer  stm32f1xx_hal_uart.o
    0x08001b62   0x08001b62   0x00000020   Code   RO         3285    i.UART_EndTransmit_IT  stm32f1xx_hal_uart.o
    0x08001b82   0x08001b82   0x000000fc   Code   RO         3287    i.UART_Receive_IT   stm32f1xx_hal_uart.o
    0x08001c7e   0x08001c7e   0x00000002   PAD
    0x08001c80   0x08001c80   0x000000fc   Code   RO         3288    i.UART_SetConfig    stm32f1xx_hal_uart.o
    0x08001d7c   0x08001d7c   0x00000040   Code   RO         3290    i.UART_Start_Receive_IT  stm32f1xx_hal_uart.o
    0x08001dbc   0x08001dbc   0x00000060   Code   RO         3291    i.UART_Transmit_IT  stm32f1xx_hal_uart.o
    0x08001e1c   0x08001e1c   0x00000040   Code   RO          610    i.USART1_IRQHandler  usart.o
    0x08001e5c   0x08001e5c   0x00000004   Code   RO           18    i.UsageFault_Handler  stm32f1xx_it.o
    0x08001e60   0x08001e60   0x00000010   Code   RO          862    i.__NVIC_GetPriorityGrouping  stm32f1xx_hal_cortex.o
    0x08001e70   0x08001e70   0x00000028   Code   RO          863    i.__NVIC_SetPriority  stm32f1xx_hal_cortex.o
    0x08001e98   0x08001e98   0x0000000e   Code   RO         5135    i.__scatterload_copy  mc_w.l(handlers.o)
    0x08001ea6   0x08001ea6   0x00000002   Code   RO         5136    i.__scatterload_null  mc_w.l(handlers.o)
    0x08001ea8   0x08001ea8   0x0000000e   Code   RO         5137    i.__scatterload_zeroinit  mc_w.l(handlers.o)
    0x08001eb6   0x08001eb6   0x00000002   PAD
    0x08001eb8   0x08001eb8   0x00000014   Code   RO          518    i.delay_init        delay.o
    0x08001ecc   0x08001ecc   0x00000018   Code   RO          519    i.delay_ms          delay.o
    0x08001ee4   0x08001ee4   0x00000048   Code   RO          520    i.delay_us          delay.o
    0x08001f2c   0x08001f2c   0x00000044   Code   RO          236    i.led_init          main.o
    0x08001f70   0x08001f70   0x0000005c   Code   RO          237    i.main              main.o
    0x08001fcc   0x08001fcc   0x00000074   Code   RO         5043    i.motor_GPIO_init   gpio.o
    0x08002040   0x08002040   0x0000000c   Code   RO         5070    i.motor_init        motor.o
    0x0800204c   0x0800204c   0x00000034   Code   RO         4379    i.prvResetNextTaskUnblockTime  tasks.o
    0x08002080   0x08002080   0x00000108   Code   RO         5007    i.pwm_init          pwm.o
    0x08002188   0x08002188   0x00000030   Code   RO         5008    i.set_PWM_duty      pwm.o
    0x080021b8   0x080021b8   0x000000c8   Code   RO         5071    i.set_motor_dir     motor.o
    0x08002280   0x08002280   0x00000026   Code   RO         5072    i.set_motor_speed   motor.o
    0x080022a6   0x080022a6   0x00000002   PAD
    0x080022a8   0x080022a8   0x00000038   Code   RO          613    i.uart_init         usart.o
    0x080022e0   0x080022e0   0x00000028   Code   RO         4093    i.uxListRemove      list.o
    0x08002308   0x08002308   0x00000018   Code   RO         4097    i.vListInsertEnd    list.o
    0x08002320   0x08002320   0x00000060   Code   RO         4403    i.vTaskSwitchContext  tasks.o
    0x08002380   0x08002380   0x0000011c   Code   RO         4412    i.xTaskIncrementTick  tasks.o
    0x0800249c   0x0800249c   0x00000018   Data   RO          483    .constdata          system_stm32f1xx.o
    0x080024b4   0x080024b4   0x00000012   Data   RO         1492    .constdata          stm32f1xx_hal_rcc.o
    0x080024c6   0x080024c6   0x00000002   PAD
    0x080024c8   0x080024c8   0x00000020   Data   RO         5133    Region$$Table       anon$$obj.o


    Execution Region RW_IRAM1 (Exec base: 0x20000000, Load base: 0x080024e8, Size: 0x00000678, Max: 0x00005000, ABSOLUTE)

    Exec Addr    Load Addr    Size         Type   Attr      Idx    E Section Name        Object

    0x20000000   0x080024e8   0x00000004   Data   RW          484    .data               system_stm32f1xx.o
    0x20000004   0x080024ec   0x00000004   Data   RW          521    .data               delay.o
    0x20000008   0x080024f0   0x00000007   Data   RW          615    .data               usart.o
    0x2000000f   0x080024f7   0x00000001   PAD
    0x20000010   0x080024f8   0x00000009   Data   RW          698    .data               stm32f1xx_hal.o
    0x20000019   0x08002501   0x00000003   PAD
    0x2000001c   0x08002504   0x0000003c   Data   RW         4421    .data               tasks.o
    0x20000058        -       0x00000110   Zero   RW          614    .bss                usart.o
    0x20000168        -       0x000000c8   Zero   RW         4420    .bss                tasks.o
    0x20000230        -       0x00000048   Zero   RW         5009    .bss                pwm.o
    0x20000278        -       0x00000400   Zero   RW            1    STACK               startup_stm32f103xb.o


==============================================================================

Image component sizes


      Code (inc. data)   RO Data    RW Data    ZI Data      Debug   Object Name

       116          8          0          4          0       3747   delay.o
       116         14          0          0          0        854   gpio.o
        64          0          0          0          0       1488   list.o
       160         14          0          0          0     432450   main.o
       250          8          0          0          0       1931   motor.o
       202         18          0          0          0       3646   port.o
       312         18          0          0         72       1734   pwm.o
        36          8        236          0       1024        908   startup_stm32f103xb.o
       130         24          0          9          0       5173   stm32f1xx_hal.o
       344         22          0          0          0      29877   stm32f1xx_hal_cortex.o
       262          4          0          0          0       1715   stm32f1xx_hal_dma.o
       812         34          0          0          0       2632   stm32f1xx_hal_gpio.o
      1748         98         18          0          0       5860   stm32f1xx_hal_rcc.o
      1596         60          0          0          0      11629   stm32f1xx_hal_tim.o
       132         14          0          0          0       1300   stm32f1xx_hal_tim_ex.o
      1752          8          0          0          0      10452   stm32f1xx_hal_uart.o
        20          0          0          0          0     384785   stm32f1xx_it.o
        86          0          0          0          0        695   sys.o
         2          0         24          4          0       1283   system_stm32f1xx.o
       432         76          0         60        200      15693   tasks.o
       424         48          0          7        272       4297   usart.o

    ----------------------------------------------------------------------
      9012        476        312         88       1568     922149   Object Totals
         0          0         32          0          0          0   (incl. Generated)
        16          0          2          4          0          0   (incl. Padding)

    ----------------------------------------------------------------------

      Code (inc. data)   RO Data    RW Data    ZI Data      Debug   Library Member Name

         0          0          0          0          0          0   entry.o
         0          0          0          0          0          0   entry10a.o
         0          0          0          0          0          0   entry11a.o
         8          4          0          0          0          0   entry2.o
         4          0          0          0          0          0   entry5.o
         0          0          0          0          0          0   entry7b.o
         0          0          0          0          0          0   entry8b.o
         8          4          0          0          0          0   entry9a.o
        30          0          0          0          0          0   handlers.o
        36          8          0          0          0         68   init.o
        36          0          0          0          0        108   memseta.o

    ----------------------------------------------------------------------
       124         16          0          0          0        176   Library Totals
         2          0          0          0          0          0   (incl. Padding)

    ----------------------------------------------------------------------

      Code (inc. data)   RO Data    RW Data    ZI Data      Debug   Library Name

       122         16          0          0          0        176   mc_w.l

    ----------------------------------------------------------------------
       124         16          0          0          0        176   Library Totals

    ----------------------------------------------------------------------

==============================================================================


      Code (inc. data)   RO Data    RW Data    ZI Data      Debug   

      9136        492        312         88       1568     918369   Grand Totals
      9136        492        312         88       1568     918369   ELF Image Totals
      9136        492        312         88          0          0   ROM Totals

==============================================================================

    Total RO  Size (Code + RO Data)                 9448 (   9.23kB)
    Total RW  Size (RW Data + ZI Data)              1656 (   1.62kB)
    Total ROM Size (Code + RO Data + RW Data)       9536 (   9.31kB)

==============================================================================

