Component: ARM Compiler 5.06 update 5 (build 528) Tool: armlink [4d35e2]

==============================================================================

Section Cross References

    startup_stm32f103xb.o(STACK) refers (Special) to heapauxi.o(.text) for __use_two_region_memory
    startup_stm32f103xb.o(HEAP) refers (Special) to heapauxi.o(.text) for __use_two_region_memory
    startup_stm32f103xb.o(RESET) refers (Special) to heapauxi.o(.text) for __use_two_region_memory
    startup_stm32f103xb.o(RESET) refers to startup_stm32f103xb.o(STACK) for __initial_sp
    startup_stm32f103xb.o(RESET) refers to startup_stm32f103xb.o(.text) for Reset_Handler
    startup_stm32f103xb.o(RESET) refers to stm32f1xx_it.o(i.NMI_Handler) for NMI_Handler
    startup_stm32f103xb.o(RESET) refers to stm32f1xx_it.o(i.HardFault_Handler) for HardFault_Handler
    startup_stm32f103xb.o(RESET) refers to stm32f1xx_it.o(i.MemManage_Handler) for MemManage_Handler
    startup_stm32f103xb.o(RESET) refers to stm32f1xx_it.o(i.BusFault_Handler) for BusFault_Handler
    startup_stm32f103xb.o(RESET) refers to stm32f1xx_it.o(i.UsageFault_Handler) for UsageFault_Handler
    startup_stm32f103xb.o(RESET) refers to port.o(.emb_text) for SVC_Handler
    startup_stm32f103xb.o(RESET) refers to stm32f1xx_it.o(i.DebugMon_Handler) for DebugMon_Handler
    startup_stm32f103xb.o(RESET) refers to port.o(i.SysTick_Handler) for SysTick_Handler
    startup_stm32f103xb.o(RESET) refers to usart.o(i.USART1_IRQHandler) for USART1_IRQHandler
    startup_stm32f103xb.o(.text) refers (Special) to heapauxi.o(.text) for __use_two_region_memory
    startup_stm32f103xb.o(.text) refers to system_stm32f1xx.o(i.SystemInit) for SystemInit
    startup_stm32f103xb.o(.text) refers to __main.o(!!!main) for __main
    startup_stm32f103xb.o(.text) refers to startup_stm32f103xb.o(HEAP) for Heap_Mem
    startup_stm32f103xb.o(.text) refers to startup_stm32f103xb.o(STACK) for Stack_Mem
    main.o(i.led_init) refers to stm32f1xx_hal_gpio.o(i.HAL_GPIO_Init) for HAL_GPIO_Init
    main.o(i.main) refers to stm32f1xx_hal.o(i.HAL_Init) for HAL_Init
    main.o(i.main) refers to delay.o(i.delay_init) for delay_init
    main.o(i.main) refers to sys.o(i.Stm32_Clock_Init) for Stm32_Clock_Init
    main.o(i.main) refers to main.o(i.led_init) for led_init
    main.o(i.main) refers to usart.o(i.uart_init) for uart_init
    main.o(i.main) refers to noretval__2printf.o(.text) for __2printf
    main.o(i.main) refers to tasks.o(i.xTaskCreate) for xTaskCreate
    main.o(i.main) refers to tasks.o(i.vTaskStartScheduler) for vTaskStartScheduler
    main.o(i.main) refers to stm32f1xx_hal_gpio.o(i.HAL_GPIO_WritePin) for HAL_GPIO_WritePin
    main.o(i.main) refers to delay.o(i.delay_ms) for delay_ms
    main.o(i.main) refers to main.o(i.vTestTask) for vTestTask
    system_stm32f1xx.o(i.SystemCoreClockUpdate) refers to system_stm32f1xx.o(.data) for SystemCoreClock
    system_stm32f1xx.o(i.SystemCoreClockUpdate) refers to system_stm32f1xx.o(.constdata) for AHBPrescTable
    delay.o(i.delay_init) refers to stm32f1xx_hal_cortex.o(i.HAL_SYSTICK_CLKSourceConfig) for HAL_SYSTICK_CLKSourceConfig
    delay.o(i.delay_init) refers to delay.o(.data) for fac_us
    delay.o(i.delay_ms) refers to delay.o(i.delay_us) for delay_us
    delay.o(i.delay_us) refers to delay.o(.data) for fac_us
    sys.o(i.Stm32_Clock_Init) refers to stm32f1xx_hal_rcc.o(i.HAL_RCC_OscConfig) for HAL_RCC_OscConfig
    sys.o(i.Stm32_Clock_Init) refers to stm32f1xx_hal_rcc.o(i.HAL_RCC_ClockConfig) for HAL_RCC_ClockConfig
    usart.o(.rev16_text) refers (Special) to use_no_semi_2.o(.text) for __use_no_semihosting
    usart.o(.revsh_text) refers (Special) to use_no_semi_2.o(.text) for __use_no_semihosting
    usart.o(.rrx_text) refers (Special) to use_no_semi_2.o(.text) for __use_no_semihosting
    usart.o(i.HAL_UART_MspInit) refers (Special) to use_no_semi_2.o(.text) for __use_no_semihosting
    usart.o(i.HAL_UART_MspInit) refers to stm32f1xx_hal_gpio.o(i.HAL_GPIO_Init) for HAL_GPIO_Init
    usart.o(i.HAL_UART_MspInit) refers to stm32f1xx_hal_cortex.o(i.HAL_NVIC_EnableIRQ) for HAL_NVIC_EnableIRQ
    usart.o(i.HAL_UART_MspInit) refers to stm32f1xx_hal_cortex.o(i.HAL_NVIC_SetPriority) for HAL_NVIC_SetPriority
    usart.o(i.HAL_UART_RxCpltCallback) refers (Special) to use_no_semi_2.o(.text) for __use_no_semihosting
    usart.o(i.HAL_UART_RxCpltCallback) refers to usart.o(.data) for USART_RX_STA
    usart.o(i.HAL_UART_RxCpltCallback) refers to usart.o(.bss) for USART_RX_BUF
    usart.o(i.USART1_IRQHandler) refers (Special) to use_no_semi_2.o(.text) for __use_no_semihosting
    usart.o(i.USART1_IRQHandler) refers to stm32f1xx_hal_uart.o(i.HAL_UART_IRQHandler) for HAL_UART_IRQHandler
    usart.o(i.USART1_IRQHandler) refers to stm32f1xx_hal_uart.o(i.HAL_UART_GetState) for HAL_UART_GetState
    usart.o(i.USART1_IRQHandler) refers to stm32f1xx_hal_uart.o(i.HAL_UART_Receive_IT) for HAL_UART_Receive_IT
[...]
    ../clib/signal.c                         0x00000000   Number         0  defsig_stak_inner.o ABSOLUTE
    ../clib/signal.c                         0x00000000   Number         0  defsig_pvfn_inner.o ABSOLUTE
    ../clib/signal.c                         0x00000000   Number         0  defsig_rtmem_inner.o ABSOLUTE
    ../clib/signal.c                         0x00000000   Number         0  defsig_general.o ABSOLUTE
    ../clib/signal.c                         0x00000000   Number         0  defsig_abrt_inner.o ABSOLUTE
    ../clib/signal.c                         0x00000000   Number         0  defsig_cppl_inner.o ABSOLUTE
    ../clib/signal.c                         0x00000000   Number         0  defsig_segv_inner.o ABSOLUTE
    ../clib/signal.c                         0x00000000   Number         0  defsig_fpe_inner.o ABSOLUTE
    ../clib/signal.s                         0x00000000   Number         0  defsig.o ABSOLUTE
    ../clib/stdio.c                          0x00000000   Number         0  ferror.o ABSOLUTE
    ../clib/stdio.c                          0x00000000   Number         0  ferror_locked.o ABSOLUTE
    ../clib/stdlib.c                         0x00000000   Number         0  exit.o ABSOLUTE
    ../fplib/fpinit.s                        0x00000000   Number         0  fpinit.o ABSOLUTE
    ..\..\Driver\CMSIS\Device\ST\STM32F1xx\Source\Templates\arm\startup_stm32f103xb.s 0x00000000   Number         0  startup_stm32f103xb.o ABSOLUTE
    ..\..\Driver\CMSIS\Device\ST\STM32F1xx\Source\Templates\system_stm32f1xx.c 0x00000000   Number         0  system_stm32f1xx.o ABSOLUTE
    ..\..\Driver\FreeRTOS\port\MemMang\heap_4.c 0x00000000   Number         0  heap_4.o ABSOLUTE
    ..\..\Driver\FreeRTOS\port\RVDS\ARM_CM3\port.c 0x00000000   Number         0  port.o ABSOLUTE
    ..\..\Driver\FreeRTOS\src\croutine.c     0x00000000   Number         0  croutine.o ABSOLUTE
    ..\..\Driver\FreeRTOS\src\event_groups.c 0x00000000   Number         0  event_groups.o ABSOLUTE
    ..\..\Driver\FreeRTOS\src\list.c         0x00000000   Number         0  list.o ABSOLUTE
    ..\..\Driver\FreeRTOS\src\queue.c        0x00000000   Number         0  queue.o ABSOLUTE
    ..\..\Driver\FreeRTOS\src\tasks.c        0x00000000   Number         0  tasks.o ABSOLUTE
    ..\..\Driver\FreeRTOS\src\timers.c       0x00000000   Number         0  timers.o ABSOLUTE
    ..\..\Driver\STM32F1XX_HAL_Driver\Src\stm32f1xx_hal.c 0x00000000   Number         0  stm32f1xx_hal.o ABSOLUTE
    ..\..\Driver\STM32F1XX_HAL_Driver\Src\stm32f1xx_hal_cortex.c 0x00000000   Number         0  stm32f1xx_hal_cortex.o ABSOLUTE
    ..\..\Driver\STM32F1XX_HAL_Driver\Src\stm32f1xx_hal_dma.c 0x00000000   Number         0  stm32f1xx_hal_dma.o ABSOLUTE
    ..\..\Driver\STM32F1XX_HAL_Driver\Src\stm32f1xx_hal_exti.c 0x00000000   Number         0  stm32f1xx_hal_exti.o ABSOLUTE
    ..\..\Driver\STM32F1XX_HAL_Driver\Src\stm32f1xx_hal_flash.c 0x00000000   Number         0  stm32f1xx_hal_flash.o ABSOLUTE
    ..\..\Driver\STM32F1XX_HAL_Driver\Src\stm32f1xx_hal_flash_ex.c 0x00000000   Number         0  stm32f1xx_hal_flash_ex.o ABSOLUTE
    ..\..\Driver\STM32F1XX_HAL_Driver\Src\stm32f1xx_hal_gpio.c 0x00000000   Number         0  stm32f1xx_hal_gpio.o ABSOLUTE
    ..\..\Driver\STM32F1XX_HAL_Driver\Src\stm32f1xx_hal_gpio_ex.c 0x00000000   Number         0  stm32f1xx_hal_gpio_ex.o ABSOLUTE
    ..\..\Driver\STM32F1XX_HAL_Driver\Src\stm32f1xx_hal_pwr.c 0x00000000   Number         0  stm32f1xx_hal_pwr.o ABSOLUTE
    ..\..\Driver\STM32F1XX_HAL_Driver\Src\stm32f1xx_hal_rcc.c 0x00000000   Number         0  stm32f1xx_hal_rcc.o ABSOLUTE
    ..\..\Driver\STM32F1XX_HAL_Driver\Src\stm32f1xx_hal_rcc_ex.c 0x00000000   Number         0  stm32f1xx_hal_rcc_ex.o ABSOLUTE
    ..\..\Driver\STM32F1XX_HAL_Driver\Src\stm32f1xx_hal_rtc.c 0x00000000   Number         0  stm32f1xx_hal_rtc.o ABSOLUTE
    ..\..\Driver\STM32F1XX_HAL_Driver\Src\stm32f1xx_hal_rtc_ex.c 0x00000000   Number         0  stm32f1xx_hal_rtc_ex.o ABSOLUTE
    ..\..\Driver\STM32F1XX_HAL_Driver\Src\stm32f1xx_hal_spi.c 0x00000000   Number         0  stm32f1xx_hal_spi.o ABSOLUTE
    ..\..\Driver\STM32F1XX_HAL_Driver\Src\stm32f1xx_hal_tim.c 0x00000000   Number         0  stm32f1xx_hal_tim.o ABSOLUTE
    ..\..\Driver\STM32F1XX_HAL_Driver\Src\stm32f1xx_hal_tim_ex.c 0x00000000   Number         0  stm32f1xx_hal_tim_ex.o ABSOLUTE
    ..\..\Driver\STM32F1XX_HAL_Driver\Src\stm32f1xx_hal_uart.c 0x00000000   Number         0  stm32f1xx_hal_uart.o ABSOLUTE
    ..\..\Driver\STM32F1XX_HAL_Driver\Src\stm32f1xx_hal_usart.c 0x00000000   Number         0  stm32f1xx_hal_usart.o ABSOLUTE
    ..\..\Driver\SYSTEM\delay\delay.c        0x00000000   Number         0  delay.o ABSOLUTE
    ..\..\Driver\SYSTEM\sys\sys.c            0x00000000   Number         0  sys.o ABSOLUTE
    ..\..\Driver\SYSTEM\usart\usart.c        0x00000000   Number         0  usart.o ABSOLUTE
    ..\..\Users\main.c                       0x00000000   Number         0  main.o ABSOLUTE
    ..\..\Users\stm32f1xx_it.c               0x00000000   Number         0  stm32f1xx_it.o ABSOLUTE
    ..\\..\\Driver\\CMSIS\\Device\\ST\\STM32F1xx\\Source\\Templates\\system_stm32f1xx.c 0x00000000   Number         0  system_stm32f1xx.o ABSOLUTE
    ..\\..\\Driver\\FreeRTOS\\port\\MemMang\\heap_4.c 0x00000000   Number         0  heap_4.o ABSOLUTE
    ..\\..\\Driver\\FreeRTOS\\port\\RVDS\\ARM_CM3\\port.c 0x00000000   Number         0  port.o ABSOLUTE
    ..\\..\\Driver\\FreeRTOS\\src\\croutine.c 0x00000000   Number         0  croutine.o ABSOLUTE
    ..\\..\\Driver\\FreeRTOS\\src\\event_groups.c 0x00000000   Number         0  event_groups.o ABSOLUTE
    ..\\..\\Driver\\FreeRTOS\\src\\list.c    0x00000000   Number         0  list.o ABSOLUTE
    ..\\..\\Driver\\FreeRTOS\\src\\queue.c   0x00000000   Number         0  queue.o ABSOLUTE
    ..\\..\\Driver\\FreeRTOS\\src\\tasks.c   0x00000000   Number         0  tasks.o ABSOLUTE
    ..\\..\\Driver\\FreeRTOS\\src\\timers.c  0x00000000   Number         0  timers.o ABSOLUTE
    ..\\..\\Driver\\STM32F1XX_HAL_Driver\\Src\\stm32f1xx_hal.c 0x00000000   Number         0  stm32f1xx_hal.o ABSOLUTE
    ..\\..\\Driver\\STM32F1XX_HAL_Driver\\Src\\stm32f1xx_hal_cortex.c 0x00000000   Number         0  stm32f1xx_hal_cortex.o ABSOLUTE
    ..\\..\\Driver\\STM32F1XX_HAL_Driver\\Src\\stm32f1xx_hal_dma.c 0x00000000   Number         0  stm32f1xx_hal_dma.o ABSOLUTE
    ..\\..\\Driver\\STM32F1XX_HAL_Driver\\Src\\stm32f1xx_hal_exti.c 0x00000000   Number         0  stm32f1xx_hal_exti.o ABSOLUTE
    ..\\..\\Driver\\STM32F1XX_HAL_Driver\\Src\\stm32f1xx_hal_flash.c 0x00000000   Number         0  stm32f1xx_hal_flash.o ABSOLUTE
    ..\\..\\Driver\\STM32F1XX_HAL_Driver\\Src\\stm32f1xx_hal_flash_ex.c 0x00000000   Number         0  stm32f1xx_hal_flash_ex.o ABSOLUTE
    ..\\..\\Driver\\STM32F1XX_HAL_Driver\\Src\\stm32f1xx_hal_gpio.c 0x00000000   Number         0  stm32f1xx_hal_gpio.o ABSOLUTE
    ..\\..\\Driver\\STM32F1XX_HAL_Driver\\Src\\stm32f1xx_hal_gpio_ex.c 0x00000000   Number         0  stm32f1xx_hal_gpio_ex.o ABSOLUTE
    ..\\..\\Driver\\STM32F1XX_HAL_Driver\\Src\\stm32f1xx_hal_pwr.c 0x00000000   Number         0  stm32f1xx_hal_pwr.o ABSOLUTE
    ..\\..\\Driver\\STM32F1XX_HAL_Driver\\Src\\stm32f1xx_hal_rcc.c 0x00000000   Number         0  stm32f1xx_hal_rcc.o ABSOLUTE
    ..\\..\\Driver\\STM32F1XX_HAL_Driver\\Src\\stm32f1xx_hal_rcc_ex.c 0x00000000   Number         0  stm32f1xx_hal_rcc_ex.o ABSOLUTE
    ..\\..\\Driver\\STM32F1XX_HAL_Driver\\Src\\stm32f1xx_hal_rtc.c 0x00000000   Number         0  stm32f1xx_hal_rtc.o ABSOLUTE
    ..\\..\\Driver\\STM32F1XX_HAL_Driver\\Src\\stm32f1xx_hal_rtc_ex.c 0x00000000   Number         0  stm32f1xx_hal_rtc_ex.o ABSOLUTE
    ..\\..\\Driver\\STM32F1XX_HAL_Driver\\Src\\stm32f1xx_hal_spi.c 0x00000000   Number         0  stm32f1xx_hal_spi.o ABSOLUTE
    ..\\..\\Driver\\STM32F1XX_HAL_Driver\\Src\\stm32f1xx_hal_tim.c 0x00000000   Number         0  stm32f1xx_hal_tim.o ABSOLUTE
    ..\\..\\Driver\\STM32F1XX_HAL_Driver\\Src\\stm32f1xx_hal_tim_ex.c 0x00000000   Number         0  stm32f1xx_hal_tim_ex.o ABSOLUTE
    ..\\..\\Driver\\STM32F1XX_HAL_Driver\\Src\\stm32f1xx_hal_uart.c 0x00000000   Number         0  stm32f1xx_hal_uart.o ABSOLUTE
    ..\\..\\Driver\\STM32F1XX_HAL_Driver\\Src\\stm32f1xx_hal_usart.c 0x00000000   Number         0  stm32f1xx_hal_usart.o ABSOLUTE
    ..\\..\\Driver\\SYSTEM\\delay\\delay.c   0x00000000   Number         0  delay.o ABSOLUTE
    ..\\..\\Driver\\SYSTEM\\sys\\sys.c       0x00000000   Number         0  sys.o ABSOLUTE
    ..\\..\\Driver\\SYSTEM\\usart\\usart.c   0x00000000   Number         0  usart.o ABSOLUTE
    ..\\..\\Users\\main.c                    0x00000000   Number         0  main.o ABSOLUTE
    ..\\..\\Users\\stm32f1xx_it.c            0x00000000   Number         0  stm32f1xx_it.o ABSOLUTE
    dc.s                                     0x00000000   Number         0  dc.o ABSOLUTE
    RESET                                    0x08000000   Section      236  startup_stm32f103xb.o(RESET)
    !!!main                                  0x080000ec   Section        8  __main.o(!!!main)
    !!!scatter                               0x080000f4   Section       52  __scatter.o(!!!scatter)
    !!handler_copy                           0x08000128   Section       26  __scatter_copy.o(!!handler_copy)
    !!handler_zi                             0x08000144   Section       28  __scatter_zi.o(!!handler_zi)
    .ARM.Collect$$libinit$$00000000          0x08000160   Section        2  libinit.o(.ARM.Collect$$libinit$$00000000)
    .ARM.Collect$$libinit$$00000002          0x08000162   Section        0  libinit2.o(.ARM.Collect$$libinit$$00000002)
    .ARM.Collect$$libinit$$00000004          0x08000162   Section        0  libinit2.o(.ARM.Collect$$libinit$$00000004)
    .ARM.Collect$$libinit$$0000000A          0x08000162   Section        0  libinit2.o(.ARM.Collect$$libinit$$0000000A)
    .ARM.Collect$$libinit$$0000000C          0x08000162   Section        0  libinit2.o(.ARM.Collect$$libinit$$0000000C)
    .ARM.Collect$$libinit$$0000000E          0x08000162   Section        0  libinit2.o(.ARM.Collect$$libinit$$0000000E)
    .ARM.Collect$$libinit$$00000011          0x08000162   Section        0  libinit2.o(.ARM.Collect$$libinit$$00000011)
    .ARM.Collect$$libinit$$00000013          0x08000162   Section        0  libinit2.o(.ARM.Collect$$libinit$$00000013)
    .ARM.Collect$$libinit$$00000015          0x08000162   Section        0  libinit2.o(.ARM.Collect$$libinit$$00000015)
    .ARM.Collect$$libinit$$00000017          0x08000162   Section        0  libinit2.o(.ARM.Collect$$libinit$$00000017)
    .ARM.Collect$$libinit$$00000019          0x08000162   Section        0  libinit2.o(.ARM.Collect$$libinit$$00000019)
    .ARM.Collect$$libinit$$0000001B          0x08000162   Section        0  libinit2.o(.ARM.Collect$$libinit$$0000001B)
    .ARM.Collect$$libinit$$0000001D          0x08000162   Section        0  libinit2.o(.ARM.Collect$$libinit$$0000001D)
    .ARM.Collect$$libinit$$0000001F          0x08000162   Section        0  libinit2.o(.ARM.Collect$$libinit$$0000001F)
    .ARM.Collect$$libinit$$00000021          0x08000162   Section        0  libinit2.o(.ARM.Collect$$libinit$$00000021)
    .ARM.Collect$$libinit$$00000023          0x08000162   Section        0  libinit2.o(.ARM.Collect$$libinit$$00000023)
    .ARM.Collect$$libinit$$00000025          0x08000162   Section        0  libinit2.o(.ARM.Collect$$libinit$$00000025)
    .ARM.Collect$$libinit$$0000002C          0x08000162   Section        0  libinit2.o(.ARM.Collect$$libinit$$0000002C)
    .ARM.Collect$$libinit$$0000002E          0x08000162   Section        0  libinit2.o(.ARM.Collect$$libinit$$0000002E)
    .ARM.Collect$$libinit$$00000030          0x08000162   Section        0  libinit2.o(.ARM.Collect$$libinit$$00000030)
    .ARM.Collect$$libinit$$00000032          0x08000162   Section        0  libinit2.o(.ARM.Collect$$libinit$$00000032)
    .ARM.Collect$$libinit$$00000033          0x08000162   Section        2  libinit2.o(.ARM.Collect$$libinit$$00000033)
    .ARM.Collect$$libshutdown$$00000000      0x08000164   Section        2  libshutdown.o(.ARM.Collect$$libshutdown$$00000000)
    .ARM.Collect$$libshutdown$$00000002      0x08000166   Section        0  libshutdown2.o(.ARM.Collect$$libshutdown$$00000002)
    .ARM.Collect$$libshutdown$$00000004      0x08000166   Section        0  libshutdown2.o(.ARM.Collect$$libshutdown$$00000004)
    .ARM.Collect$$libshutdown$$00000007      0x08000166   Section        0  libshutdown2.o(.ARM.Collect$$libshutdown$$00000007)
    .ARM.Collect$$libshutdown$$0000000A      0x08000166   Section        0  libshutdown2.o(.ARM.Collect$$libshutdown$$0000000A)
    .ARM.Collect$$libshutdown$$0000000C      0x08000166   Section        0  libshutdown2.o(.ARM.Collect$$libshutdown$$0000000C)
    .ARM.Collect$$libshutdown$$0000000F      0x08000166   Section        0  libshutdown2.o(.ARM.Collect$$libshutdown$$0000000F)
    .ARM.Collect$$libshutdown$$00000010      0x08000166   Section        2  libshutdown2.o(.ARM.Collect$$libshutdown$$00000010)
    .ARM.Collect$$rtentry$$00000000          0x08000168   Section        0  __rtentry.o(.ARM.Collect$$rtentry$$00000000)
    .ARM.Collect$$rtentry$$00000002          0x08000168   Section        0  __rtentry2.o(.ARM.Collect$$rtentry$$00000002)
    .ARM.Collect$$rtentry$$00000004          0x08000168   Section        6  __rtentry4.o(.ARM.Collect$$rtentry$$00000004)
    .ARM.Collect$$rtentry$$00000009          0x0800016e   Section        0  __rtentry2.o(.ARM.Collect$$rtentry$$00000009)
    .ARM.Collect$$rtentry$$0000000A          0x0800016e   Section        4  __rtentry2.o(.ARM.Collect$$rtentry$$0000000A)
    .ARM.Collect$$rtentry$$0000000C          0x08000172   Section        0  __rtentry2.o(.ARM.Collect$$rtentry$$0000000C)
    .ARM.Collect$$rtentry$$0000000D          0x08000172   Section        8  __rtentry2.o(.ARM.Collect$$rtentry$$0000000D)
    .ARM.Collect$$rtexit$$00000000           0x0800017a   Section        2  rtexit.o(.ARM.Collect$$rtexit$$00000000)
    .ARM.Collect$$rtexit$$00000002           0x0800017c   Section        0  rtexit2.o(.ARM.Collect$$rtexit$$00000002)
    .ARM.Collect$$rtexit$$00000003           0x0800017c   Section        4  rtexit2.o(.ARM.Collect$$rtexit$$00000003)
    .ARM.Collect$$rtexit$$00000004           0x08000180   Section        6  rtexit2.o(.ARM.Collect$$rtexit$$00000004)
    .emb_text                                0x08000188   Section      150  port.o(.emb_text)
    .text                                    0x08000220   Section       64  startup_stm32f103xb.o(.text)
    .text                                    0x08000260   Section        2  use_no_semi_2.o(.text)
    .text                                    0x08000264   Section        0  noretval__2printf.o(.text)
    .text                                    0x0800027c   Section      138  rt_memcpy_v6.o(.text)
    .text                                    0x08000306   Section        0  heapauxi.o(.text)
    .text                                    0x0800030c   Section        2  use_no_semi.o(.text)
    .text                                    0x08000310   Section        0  _printf_char_file.o(.text)
    .text                                    0x08000334   Section      100  rt_memcpy_w.o(.text)
    .text                                    0x08000398   Section        0  _printf_char_common.o(.text)
    _printf_input_char                       0x08000399   Thumb Code    10  _printf_char_common.o(.text)
    .text                                    0x080003c8   Section        0  ferror.o(.text)
    .text                                    0x080003d0   Section       74  sys_stackheap_outer.o(.text)
    .text                                    0x0800041a   Section        0  __printf_nopercent.o(.text)
    .text                                    0x08000442   Section        0  exit.o(.text)
    .text                                    0x08000454   Section        8  libspace.o(.text)
    i.BusFault_Handler                       0x0800045c   Section        0  stm32f1xx_it.o(i.BusFault_Handler)
    i.DebugMon_Handler                       0x08000460   Section        0  stm32f1xx_it.o(i.DebugMon_Handler)
    i.HAL_DMA_Abort                          0x08000462   Section        0  stm32f1xx_hal_dma.o(i.HAL_DMA_Abort)
    i.HAL_DMA_Abort_IT                       0x080004b8   Section        0  stm32f1xx_hal_dma.o(i.HAL_DMA_Abort_IT)
    i.HAL_GPIO_Init                          0x08000568   Section        0  stm32f1xx_hal_gpio.o(i.HAL_GPIO_Init)
    i.HAL_GPIO_WritePin                      0x08000888   Section        0  stm32f1xx_hal_gpio.o(i.HAL_GPIO_WritePin)
    i.HAL_GetTick                            0x08000894   Section        0  stm32f1xx_hal.o(i.HAL_GetTick)
    i.HAL_Init                               0x080008a0   Section        0  stm32f1xx_hal.o(i.HAL_Init)
    i.HAL_InitTick                           0x080008c8   Section        0  stm32f1xx_hal.o(i.HAL_InitTick)
    i.HAL_MspInit                            0x08000914   Section        0  stm32f1xx_hal.o(i.HAL_MspInit)
    i.HAL_NVIC_EnableIRQ                     0x08000916   Section        0  stm32f1xx_hal_cortex.o(i.HAL_NVIC_EnableIRQ)
    i.HAL_NVIC_SetPriority                   0x08000936   Section        0  stm32f1xx_hal_cortex.o(i.HAL_NVIC_SetPriority)
    i.HAL_NVIC_SetPriorityGrouping           0x080009b4   Section        0  stm32f1xx_hal_cortex.o(i.HAL_NVIC_SetPriorityGrouping)
    i.HAL_RCC_ClockConfig                    0x080009dc   Section        0  stm32f1xx_hal_rcc.o(i.HAL_RCC_ClockConfig)
    i.HAL_RCC_GetHCLKFreq                    0x08000b68   Section        0  stm32f1xx_hal_rcc.o(i.HAL_RCC_GetHCLKFreq)
    i.HAL_RCC_GetPCLK1Freq                   0x08000b74   Section        0  stm32f1xx_hal_rcc.o(i.HAL_RCC_GetPCLK1Freq)
    i.HAL_RCC_GetPCLK2Freq                   0x08000b94   Section        0  stm32f1xx_hal_rcc.o(i.HAL_RCC_GetPCLK2Freq)
    i.HAL_RCC_GetSysClockFreq                0x08000bb4   Section        0  stm32f1xx_hal_rcc.o(i.HAL_RCC_GetSysClockFreq)
    i.HAL_RCC_OscConfig                      0x08000c24   Section        0  stm32f1xx_hal_rcc.o(i.HAL_RCC_OscConfig)
    i.HAL_SYSTICK_CLKSourceConfig            0x08001088   Section        0  stm32f1xx_hal_cortex.o(i.HAL_SYSTICK_CLKSourceConfig)
    i.HAL_SYSTICK_Config                     0x080010b0   Section        0  stm32f1xx_hal_cortex.o(i.HAL_SYSTICK_Config)
    i.HAL_UARTEx_RxEventCallback             0x080010e4   Section        0  stm32f1xx_hal_uart.o(i.HAL_UARTEx_RxEventCallback)
    i.HAL_UART_ErrorCallback                 0x080010e6   Section        0  stm32f1xx_hal_uart.o(i.HAL_UART_ErrorCallback)
    i.HAL_UART_GetState                      0x080010e8   Section        0  stm32f1xx_hal_uart.o(i.HAL_UART_GetState)
    i.HAL_UART_IRQHandler                    0x080010fc   Section        0  stm32f1xx_hal_uart.o(i.HAL_UART_IRQHandler)
    i.HAL_UART_Init                          0x080013e0   Section        0  stm32f1xx_hal_uart.o(i.HAL_UART_Init)
    i.HAL_UART_MspInit                       0x08001458   Section        0  usart.o(i.HAL_UART_MspInit)
    i.HAL_UART_Receive_IT                    0x08001500   Section        0  stm32f1xx_hal_uart.o(i.HAL_UART_Receive_IT)
    i.HAL_UART_RxCpltCallback                0x0800152c   Section        0  usart.o(i.HAL_UART_RxCpltCallback)
    i.HAL_UART_TxCpltCallback                0x080015b4   Section        0  stm32f1xx_hal_uart.o(i.HAL_UART_TxCpltCallback)
    i.HardFault_Handler                      0x080015b6   Section        0  stm32f1xx_it.o(i.HardFault_Handler)
    i.MemManage_Handler                      0x080015ba   Section        0  stm32f1xx_it.o(i.MemManage_Handler)
    i.NMI_Handler                            0x080015be   Section        0  stm32f1xx_it.o(i.NMI_Handler)
    i.RCC_Delay                              0x080015c0   Section        0  stm32f1xx_hal_rcc.o(i.RCC_Delay)
    RCC_Delay                                0x080015c1   Thumb Code    36  stm32f1xx_hal_rcc.o(i.RCC_Delay)
    i.Stm32_Clock_Init                       0x080015e8   Section        0  sys.o(i.Stm32_Clock_Init)
    i.SysTick_Handler                        0x08001640   Section        0  port.o(i.SysTick_Handler)
    i.SystemInit                             0x08001674   Section        0  system_stm32f1xx.o(i.SystemInit)
    i.UART_DMAAbortOnError                   0x08001676   Section        0  stm32f1xx_hal_uart.o(i.UART_DMAAbortOnError)
    UART_DMAAbortOnError                     0x08001677   Thumb Code    20  stm32f1xx_hal_uart.o(i.UART_DMAAbortOnError)
    i.UART_EndRxTransfer                     0x0800168a   Section        0  stm32f1xx_hal_uart.o(i.UART_EndRxTransfer)
    UART_EndRxTransfer                       0x0800168b   Thumb Code   108  stm32f1xx_hal_uart.o(i.UART_EndRxTransfer)
    i.UART_EndTransmit_IT                    0x080016f6   Section        0  stm32f1xx_hal_uart.o(i.UART_EndTransmit_IT)
    UART_EndTransmit_IT                      0x080016f7   Thumb Code    32  stm32f1xx_hal_uart.o(i.UART_EndTransmit_IT)
    i.UART_Receive_IT                        0x08001716   Section        0  stm32f1xx_hal_uart.o(i.UART_Receive_IT)
    UART_Receive_IT                          0x08001717   Thumb Code   252  stm32f1xx_hal_uart.o(i.UART_Receive_IT)
    i.UART_SetConfig                         0x08001814   Section        0  stm32f1xx_hal_uart.o(i.UART_SetConfig)
    UART_SetConfig                           0x08001815   Thumb Code   248  stm32f1xx_hal_uart.o(i.UART_SetConfig)
    i.UART_Start_Receive_IT                  0x08001910   Section        0  stm32f1xx_hal_uart.o(i.UART_Start_Receive_IT)
    i.UART_Transmit_IT                       0x08001950   Section        0  stm32f1xx_hal_uart.o(i.UART_Transmit_IT)
    UART_Transmit_IT                         0x08001951   Thumb Code    96  stm32f1xx_hal_uart.o(i.UART_Transmit_IT)
    i.USART1_IRQHandler                      0x080019b0   Section        0  usart.o(i.USART1_IRQHandler)
    i.UsageFault_Handler                     0x080019f0   Section        0  stm32f1xx_it.o(i.UsageFault_Handler)
    i.__NVIC_GetPriorityGrouping             0x080019f4   Section        0  stm32f1xx_hal_cortex.o(i.__NVIC_GetPriorityGrouping)
    __NVIC_GetPriorityGrouping               0x080019f5   Thumb Code    10  stm32f1xx_hal_cortex.o(i.__NVIC_GetPriorityGrouping)
    i.__NVIC_SetPriority                     0x08001a04   Section        0  stm32f1xx_hal_cortex.o(i.__NVIC_SetPriority)
    __NVIC_SetPriority                       0x08001a05   Thumb Code    32  stm32f1xx_hal_cortex.o(i.__NVIC_SetPriority)
    i._sys_exit                              0x08001a2c   Section        0  usart.o(i._sys_exit)
    i.delay_init                             0x08001a30   Section        0  delay.o(i.delay_init)
    i.delay_ms                               0x08001a44   Section        0  delay.o(i.delay_ms)
    i.delay_us                               0x08001a5c   Section        0  delay.o(i.delay_us)
    i.fputc                                  0x08001aa4   Section        0  usart.o(i.fputc)
    i.led_init                               0x08001ac0   Section        0  main.o(i.led_init)
    i.main                                   0x08001b04   Section        0  main.o(i.main)
    i.prvAddCurrentTaskToDelayedList         0x08001bb4   Section        0  tasks.o(i.prvAddCurrentTaskToDelayedList)
    prvAddCurrentTaskToDelayedList           0x08001bb5   Thumb Code   124  tasks.o(i.prvAddCurrentTaskToDelayedList)
    i.prvAddNewTaskToReadyList               0x08001c4c   Section        0  tasks.o(i.prvAddNewTaskToReadyList)
    prvAddNewTaskToReadyList                 0x08001c4d   Thumb Code   150  tasks.o(i.prvAddNewTaskToReadyList)
    i.prvCheckForValidListAndQueue           0x08001d00   Section        0  timers.o(i.prvCheckForValidListAndQueue)
    prvCheckForValidListAndQueue             0x08001d01   Thumb Code    72  timers.o(i.prvCheckForValidListAndQueue)
    i.prvCheckTasksWaitingTermination        0x08001d64   Section        0  tasks.o(i.prvCheckTasksWaitingTermination)
    prvCheckTasksWaitingTermination          0x08001d65   Thumb Code    86  tasks.o(i.prvCheckTasksWaitingTermination)
    i.prvCopyDataFromQueue                   0x08001dc8   Section        0  queue.o(i.prvCopyDataFromQueue)
    prvCopyDataFromQueue                     0x08001dc9   Thumb Code    42  queue.o(i.prvCopyDataFromQueue)
    i.prvCopyDataToQueue                     0x08001df2   Section        0  queue.o(i.prvCopyDataToQueue)
    prvCopyDataToQueue                       0x08001df3   Thumb Code   124  queue.o(i.prvCopyDataToQueue)
    i.prvDeleteTCB                           0x08001e6e   Section        0  tasks.o(i.prvDeleteTCB)
    prvDeleteTCB                             0x08001e6f   Thumb Code    18  tasks.o(i.prvDeleteTCB)
    i.prvGetNextExpireTime                   0x08001e80   Section        0  timers.o(i.prvGetNextExpireTime)
    prvGetNextExpireTime                     0x08001e81   Thumb Code    36  timers.o(i.prvGetNextExpireTime)
    i.prvHeapInit                            0x08001ea8   Section        0  heap_4.o(i.prvHeapInit)
    prvHeapInit                              0x08001ea9   Thumb Code    98  heap_4.o(i.prvHeapInit)
    i.prvIdleTask                            0x08001f24   Section        0  tasks.o(i.prvIdleTask)
    prvIdleTask                              0x08001f25   Thumb Code    32  tasks.o(i.prvIdleTask)
    i.prvInitialiseNewQueue                  0x08001f4c   Section        0  queue.o(i.prvInitialiseNewQueue)
    prvInitialiseNewQueue                    0x08001f4d   Thumb Code    42  queue.o(i.prvInitialiseNewQueue)
    i.prvInitialiseNewTask                   0x08001f76   Section        0  tasks.o(i.prvInitialiseNewTask)
    prvInitialiseNewTask                     0x08001f77   Thumb Code   134  tasks.o(i.prvInitialiseNewTask)
    i.prvInitialiseTaskLists                 0x08001ffc   Section        0  tasks.o(i.prvInitialiseTaskLists)
    prvInitialiseTaskLists                   0x08001ffd   Thumb Code    70  tasks.o(i.prvInitialiseTaskLists)
    i.prvInsertBlockIntoFreeList             0x08002064   Section        0  heap_4.o(i.prvInsertBlockIntoFreeList)
    prvInsertBlockIntoFreeList               0x08002065   Thumb Code    96  heap_4.o(i.prvInsertBlockIntoFreeList)
    i.prvInsertTimerInActiveList             0x080020cc   Section        0  timers.o(i.prvInsertTimerInActiveList)
    prvInsertTimerInActiveList               0x080020cd   Thumb Code    80  timers.o(i.prvInsertTimerInActiveList)
    i.prvIsQueueEmpty                        0x08002124   Section        0  queue.o(i.prvIsQueueEmpty)
    prvIsQueueEmpty                          0x08002125   Thumb Code    26  queue.o(i.prvIsQueueEmpty)
    i.prvIsQueueFull                         0x0800213e   Section        0  queue.o(i.prvIsQueueFull)
    prvIsQueueFull                           0x0800213f   Thumb Code    30  queue.o(i.prvIsQueueFull)
    i.prvNotifyQueueSetContainer             0x0800215c   Section        0  queue.o(i.prvNotifyQueueSetContainer)
    prvNotifyQueueSetContainer               0x0800215d   Thumb Code    82  queue.o(i.prvNotifyQueueSetContainer)
    i.prvProcessExpiredTimer                 0x080021b0   Section        0  timers.o(i.prvProcessExpiredTimer)
    prvProcessExpiredTimer                   0x080021b1   Thumb Code    70  timers.o(i.prvProcessExpiredTimer)
    i.prvProcessReceivedCommands             0x080021fc   Section        0  timers.o(i.prvProcessReceivedCommands)
    prvProcessReceivedCommands               0x080021fd   Thumb Code   202  timers.o(i.prvProcessReceivedCommands)
    i.prvProcessTimerOrBlockTask             0x080022cc   Section        0  timers.o(i.prvProcessTimerOrBlockTask)
    prvProcessTimerOrBlockTask               0x080022cd   Thumb Code   102  timers.o(i.prvProcessTimerOrBlockTask)
    i.prvResetNextTaskUnblockTime            0x08002340   Section        0  tasks.o(i.prvResetNextTaskUnblockTime)
    prvResetNextTaskUnblockTime              0x08002341   Thumb Code    42  tasks.o(i.prvResetNextTaskUnblockTime)
    i.prvSampleTimeNow                       0x08002374   Section        0  timers.o(i.prvSampleTimeNow)
    prvSampleTimeNow                         0x08002375   Thumb Code    40  timers.o(i.prvSampleTimeNow)
    i.prvSwitchTimerLists                    0x080023a0   Section        0  timers.o(i.prvSwitchTimerLists)
    prvSwitchTimerLists                      0x080023a1   Thumb Code   122  timers.o(i.prvSwitchTimerLists)
    i.prvTaskExitError                       0x08002424   Section        0  port.o(i.prvTaskExitError)
    prvTaskExitError                         0x08002425   Thumb Code    22  port.o(i.prvTaskExitError)
    i.prvTimerTask                           0x0800243a   Section        0  timers.o(i.prvTimerTask)
    prvTimerTask                             0x0800243b   Thumb Code    26  timers.o(i.prvTimerTask)
    i.prvUnlockQueue                         0x08002454   Section        0  queue.o(i.prvUnlockQueue)
    prvUnlockQueue                           0x08002455   Thumb Code   146  queue.o(i.prvUnlockQueue)
    i.pvPortMalloc                           0x080024e8   Section        0  heap_4.o(i.pvPortMalloc)
    i.pvTaskIncrementMutexHeldCount          0x080025b8   Section        0  tasks.o(i.pvTaskIncrementMutexHeldCount)
    i.pxPortInitialiseStack                  0x080025d8   Section        0  port.o(i.pxPortInitialiseStack)
    i.uart_init                              0x080025fc   Section        0  usart.o(i.uart_init)
    i.uxListRemove                           0x08002634   Section        0  list.o(i.uxListRemove)
    i.vListInitialise                        0x0800265c   Section        0  list.o(i.vListInitialise)
    i.vListInitialiseItem                    0x08002676   Section        0  list.o(i.vListInitialiseItem)
    i.vListInsert                            0x0800267c   Section        0  list.o(i.vListInsert)
    i.vListInsertEnd                         0x080026b0   Section        0  list.o(i.vListInsertEnd)
    i.vPortEnterCritical                     0x080026c8   Section        0  port.o(i.vPortEnterCritical)
    i.vPortExitCritical                      0x080026ec   Section        0  port.o(i.vPortExitCritical)
    i.vPortFree                              0x0800270c   Section        0  heap_4.o(i.vPortFree)
    i.vPortSetupTimerInterrupt               0x08002754   Section        0  port.o(i.vPortSetupTimerInterrupt)
    i.vQueueAddToRegistry                    0x08002768   Section        0  queue.o(i.vQueueAddToRegistry)
    i.vQueueWaitForMessageRestricted         0x08002794   Section        0  queue.o(i.vQueueWaitForMessageRestricted)
    i.vTaskMissedYield                       0x080027e0   Section        0  tasks.o(i.vTaskMissedYield)
    i.vTaskPlaceOnEventList                  0x080027ec   Section        0  tasks.o(i.vTaskPlaceOnEventList)
    i.vTaskPlaceOnEventListRestricted        0x0800280c   Section        0  tasks.o(i.vTaskPlaceOnEventListRestricted)
    i.vTaskPriorityInherit                   0x08002834   Section        0  tasks.o(i.vTaskPriorityInherit)
    i.vTaskSetTimeOutState                   0x080028e4   Section        0  tasks.o(i.vTaskSetTimeOutState)
    i.vTaskStartScheduler                    0x080028fc   Section        0  tasks.o(i.vTaskStartScheduler)
    i.vTaskSuspendAll                        0x0800296c   Section        0  tasks.o(i.vTaskSuspendAll)
    i.vTaskSwitchContext                     0x0800297c   Section        0  tasks.o(i.vTaskSwitchContext)
    i.vTestTask                              0x080029dc   Section        0  main.o(i.vTestTask)
    i.xPortStartScheduler                    0x080029e0   Section        0  port.o(i.xPortStartScheduler)
    i.xQueueGenericCreate                    0x08002a14   Section        0  queue.o(i.xQueueGenericCreate)
    i.xQueueGenericReceive                   0x08002a4c   Section        0  queue.o(i.xQueueGenericReceive)
    i.xQueueGenericReset                     0x08002ba8   Section        0  queue.o(i.xQueueGenericReset)
    i.xQueueGenericSend                      0x08002c28   Section        0  queue.o(i.xQueueGenericSend)
    i.xQueueGenericSendFromISR               0x08002d60   Section        0  queue.o(i.xQueueGenericSendFromISR)
    i.xTaskCheckForTimeOut                   0x08002dfc   Section        0  tasks.o(i.xTaskCheckForTimeOut)
    i.xTaskCreate                            0x08002e58   Section        0  tasks.o(i.xTaskCreate)
    i.xTaskGetSchedulerState                 0x08002eb8   Section        0  tasks.o(i.xTaskGetSchedulerState)
    i.xTaskGetTickCount                      0x08002ed8   Section        0  tasks.o(i.xTaskGetTickCount)
    i.xTaskIncrementTick                     0x08002ee4   Section        0  tasks.o(i.xTaskIncrementTick)
    i.xTaskPriorityDisinherit                0x08003000   Section        0  tasks.o(i.xTaskPriorityDisinherit)
    i.xTaskRemoveFromEventList               0x08003084   Section        0  tasks.o(i.xTaskRemoveFromEventList)
    i.xTaskResumeAll                         0x08003104   Section        0  tasks.o(i.xTaskResumeAll)
    i.xTimerCreateTimerTask                  0x080031ec   Section        0  timers.o(i.xTimerCreateTimerTask)
    i.xTimerGenericCommand                   0x08003228   Section        0  timers.o(i.xTimerGenericCommand)
    .constdata                               0x08003294   Section       24  system_stm32f1xx.o(.constdata)
    .constdata                               0x080032ac   Section       18  stm32f1xx_hal_rcc.o(.constdata)
    aPLLMULFactorTable                       0x080032ac   Data          16  stm32f1xx_hal_rcc.o(.constdata)
    aPredivFactorTable                       0x080032bc   Data           2  stm32f1xx_hal_rcc.o(.constdata)
    .data                                    0x20000000   Section        4  system_stm32f1xx.o(.data)
    .data                                    0x20000004   Section        4  delay.o(.data)
    fac_us                                   0x20000004   Data           4  delay.o(.data)
    .data                                    0x20000008   Section        7  usart.o(.data)
    .data                                    0x20000010   Section        9  stm32f1xx_hal.o(.data)
    .data                                    0x2000001c   Section       60  tasks.o(.data)
    pxDelayedTaskList                        0x20000020   Data           4  tasks.o(.data)
    pxOverflowDelayedTaskList                0x20000024   Data           4  tasks.o(.data)
    uxDeletedTasksWaitingCleanUp             0x20000028   Data           4  tasks.o(.data)
    uxCurrentNumberOfTasks                   0x2000002c   Data           4  tasks.o(.data)
    xTickCount                               0x20000030   Data           4  tasks.o(.data)
    uxTopReadyPriority                       0x20000034   Data           4  tasks.o(.data)
    xSchedulerRunning                        0x20000038   Data           4  tasks.o(.data)
    uxPendedTicks                            0x2000003c   Data           4  tasks.o(.data)
    xYieldPending                            0x20000040   Data           4  tasks.o(.data)
    xNumOfOverflows                          0x20000044   Data           4  tasks.o(.data)
    uxTaskNumber                             0x20000048   Data           4  tasks.o(.data)
    xNextTaskUnblockTime                     0x2000004c   Data           4  tasks.o(.data)
    xIdleTaskHandle                          0x20000050   Data           4  tasks.o(.data)
    uxSchedulerSuspended                     0x20000054   Data           4  tasks.o(.data)
    .data                                    0x20000058   Section       20  timers.o(.data)
    pxCurrentTimerList                       0x20000058   Data           4  timers.o(.data)
    pxOverflowTimerList                      0x2000005c   Data           4  timers.o(.data)
    xTimerQueue                              0x20000060   Data           4  timers.o(.data)
    xTimerTaskHandle                         0x20000064   Data           4  timers.o(.data)
    xLastTime                                0x20000068   Data           4  timers.o(.data)
    .data                                    0x2000006c   Section       24  heap_4.o(.data)
    xStart                                   0x2000006c   Data           8  heap_4.o(.data)
    pxEnd                                    0x20000074   Data           4  heap_4.o(.data)
    xFreeBytesRemaining                      0x20000078   Data           4  heap_4.o(.data)
    xMinimumEverFreeBytesRemaining           0x2000007c   Data           4  heap_4.o(.data)
    xBlockAllocatedBit                       0x20000080   Data           4  heap_4.o(.data)
    .data                                    0x20000084   Section        4  port.o(.data)
    uxCriticalNesting                        0x20000084   Data           4  port.o(.data)
    .bss                                     0x20000088   Section      272  usart.o(.bss)
    .bss                                     0x20000198   Section       80  queue.o(.bss)
    .bss                                     0x200001e8   Section      200  tasks.o(.bss)
    pxReadyTasksLists                        0x200001e8   Data         100  tasks.o(.bss)
    xDelayedTaskList1                        0x2000024c   Data          20  tasks.o(.bss)
    xDelayedTaskList2                        0x20000260   Data          20  tasks.o(.bss)
    xPendingReadyList                        0x20000274   Data          20  tasks.o(.bss)
    xTasksWaitingTermination                 0x20000288   Data          20  tasks.o(.bss)
    xSuspendedTaskList                       0x2000029c   Data          20  tasks.o(.bss)
    .bss                                     0x200002b0   Section       40  timers.o(.bss)
    xActiveTimerList1                        0x200002b0   Data          20  timers.o(.bss)
    xActiveTimerList2                        0x200002c4   Data          20  timers.o(.bss)
    .bss                                     0x200002d8   Section    17408  heap_4.o(.bss)
    ucHeap                                   0x200002d8   Data       17408  heap_4.o(.bss)
    .bss                                     0x200046d8   Section       96  libspace.o(.bss)
    HEAP                                     0x20004738   Section      512  startup_stm32f103xb.o(HEAP)
    Heap_Mem                                 0x20004738   Data         512  startup_stm32f103xb.o(HEAP)
    STACK                                    0x20004938   Section     1024  startup_stm32f103xb.o(STACK)
    Stack_Mem                                0x20004938   Data        1024  startup_stm32f103xb.o(STACK)
    __initial_sp                             0x20004d38   Data           0  startup_stm32f103xb.o(STACK)

    Global Symbols

    Symbol Name                              Value     Ov Type        Size  Object(Section)

    BuildAttributes$$THM_ISAv4$P$D$K$B$S$PE$A:L22UL41UL21$X:L11$S22US41US21$IEEE1$IW$USESV6$~STKCKD$USESV7$~SHL$OSPACE$ROPI$EBA8$UX$STANDARDLIB$REQ8$PRES8$EABIv2 0x00000000   Number         0  anon$$obj.o ABSOLUTE
    __ARM_use_no_argv                        0x00000000   Number         0  main.o ABSOLUTE
    __ARM_exceptions_init                     - Undefined Weak Reference
    __alloca_initialize                       - Undefined Weak Reference
    __arm_preinit_                            - Undefined Weak Reference
    __cpp_initialize__aeabi_                  - Undefined Weak Reference
    __cxa_finalize                            - Undefined Weak Reference
    __rt_locale                               - Undefined Weak Reference
    __sigvec_lookup                           - Undefined Weak Reference
    _atexit_init                              - Undefined Weak Reference
    _call_atexit_fns                          - Undefined Weak Reference
    _clock_init                               - Undefined Weak Reference
    _fp_trap_init                             - Undefined Weak Reference
    _fp_trap_shutdown                         - Undefined Weak Reference
    _get_lc_collate                           - Undefined Weak Reference
    _get_lc_ctype                             - Undefined Weak Reference
    _get_lc_monetary                          - Undefined Weak Reference
    _get_lc_numeric                           - Undefined Weak Reference
    _get_lc_time                              - Undefined Weak Reference
    _getenv_init                              - Undefined Weak Reference
    _handle_redirection                       - Undefined Weak Reference
    _init_alloc                               - Undefined Weak Reference
    _init_user_alloc                          - Undefined Weak Reference
    _initio                                   - Undefined Weak Reference
    _mutex_acquire                            - Undefined Weak Reference
    _mutex_release                            - Undefined Weak Reference
    _rand_init                                - Undefined Weak Reference
    _signal_finish                            - Undefined Weak Reference
    _signal_init                              - Undefined Weak Reference
    _terminate_alloc                          - Undefined Weak Reference
    _terminate_user_alloc                     - Undefined Weak Reference
    _terminateio                              - Undefined Weak Reference
    __Vectors_Size                           0x000000ec   Number         0  startup_stm32f103xb.o ABSOLUTE
    __Vectors                                0x08000000   Data           4  startup_stm32f103xb.o(RESET)
    __Vectors_End                            0x080000ec   Data           0  startup_stm32f103xb.o(RESET)
    __main                                   0x080000ed   Thumb Code     8  __main.o(!!!main)
    __scatterload                            0x080000f5   Thumb Code     0  __scatter.o(!!!scatter)
    __scatterload_rt2                        0x080000f5   Thumb Code    44  __scatter.o(!!!scatter)
    __scatterload_rt2_thumb_only             0x080000f5   Thumb Code     0  __scatter.o(!!!scatter)
    __scatterload_null                       0x08000103   Thumb Code     0  __scatter.o(!!!scatter)
    __scatterload_copy                       0x08000129   Thumb Code    26  __scatter_copy.o(!!handler_copy)
    __scatterload_zeroinit                   0x08000145   Thumb Code    28  __scatter_zi.o(!!handler_zi)
    __rt_lib_init                            0x08000161   Thumb Code     0  libinit.o(.ARM.Collect$$libinit$$00000000)
    __rt_lib_init_alloca_1                   0x08000163   Thumb Code     0  libinit2.o(.ARM.Collect$$libinit$$0000002E)
    __rt_lib_init_argv_1                     0x08000163   Thumb Code     0  libinit2.o(.ARM.Collect$$libinit$$0000002C)
    __rt_lib_init_atexit_1                   0x08000163   Thumb Code     0  libinit2.o(.ARM.Collect$$libinit$$0000001B)
    __rt_lib_init_clock_1                    0x08000163   Thumb Code     0  libinit2.o(.ARM.Collect$$libinit$$00000021)
    __rt_lib_init_cpp_1                      0x08000163   Thumb Code     0  libinit2.o(.ARM.Collect$$libinit$$00000032)
    __rt_lib_init_exceptions_1               0x08000163   Thumb Code     0  libinit2.o(.ARM.Collect$$libinit$$00000030)
    __rt_lib_init_fp_1                       0x08000163   Thumb Code     0  libinit2.o(.ARM.Collect$$libinit$$00000002)
    __rt_lib_init_fp_trap_1                  0x08000163   Thumb Code     0  libinit2.o(.ARM.Collect$$libinit$$0000001F)
    __rt_lib_init_getenv_1                   0x08000163   Thumb Code     0  libinit2.o(.ARM.Collect$$libinit$$00000023)
    __rt_lib_init_heap_1                     0x08000163   Thumb Code     0  libinit2.o(.ARM.Collect$$libinit$$0000000A)
    __rt_lib_init_lc_collate_1               0x08000163   Thumb Code     0  libinit2.o(.ARM.Collect$$libinit$$00000011)
    __rt_lib_init_lc_ctype_1                 0x08000163   Thumb Code     0  libinit2.o(.ARM.Collect$$libinit$$00000013)
    __rt_lib_init_lc_monetary_1              0x08000163   Thumb Code     0  libinit2.o(.ARM.Collect$$libinit$$00000015)
    __rt_lib_init_lc_numeric_1               0x08000163   Thumb Code     0  libinit2.o(.ARM.Collect$$libinit$$00000017)
    __rt_lib_init_lc_time_1                  0x08000163   Thumb Code     0  libinit2.o(.ARM.Collect$$libinit$$00000019)
    __rt_lib_init_preinit_1                  0x08000163   Thumb Code     0  libinit2.o(.ARM.Collect$$libinit$$00000004)
    __rt_lib_init_rand_1                     0x08000163   Thumb Code     0  libinit2.o(.ARM.Collect$$libinit$$0000000E)
    __rt_lib_init_return                     0x08000163   Thumb Code     0  libinit2.o(.ARM.Collect$$libinit$$00000033)
    __rt_lib_init_signal_1                   0x08000163   Thumb Code     0  libinit2.o(.ARM.Collect$$libinit$$0000001D)
    __rt_lib_init_stdio_1                    0x08000163   Thumb Code     0  libinit2.o(.ARM.Collect$$libinit$$00000025)
    __rt_lib_init_user_alloc_1               0x08000163   Thumb Code     0  libinit2.o(.ARM.Collect$$libinit$$0000000C)
    __rt_lib_shutdown                        0x08000165   Thumb Code     0  libshutdown.o(.ARM.Collect$$libshutdown$$00000000)
    __rt_lib_shutdown_cpp_1                  0x08000167   Thumb Code     0  libshutdown2.o(.ARM.Collect$$libshutdown$$00000002)
    __rt_lib_shutdown_fp_trap_1              0x08000167   Thumb Code     0  libshutdown2.o(.ARM.Collect$$libshutdown$$00000007)
    __rt_lib_shutdown_heap_1                 0x08000167   Thumb Code     0  libshutdown2.o(.ARM.Collect$$libshutdown$$0000000F)
    __rt_lib_shutdown_return                 0x08000167   Thumb Code     0  libshutdown2.o(.ARM.Collect$$libshutdown$$00000010)
    __rt_lib_shutdown_signal_1               0x08000167   Thumb Code     0  libshutdown2.o(.ARM.Collect$$libshutdown$$0000000A)
    __rt_lib_shutdown_stdio_1                0x08000167   Thumb Code     0  libshutdown2.o(.ARM.Collect$$libshutdown$$00000004)
    __rt_lib_shutdown_user_alloc_1           0x08000167   Thumb Code     0  libshutdown2.o(.ARM.Collect$$libshutdown$$0000000C)
    __rt_entry                               0x08000169   Thumb Code     0  __rtentry.o(.ARM.Collect$$rtentry$$00000000)
    __rt_entry_presh_1                       0x08000169   Thumb Code     0  __rtentry2.o(.ARM.Collect$$rtentry$$00000002)
    __rt_entry_sh                            0x08000169   Thumb Code     0  __rtentry4.o(.ARM.Collect$$rtentry$$00000004)
    __rt_entry_li                            0x0800016f   Thumb Code     0  __rtentry2.o(.ARM.Collect$$rtentry$$0000000A)
    __rt_entry_postsh_1                      0x0800016f   Thumb Code     0  __rtentry2.o(.ARM.Collect$$rtentry$$00000009)
    __rt_entry_main                          0x08000173   Thumb Code     0  __rtentry2.o(.ARM.Collect$$rtentry$$0000000D)
    __rt_entry_postli_1                      0x08000173   Thumb Code     0  __rtentry2.o(.ARM.Collect$$rtentry$$0000000C)
    __rt_exit                                0x0800017b   Thumb Code     0  rtexit.o(.ARM.Collect$$rtexit$$00000000)
    __rt_exit_ls                             0x0800017d   Thumb Code     0  rtexit2.o(.ARM.Collect$$rtexit$$00000003)
    __rt_exit_prels_1                        0x0800017d   Thumb Code     0  rtexit2.o(.ARM.Collect$$rtexit$$00000002)
    __rt_exit_exit                           0x08000181   Thumb Code     0  rtexit2.o(.ARM.Collect$$rtexit$$00000004)
    SVC_Handler                              0x08000189   Thumb Code    32  port.o(.emb_text)
    __asm___6_port_c_39a90d8d__prvStartFirstTask 0x080001ad   Thumb Code    28  port.o(.emb_text)
    PendSV_Handler                           0x080001cd   Thumb Code    72  port.o(.emb_text)
    vPortGetIPSR                             0x08000219   Thumb Code     6  port.o(.emb_text)
    Reset_Handler                            0x08000221   Thumb Code     8  startup_stm32f103xb.o(.text)
    ADC1_2_IRQHandler                        0x0800023b   Thumb Code     0  startup_stm32f103xb.o(.text)
    CAN1_RX1_IRQHandler                      0x0800023b   Thumb Code     0  startup_stm32f103xb.o(.text)
    CAN1_SCE_IRQHandler                      0x0800023b   Thumb Code     0  startup_stm32f103xb.o(.text)
    DMA1_Channel1_IRQHandler                 0x0800023b   Thumb Code     0  startup_stm32f103xb.o(.text)
    DMA1_Channel2_IRQHandler                 0x0800023b   Thumb Code     0  startup_stm32f103xb.o(.text)
    DMA1_Channel3_IRQHandler                 0x0800023b   Thumb Code     0  startup_stm32f103xb.o(.text)
    DMA1_Channel4_IRQHandler                 0x0800023b   Thumb Code     0  startup_stm32f103xb.o(.text)
    DMA1_Channel5_IRQHandler                 0x0800023b   Thumb Code     0  startup_stm32f103xb.o(.text)
    DMA1_Channel6_IRQHandler                 0x0800023b   Thumb Code     0  startup_stm32f103xb.o(.text)
    DMA1_Channel7_IRQHandler                 0x0800023b   Thumb Code     0  startup_stm32f103xb.o(.text)
    EXTI0_IRQHandler                         0x0800023b   Thumb Code     0  startup_stm32f103xb.o(.text)
    EXTI15_10_IRQHandler                     0x0800023b   Thumb Code     0  startup_stm32f103xb.o(.text)
    EXTI1_IRQHandler                         0x0800023b   Thumb Code     0  startup_stm32f103xb.o(.text)
    EXTI2_IRQHandler                         0x0800023b   Thumb Code     0  startup_stm32f103xb.o(.text)
    EXTI3_IRQHandler                         0x0800023b   Thumb Code     0  startup_stm32f103xb.o(.text)
    EXTI4_IRQHandler                         0x0800023b   Thumb Code     0  startup_stm32f103xb.o(.text)
    EXTI9_5_IRQHandler                       0x0800023b   Thumb Code     0  startup_stm32f103xb.o(.text)
    FLASH_IRQHandler                         0x0800023b   Thumb Code     0  startup_stm32f103xb.o(.text)
    I2C1_ER_IRQHandler                       0x0800023b   Thumb Code     0  startup_stm32f103xb.o(.text)
    I2C1_EV_IRQHandler                       0x0800023b   Thumb Code     0  startup_stm32f103xb.o(.text)
    I2C2_ER_IRQHandler                       0x0800023b   Thumb Code     0  startup_stm32f103xb.o(.text)
    I2C2_EV_IRQHandler                       0x0800023b   Thumb Code     0  startup_stm32f103xb.o(.text)
    PVD_IRQHandler                           0x0800023b   Thumb Code     0  startup_stm32f103xb.o(.text)
    RCC_IRQHandler                           0x0800023b   Thumb Code     0  startup_stm32f103xb.o(.text)
    RTC_Alarm_IRQHandler                     0x0800023b   Thumb Code     0  startup_stm32f103xb.o(.text)
    RTC_IRQHandler                           0x0800023b   Thumb Code     0  startup_stm32f103xb.o(.text)
    SPI1_IRQHandler                          0x0800023b   Thumb Code     0  startup_stm32f103xb.o(.text)
    SPI2_IRQHandler                          0x0800023b   Thumb Code     0  startup_stm32f103xb.o(.text)
    TAMPER_IRQHandler                        0x0800023b   Thumb Code     0  startup_stm32f103xb.o(.text)
    TIM1_BRK_IRQHandler                      0x0800023b   Thumb Code     0  startup_stm32f103xb.o(.text)
    TIM1_CC_IRQHandler                       0x0800023b   Thumb Code     0  startup_stm32f103xb.o(.text)
    TIM1_TRG_COM_IRQHandler                  0x0800023b   Thumb Code     0  startup_stm32f103xb.o(.text)
    TIM1_UP_IRQHandler                       0x0800023b   Thumb Code     0  startup_stm32f103xb.o(.text)
    TIM2_IRQHandler                          0x0800023b   Thumb Code     0  startup_stm32f103xb.o(.text)
    TIM3_IRQHandler                          0x0800023b   Thumb Code     0  startup_stm32f103xb.o(.text)
    TIM4_IRQHandler                          0x0800023b   Thumb Code     0  startup_stm32f103xb.o(.text)
    USART2_IRQHandler                        0x0800023b   Thumb Code     0  startup_stm32f103xb.o(.text)
    USART3_IRQHandler                        0x0800023b   Thumb Code     0  startup_stm32f103xb.o(.text)
    USBWakeUp_IRQHandler                     0x0800023b   Thumb Code     0  startup_stm32f103xb.o(.text)
    USB_HP_CAN1_TX_IRQHandler                0x0800023b   Thumb Code     0  startup_stm32f103xb.o(.text)
    USB_LP_CAN1_RX0_IRQHandler               0x0800023b   Thumb Code     0  startup_stm32f103xb.o(.text)
    WWDG_IRQHandler                          0x0800023b   Thumb Code     0  startup_stm32f103xb.o(.text)
    __user_initial_stackheap                 0x0800023d   Thumb Code     0  startup_stm32f103xb.o(.text)
    __use_no_semihosting                     0x08000261   Thumb Code     2  use_no_semi_2.o(.text)
    __2printf                                0x08000265   Thumb Code    20  noretval__2printf.o(.text)
    __aeabi_memcpy                           0x0800027d   Thumb Code     0  rt_memcpy_v6.o(.text)
    __rt_memcpy                              0x0800027d   Thumb Code   138  rt_memcpy_v6.o(.text)
    _memcpy_lastbytes                        0x080002e3   Thumb Code     0  rt_memcpy_v6.o(.text)
    __use_two_region_memory                  0x08000307   Thumb Code     2  heapauxi.o(.text)
    __rt_heap_escrow$2region                 0x08000309   Thumb Code     2  heapauxi.o(.text)
    __rt_heap_expand$2region                 0x0800030b   Thumb Code     2  heapauxi.o(.text)
    __I$use$semihosting                      0x0800030d   Thumb Code     0  use_no_semi.o(.text)
    __use_no_semihosting_swi                 0x0800030d   Thumb Code     2  use_no_semi.o(.text)
    _printf_char_file                        0x08000311   Thumb Code    32  _printf_char_file.o(.text)
    __aeabi_memcpy4                          0x08000335   Thumb Code     0  rt_memcpy_w.o(.text)
    __aeabi_memcpy8                          0x08000335   Thumb Code     0  rt_memcpy_w.o(.text)
    __rt_memcpy_w                            0x08000335   Thumb Code   100  rt_memcpy_w.o(.text)
    _memcpy_lastbytes_aligned                0x0800037d   Thumb Code     0  rt_memcpy_w.o(.text)
    _printf_char_common                      0x080003a3   Thumb Code    32  _printf_char_common.o(.text)
    ferror                                   0x080003c9   Thumb Code     8  ferror.o(.text)
    __user_setup_stackheap                   0x080003d1   Thumb Code    74  sys_stackheap_outer.o(.text)
    __printf                                 0x0800041b   Thumb Code    40  __printf_nopercent.o(.text)
    exit                                     0x08000443   Thumb Code    18  exit.o(.text)
    __user_libspace                          0x08000455   Thumb Code     8  libspace.o(.text)
    __user_perproc_libspace                  0x08000455   Thumb Code     0  libspace.o(.text)
    __user_perthread_libspace                0x08000455   Thumb Code     0  libspace.o(.text)
    BusFault_Handler                         0x0800045d   Thumb Code     4  stm32f1xx_it.o(i.BusFault_Handler)
    DebugMon_Handler                         0x08000461   Thumb Code     2  stm32f1xx_it.o(i.DebugMon_Handler)
    HAL_DMA_Abort                            0x08000463   Thumb Code    86  stm32f1xx_hal_dma.o(i.HAL_DMA_Abort)
    HAL_DMA_Abort_IT                         0x080004b9   Thumb Code   172  stm32f1xx_hal_dma.o(i.HAL_DMA_Abort_IT)
    HAL_GPIO_Init                            0x08000569   Thumb Code   766  stm32f1xx_hal_gpio.o(i.HAL_GPIO_Init)
    HAL_GPIO_WritePin                        0x08000889   Thumb Code    12  stm32f1xx_hal_gpio.o(i.HAL_GPIO_WritePin)
    HAL_GetTick                              0x08000895   Thumb Code     6  stm32f1xx_hal.o(i.HAL_GetTick)
    HAL_Init                                 0x080008a1   Thumb Code    34  stm32f1xx_hal.o(i.HAL_Init)
    HAL_InitTick                             0x080008c9   Thumb Code    64  stm32f1xx_hal.o(i.HAL_InitTick)
    HAL_MspInit                              0x08000915   Thumb Code     2  stm32f1xx_hal.o(i.HAL_MspInit)
    HAL_NVIC_EnableIRQ                       0x08000917   Thumb Code    32  stm32f1xx_hal_cortex.o(i.HAL_NVIC_EnableIRQ)
    HAL_NVIC_SetPriority                     0x08000937   Thumb Code   124  stm32f1xx_hal_cortex.o(i.HAL_NVIC_SetPriority)
    HAL_NVIC_SetPriorityGrouping             0x080009b5   Thumb Code    32  stm32f1xx_hal_cortex.o(i.HAL_NVIC_SetPriorityGrouping)
    HAL_RCC_ClockConfig                      0x080009dd   Thumb Code   376  stm32f1xx_hal_rcc.o(i.HAL_RCC_ClockConfig)
    HAL_RCC_GetHCLKFreq                      0x08000b69   Thumb Code     6  stm32f1xx_hal_rcc.o(i.HAL_RCC_GetHCLKFreq)
    HAL_RCC_GetPCLK1Freq                     0x08000b75   Thumb Code    22  stm32f1xx_hal_rcc.o(i.HAL_RCC_GetPCLK1Freq)
    HAL_RCC_GetPCLK2Freq                     0x08000b95   Thumb Code    22  stm32f1xx_hal_rcc.o(i.HAL_RCC_GetPCLK2Freq)
    HAL_RCC_GetSysClockFreq                  0x08000bb5   Thumb Code    92  stm32f1xx_hal_rcc.o(i.HAL_RCC_GetSysClockFreq)
    HAL_RCC_OscConfig                        0x08000c25   Thumb Code  1114  stm32f1xx_hal_rcc.o(i.HAL_RCC_OscConfig)
    HAL_SYSTICK_CLKSourceConfig              0x08001089   Thumb Code    40  stm32f1xx_hal_cortex.o(i.HAL_SYSTICK_CLKSourceConfig)
    HAL_SYSTICK_Config                       0x080010b1   Thumb Code    52  stm32f1xx_hal_cortex.o(i.HAL_SYSTICK_Config)
    HAL_UARTEx_RxEventCallback               0x080010e5   Thumb Code     2  stm32f1xx_hal_uart.o(i.HAL_UARTEx_RxEventCallback)
    HAL_UART_ErrorCallback                   0x080010e7   Thumb Code     2  stm32f1xx_hal_uart.o(i.HAL_UART_ErrorCallback)
    HAL_UART_GetState                        0x080010e9   Thumb Code    20  stm32f1xx_hal_uart.o(i.HAL_UART_GetState)
    HAL_UART_IRQHandler                      0x080010fd   Thumb Code   736  stm32f1xx_hal_uart.o(i.HAL_UART_IRQHandler)
    HAL_UART_Init                            0x080013e1   Thumb Code   118  stm32f1xx_hal_uart.o(i.HAL_UART_Init)
    HAL_UART_MspInit                         0x08001459   Thumb Code   156  usart.o(i.HAL_UART_MspInit)
    HAL_UART_Receive_IT                      0x08001501   Thumb Code    44  stm32f1xx_hal_uart.o(i.HAL_UART_Receive_IT)
    HAL_UART_RxCpltCallback                  0x0800152d   Thumb Code   120  usart.o(i.HAL_UART_RxCpltCallback)
    HAL_UART_TxCpltCallback                  0x080015b5   Thumb Code     2  stm32f1xx_hal_uart.o(i.HAL_UART_TxCpltCallback)
    HardFault_Handler                        0x080015b7   Thumb Code     4  stm32f1xx_it.o(i.HardFault_Handler)
    MemManage_Handler                        0x080015bb   Thumb Code     4  stm32f1xx_it.o(i.MemManage_Handler)
    NMI_Handler                              0x080015bf   Thumb Code     2  stm32f1xx_it.o(i.NMI_Handler)
    Stm32_Clock_Init                         0x080015e9   Thumb Code    86  sys.o(i.Stm32_Clock_Init)
    SysTick_Handler                          0x08001641   Thumb Code    46  port.o(i.SysTick_Handler)
    SystemInit                               0x08001675   Thumb Code     2  system_stm32f1xx.o(i.SystemInit)
    UART_Start_Receive_IT                    0x08001911   Thumb Code    64  stm32f1xx_hal_uart.o(i.UART_Start_Receive_IT)
    USART1_IRQHandler                        0x080019b1   Thumb Code    56  usart.o(i.USART1_IRQHandler)
    UsageFault_Handler                       0x080019f1   Thumb Code     4  stm32f1xx_it.o(i.UsageFault_Handler)
    _sys_exit                                0x08001a2d   Thumb Code     4  usart.o(i._sys_exit)
    delay_init                               0x08001a31   Thumb Code    16  delay.o(i.delay_init)
    delay_ms                                 0x08001a45   Thumb Code    24  delay.o(i.delay_ms)
    delay_us                                 0x08001a5d   Thumb Code    68  delay.o(i.delay_us)
    fputc                                    0x08001aa5   Thumb Code    24  usart.o(i.fputc)
    led_init                                 0x08001ac1   Thumb Code    58  main.o(i.led_init)
    main                                     0x08001b05   Thumb Code   118  main.o(i.main)
    pvPortMalloc                             0x080024e9   Thumb Code   188  heap_4.o(i.pvPortMalloc)
    pvTaskIncrementMutexHeldCount            0x080025b9   Thumb Code    26  tasks.o(i.pvTaskIncrementMutexHeldCount)
    pxPortInitialiseStack                    0x080025d9   Thumb Code    30  port.o(i.pxPortInitialiseStack)
    uart_init                                0x080025fd   Thumb Code    44  usart.o(i.uart_init)
    uxListRemove                             0x08002635   Thumb Code    40  list.o(i.uxListRemove)
    vListInitialise                          0x0800265d   Thumb Code    26  list.o(i.vListInitialise)
    vListInitialiseItem                      0x08002677   Thumb Code     6  list.o(i.vListInitialiseItem)
    vListInsert                              0x0800267d   Thumb Code    52  list.o(i.vListInsert)
    vListInsertEnd                           0x080026b1   Thumb Code    24  list.o(i.vListInsertEnd)
    vPortEnterCritical                       0x080026c9   Thumb Code    30  port.o(i.vPortEnterCritical)
    vPortExitCritical                        0x080026ed   Thumb Code    28  port.o(i.vPortExitCritical)
    vPortFree                                0x0800270d   Thumb Code    64  heap_4.o(i.vPortFree)
    vPortSetupTimerInterrupt                 0x08002755   Thumb Code    14  port.o(i.vPortSetupTimerInterrupt)
    vQueueAddToRegistry                      0x08002769   Thumb Code    38  queue.o(i.vQueueAddToRegistry)
    vQueueWaitForMessageRestricted           0x08002795   Thumb Code    74  queue.o(i.vQueueWaitForMessageRestricted)
    vTaskMissedYield                         0x080027e1   Thumb Code     8  tasks.o(i.vTaskMissedYield)
    vTaskPlaceOnEventList                    0x080027ed   Thumb Code    28  tasks.o(i.vTaskPlaceOnEventList)
    vTaskPlaceOnEventListRestricted          0x0800280d   Thumb Code    36  tasks.o(i.vTaskPlaceOnEventListRestricted)
    vTaskPriorityInherit                     0x08002835   Thumb Code   164  tasks.o(i.vTaskPriorityInherit)
    vTaskSetTimeOutState                     0x080028e5   Thumb Code    14  tasks.o(i.vTaskSetTimeOutState)
    vTaskStartScheduler                      0x080028fd   Thumb Code    82  tasks.o(i.vTaskStartScheduler)
    vTaskSuspendAll                          0x0800296d   Thumb Code    12  tasks.o(i.vTaskSuspendAll)
    vTaskSwitchContext                       0x0800297d   Thumb Code    76  tasks.o(i.vTaskSwitchContext)
    vTestTask                                0x080029dd   Thumb Code     4  main.o(i.vTestTask)
    xPortStartScheduler                      0x080029e1   Thumb Code    42  port.o(i.xPortStartScheduler)
    xQueueGenericCreate                      0x08002a15   Thumb Code    56  queue.o(i.xQueueGenericCreate)
    xQueueGenericReceive                     0x08002a4d   Thumb Code   342  queue.o(i.xQueueGenericReceive)
    xQueueGenericReset                       0x08002ba9   Thumb Code   122  queue.o(i.xQueueGenericReset)
    xQueueGenericSend                        0x08002c29   Thumb Code   308  queue.o(i.xQueueGenericSend)
    xQueueGenericSendFromISR                 0x08002d61   Thumb Code   156  queue.o(i.xQueueGenericSendFromISR)
    xTaskCheckForTimeOut                     0x08002dfd   Thumb Code    84  tasks.o(i.xTaskCheckForTimeOut)
    xTaskCreate                              0x08002e59   Thumb Code    96  tasks.o(i.xTaskCreate)
    xTaskGetSchedulerState                   0x08002eb9   Thumb Code    24  tasks.o(i.xTaskGetSchedulerState)
    xTaskGetTickCount                        0x08002ed9   Thumb Code     6  tasks.o(i.xTaskGetTickCount)
    xTaskIncrementTick                       0x08002ee5   Thumb Code   238  tasks.o(i.xTaskIncrementTick)
    xTaskPriorityDisinherit                  0x08003001   Thumb Code   122  tasks.o(i.xTaskPriorityDisinherit)
    xTaskRemoveFromEventList                 0x08003085   Thumb Code   104  tasks.o(i.xTaskRemoveFromEventList)
    xTaskResumeAll                           0x08003105   Thumb Code   196  tasks.o(i.xTaskResumeAll)
    xTimerCreateTimerTask                    0x080031ed   Thumb Code    40  timers.o(i.xTimerCreateTimerTask)
    xTimerGenericCommand                     0x08003229   Thumb Code   104  timers.o(i.xTimerGenericCommand)
    AHBPrescTable                            0x08003294   Data          16  system_stm32f1xx.o(.constdata)
    APBPrescTable                            0x080032a4   Data           8  system_stm32f1xx.o(.constdata)
    Region$$Table$$Base                      0x080032c0   Number         0  anon$$obj.o(Region$$Table)
    Region$$Table$$Limit                     0x080032e0   Number         0  anon$$obj.o(Region$$Table)
    SystemCoreClock                          0x20000000   Data           4  system_stm32f1xx.o(.data)
    __stdout                                 0x20000008   Data           4  usart.o(.data)
    USART_RX_STA                             0x2000000c   Data           2  usart.o(.data)
    aRxBuffer                                0x2000000e   Data           1  usart.o(.data)
    uwTick                                   0x20000010   Data           4  stm32f1xx_hal.o(.data)
    uwTickPrio                               0x20000014   Data           4  stm32f1xx_hal.o(.data)
    uwTickFreq                               0x20000018   Data           1  stm32f1xx_hal.o(.data)
    pxCurrentTCB                             0x2000001c   Data           4  tasks.o(.data)
    USART_RX_BUF                             0x20000088   Data         200  usart.o(.bss)
    UART1_Handler                            0x20000150   Data          72  usart.o(.bss)
    xQueueRegistry                           0x20000198   Data          80  queue.o(.bss)
    __libspace_start                         0x200046d8   Data          96  libspace.o(.bss)
    __temporary_stack_top$libspace           0x20004738   Data           0  libspace.o(.bss)



==============================================================================

Memory Map of the image

  Image Entry point : 0x080000ed

  Load Region LR_IROM1 (Base: 0x08000000, Size: 0x00003368, Max: 0x00010000, ABSOLUTE)

    Execution Region ER_IROM1 (Exec base: 0x08000000, Load base: 0x08000000, Size: 0x000032e0, Max: 0x00010000, ABSOLUTE)

    Exec Addr    Load Addr    Size         Type   Attr      Idx    E Section Name        Object

    0x08000000   0x08000000   0x000000ec   Data   RO            3    RESET               startup_stm32f103xb.o
    0x080000ec   0x080000ec   0x00000008   Code   RO         4832  * !!!main             c_w.l(__main.o)
    0x080000f4   0x080000f4   0x00000034   Code   RO         4999    !!!scatter          c_w.l(__scatter.o)
    0x08000128   0x08000128   0x0000001a   Code   RO         5001    !!handler_copy      c_w.l(__scatter_copy.o)
    0x08000142   0x08000142   0x00000002   PAD
    0x08000144   0x08000144   0x0000001c   Code   RO         5003    !!handler_zi        c_w.l(__scatter_zi.o)
    0x08000160   0x08000160   0x00000002   Code   RO         4873    .ARM.Collect$$libinit$$00000000  c_w.l(libinit.o)
    0x08000162   0x08000162   0x00000000   Code   RO         4880    .ARM.Collect$$libinit$$00000002  c_w.l(libinit2.o)
    0x08000162   0x08000162   0x00000000   Code   RO         4882    .ARM.Collect$$libinit$$00000004  c_w.l(libinit2.o)
    0x08000162   0x08000162   0x00000000   Code   RO         4885    .ARM.Collect$$libinit$$0000000A  c_w.l(libinit2.o)
    0x08000162   0x08000162   0x00000000   Code   RO         4887    .ARM.Collect$$libinit$$0000000C  c_w.l(libinit2.o)
    0x08000162   0x08000162   0x00000000   Code   RO         4889    .ARM.Collect$$libinit$$0000000E  c_w.l(libinit2.o)
    0x08000162   0x08000162   0x00000000   Code   RO         4892    .ARM.Collect$$libinit$$00000011  c_w.l(libinit2.o)
    0x08000162   0x08000162   0x00000000   Code   RO         4894    .ARM.Collect$$libinit$$00000013  c_w.l(libinit2.o)
    0x08000162   0x08000162   0x00000000   Code   RO         4896    .ARM.Collect$$libinit$$00000015  c_w.l(libinit2.o)
    0x08000162   0x08000162   0x00000000   Code   RO         4898    .ARM.Collect$$libinit$$00000017  c_w.l(libinit2.o)
    0x08000162   0x08000162   0x00000000   Code   RO         4900    .ARM.Collect$$libinit$$00000019  c_w.l(libinit2.o)
    0x08000162   0x08000162   0x00000000   Code   RO         4902    .ARM.Collect$$libinit$$0000001B  c_w.l(libinit2.o)
    0x08000162   0x08000162   0x00000000   Code   RO         4904    .ARM.Collect$$libinit$$0000001D  c_w.l(libinit2.o)
    0x08000162   0x08000162   0x00000000   Code   RO         4906    .ARM.Collect$$libinit$$0000001F  c_w.l(libinit2.o)
    0x08000162   0x08000162   0x00000000   Code   RO         4908    .ARM.Collect$$libinit$$00000021  c_w.l(libinit2.o)
    0x08000162   0x08000162   0x00000000   Code   RO         4910    .ARM.Collect$$libinit$$00000023  c_w.l(libinit2.o)
    0x08000162   0x08000162   0x00000000   Code   RO         4912    .ARM.Collect$$libinit$$00000025  c_w.l(libinit2.o)
    0x08000162   0x08000162   0x00000000   Code   RO         4916    .ARM.Collect$$libinit$$0000002C  c_w.l(libinit2.o)
    0x08000162   0x08000162   0x00000000   Code   RO         4918    .ARM.Collect$$libinit$$0000002E  c_w.l(libinit2.o)
    0x08000162   0x08000162   0x00000000   Code   RO         4920    .ARM.Collect$$libinit$$00000030  c_w.l(libinit2.o)
    0x08000162   0x08000162   0x00000000   Code   RO         4922    .ARM.Collect$$libinit$$00000032  c_w.l(libinit2.o)
    0x08000162   0x08000162   0x00000002   Code   RO         4923    .ARM.Collect$$libinit$$00000033  c_w.l(libinit2.o)
    0x08000164   0x08000164   0x00000002   Code   RO         4941    .ARM.Collect$$libshutdown$$00000000  c_w.l(libshutdown.o)
    0x08000166   0x08000166   0x00000000   Code   RO         4951    .ARM.Collect$$libshutdown$$00000002  c_w.l(libshutdown2.o)
    0x08000166   0x08000166   0x00000000   Code   RO         4953    .ARM.Collect$$libshutdown$$00000004  c_w.l(libshutdown2.o)
    0x08000166   0x08000166   0x00000000   Code   RO         4956    .ARM.Collect$$libshutdown$$00000007  c_w.l(libshutdown2.o)
    0x08000166   0x08000166   0x00000000   Code   RO         4959    .ARM.Collect$$libshutdown$$0000000A  c_w.l(libshutdown2.o)
    0x08000166   0x08000166   0x00000000   Code   RO         4961    .ARM.Collect$$libshutdown$$0000000C  c_w.l(libshutdown2.o)
    0x08000166   0x08000166   0x00000000   Code   RO         4964    .ARM.Collect$$libshutdown$$0000000F  c_w.l(libshutdown2.o)
    0x08000166   0x08000166   0x00000002   Code   RO         4965    .ARM.Collect$$libshutdown$$00000010  c_w.l(libshutdown2.o)
    0x08000168   0x08000168   0x00000000   Code   RO         4836    .ARM.Collect$$rtentry$$00000000  c_w.l(__rtentry.o)
    0x08000168   0x08000168   0x00000000   Code   RO         4842    .ARM.Collect$$rtentry$$00000002  c_w.l(__rtentry2.o)
    0x08000168   0x08000168   0x00000006   Code   RO         4854    .ARM.Collect$$rtentry$$00000004  c_w.l(__rtentry4.o)
    0x0800016e   0x0800016e   0x00000000   Code   RO         4844    .ARM.Collect$$rtentry$$00000009  c_w.l(__rtentry2.o)
    0x0800016e   0x0800016e   0x00000004   Code   RO         4845    .ARM.Collect$$rtentry$$0000000A  c_w.l(__rtentry2.o)
    0x08000172   0x08000172   0x00000000   Code   RO         4847    .ARM.Collect$$rtentry$$0000000C  c_w.l(__rtentry2.o)
    0x08000172   0x08000172   0x00000008   Code   RO         4848    .ARM.Collect$$rtentry$$0000000D  c_w.l(__rtentry2.o)
    0x0800017a   0x0800017a   0x00000002   Code   RO         4877    .ARM.Collect$$rtexit$$00000000  c_w.l(rtexit.o)
    0x0800017c   0x0800017c   0x00000000   Code   RO         4925    .ARM.Collect$$rtexit$$00000002  c_w.l(rtexit2.o)
    0x0800017c   0x0800017c   0x00000004   Code   RO         4926    .ARM.Collect$$rtexit$$00000003  c_w.l(rtexit2.o)
    0x08000180   0x08000180   0x00000006   Code   RO         4927    .ARM.Collect$$rtexit$$00000004  c_w.l(rtexit2.o)
    0x08000186   0x08000186   0x00000002   PAD
    0x08000188   0x08000188   0x00000096   Code   RO         4738    .emb_text           port.o
    0x0800021e   0x0800021e   0x00000002   PAD
    0x08000220   0x08000220   0x00000040   Code   RO            4    .text               startup_stm32f103xb.o
    0x08000260   0x08000260   0x00000002   Code   RO         4820    .text               c_w.l(use_no_semi_2.o)
    0x08000262   0x08000262   0x00000002   PAD
    0x08000264   0x08000264   0x00000018   Code   RO         4826    .text               c_w.l(noretval__2printf.o)
    0x0800027c   0x0800027c   0x0000008a   Code   RO         4828    .text               c_w.l(rt_memcpy_v6.o)
    0x08000306   0x08000306   0x00000006   Code   RO         4830    .text               c_w.l(heapauxi.o)
    0x0800030c   0x0800030c   0x00000002   Code   RO         4834    .text               c_w.l(use_no_semi.o)
    0x0800030e   0x0800030e   0x00000002   PAD
    0x08000310   0x08000310   0x00000024   Code   RO         4837    .text               c_w.l(_printf_char_file.o)
    0x08000334   0x08000334   0x00000064   Code   RO         4839    .text               c_w.l(rt_memcpy_w.o)
    0x08000398   0x08000398   0x00000030   Code   RO         4856    .text               c_w.l(_printf_char_common.o)
    0x080003c8   0x080003c8   0x00000008   Code   RO         4858    .text               c_w.l(ferror.o)
    0x080003d0   0x080003d0   0x0000004a   Code   RO         4862    .text               c_w.l(sys_stackheap_outer.o)
    0x0800041a   0x0800041a   0x00000028   Code   RO         4864    .text               c_w.l(__printf_nopercent.o)
    0x08000442   0x08000442   0x00000012   Code   RO         4866    .text               c_w.l(exit.o)
    0x08000454   0x08000454   0x00000008   Code   RO         4874    .text               c_w.l(libspace.o)
    0x0800045c   0x0800045c   0x00000004   Code   RO           13    i.BusFault_Handler  stm32f1xx_it.o
    0x08000460   0x08000460   0x00000002   Code   RO           14    i.DebugMon_Handler  stm32f1xx_it.o
    0x08000462   0x08000462   0x00000056   Code   RO         3703    i.HAL_DMA_Abort     stm32f1xx_hal_dma.o
    0x080004b8   0x080004b8   0x000000b0   Code   RO         3704    i.HAL_DMA_Abort_IT  stm32f1xx_hal_dma.o
    0x08000568   0x08000568   0x00000320   Code   RO         1085    i.HAL_GPIO_Init     stm32f1xx_hal_gpio.o
    0x08000888   0x08000888   0x0000000c   Code   RO         1089    i.HAL_GPIO_WritePin  stm32f1xx_hal_gpio.o
    0x08000894   0x08000894   0x0000000c   Code   RO          516    i.HAL_GetTick       stm32f1xx_hal.o
    0x080008a0   0x080008a0   0x00000028   Code   RO          523    i.HAL_Init          stm32f1xx_hal.o
    0x080008c8   0x080008c8   0x0000004c   Code   RO          524    i.HAL_InitTick      stm32f1xx_hal.o
    0x08000914   0x08000914   0x00000002   Code   RO          526    i.HAL_MspInit       stm32f1xx_hal.o
    0x08000916   0x08000916   0x00000020   Code   RO          681    i.HAL_NVIC_EnableIRQ  stm32f1xx_hal_cortex.o
    0x08000936   0x08000936   0x0000007c   Code   RO          687    i.HAL_NVIC_SetPriority  stm32f1xx_hal_cortex.o
    0x080009b2   0x080009b2   0x00000002   PAD
    0x080009b4   0x080009b4   0x00000028   Code   RO          688    i.HAL_NVIC_SetPriorityGrouping  stm32f1xx_hal_cortex.o
    0x080009dc   0x080009dc   0x0000018c   Code   RO         1310    i.HAL_RCC_ClockConfig  stm32f1xx_hal_rcc.o
    0x08000b68   0x08000b68   0x0000000c   Code   RO         1315    i.HAL_RCC_GetHCLKFreq  stm32f1xx_hal_rcc.o
    0x08000b74   0x08000b74   0x00000020   Code   RO         1317    i.HAL_RCC_GetPCLK1Freq  stm32f1xx_hal_rcc.o
    0x08000b94   0x08000b94   0x00000020   Code   RO         1318    i.HAL_RCC_GetPCLK2Freq  stm32f1xx_hal_rcc.o
    0x08000bb4   0x08000bb4   0x00000070   Code   RO         1319    i.HAL_RCC_GetSysClockFreq  stm32f1xx_hal_rcc.o
    0x08000c24   0x08000c24   0x00000464   Code   RO         1322    i.HAL_RCC_OscConfig  stm32f1xx_hal_rcc.o
    0x08001088   0x08001088   0x00000028   Code   RO          690    i.HAL_SYSTICK_CLKSourceConfig  stm32f1xx_hal_cortex.o
    0x080010b0   0x080010b0   0x00000034   Code   RO          692    i.HAL_SYSTICK_Config  stm32f1xx_hal_cortex.o
    0x080010e4   0x080010e4   0x00000002   Code   RO         3075    i.HAL_UARTEx_RxEventCallback  stm32f1xx_hal_uart.o
    0x080010e6   0x080010e6   0x00000002   Code   RO         3089    i.HAL_UART_ErrorCallback  stm32f1xx_hal_uart.o
    0x080010e8   0x080010e8   0x00000014   Code   RO         3091    i.HAL_UART_GetState  stm32f1xx_hal_uart.o
    0x080010fc   0x080010fc   0x000002e4   Code   RO         3092    i.HAL_UART_IRQHandler  stm32f1xx_hal_uart.o
    0x080013e0   0x080013e0   0x00000076   Code   RO         3093    i.HAL_UART_Init     stm32f1xx_hal_uart.o
    0x08001456   0x08001456   0x00000002   PAD
    0x08001458   0x08001458   0x000000a8   Code   RO          440    i.HAL_UART_MspInit  usart.o
    0x08001500   0x08001500   0x0000002c   Code   RO         3098    i.HAL_UART_Receive_IT  stm32f1xx_hal_uart.o
    0x0800152c   0x0800152c   0x00000088   Code   RO          441    i.HAL_UART_RxCpltCallback  usart.o
    0x080015b4   0x080015b4   0x00000002   Code   RO         3104    i.HAL_UART_TxCpltCallback  stm32f1xx_hal_uart.o
    0x080015b6   0x080015b6   0x00000004   Code   RO           15    i.HardFault_Handler  stm32f1xx_it.o
    0x080015ba   0x080015ba   0x00000004   Code   RO           16    i.MemManage_Handler  stm32f1xx_it.o
    0x080015be   0x080015be   0x00000002   Code   RO           17    i.NMI_Handler       stm32f1xx_it.o
    0x080015c0   0x080015c0   0x00000028   Code   RO         1323    i.RCC_Delay         stm32f1xx_hal_rcc.o
    0x080015e8   0x080015e8   0x00000056   Code   RO          397    i.Stm32_Clock_Init  sys.o
    0x0800163e   0x0800163e   0x00000002   PAD
    0x08001640   0x08001640   0x00000034   Code   RO         4739    i.SysTick_Handler   port.o
    0x08001674   0x08001674   0x00000002   Code   RO          314    i.SystemInit        system_stm32f1xx.o
    0x08001676   0x08001676   0x00000014   Code   RO         3106    i.UART_DMAAbortOnError  stm32f1xx_hal_uart.o
    0x0800168a   0x0800168a   0x0000006c   Code   RO         3116    i.UART_EndRxTransfer  stm32f1xx_hal_uart.o
    0x080016f6   0x080016f6   0x00000020   Code   RO         3117    i.UART_EndTransmit_IT  stm32f1xx_hal_uart.o
    0x08001716   0x08001716   0x000000fc   Code   RO         3119    i.UART_Receive_IT   stm32f1xx_hal_uart.o
    0x08001812   0x08001812   0x00000002   PAD
    0x08001814   0x08001814   0x000000fc   Code   RO         3120    i.UART_SetConfig    stm32f1xx_hal_uart.o
    0x08001910   0x08001910   0x00000040   Code   RO         3122    i.UART_Start_Receive_IT  stm32f1xx_hal_uart.o
    0x08001950   0x08001950   0x00000060   Code   RO         3123    i.UART_Transmit_IT  stm32f1xx_hal_uart.o
    0x080019b0   0x080019b0   0x00000040   Code   RO          442    i.USART1_IRQHandler  usart.o
    0x080019f0   0x080019f0   0x00000004   Code   RO           18    i.UsageFault_Handler  stm32f1xx_it.o
    0x080019f4   0x080019f4   0x00000010   Code   RO          694    i.__NVIC_GetPriorityGrouping  stm32f1xx_hal_cortex.o
    0x08001a04   0x08001a04   0x00000028   Code   RO          695    i.__NVIC_SetPriority  stm32f1xx_hal_cortex.o
    0x08001a2c   0x08001a2c   0x00000004   Code   RO          443    i._sys_exit         usart.o
    0x08001a30   0x08001a30   0x00000014   Code   RO          350    i.delay_init        delay.o
    0x08001a44   0x08001a44   0x00000018   Code   RO          351    i.delay_ms          delay.o
    0x08001a5c   0x08001a5c   0x00000048   Code   RO          352    i.delay_us          delay.o
    0x08001aa4   0x08001aa4   0x0000001c   Code   RO          444    i.fputc             usart.o
    0x08001ac0   0x08001ac0   0x00000044   Code   RO          236    i.led_init          main.o
    0x08001b04   0x08001b04   0x000000b0   Code   RO          237    i.main              main.o
    0x08001bb4   0x08001bb4   0x00000098   Code   RO         4204    i.prvAddCurrentTaskToDelayedList  tasks.o
    0x08001c4c   0x08001c4c   0x000000b4   Code   RO         4205    i.prvAddNewTaskToReadyList  tasks.o
    0x08001d00   0x08001d00   0x00000064   Code   RO         4535    i.prvCheckForValidListAndQueue  timers.o
    0x08001d64   0x08001d64   0x00000064   Code   RO         4206    i.prvCheckTasksWaitingTermination  tasks.o
    0x08001dc8   0x08001dc8   0x0000002a   Code   RO         3974    i.prvCopyDataFromQueue  queue.o
    0x08001df2   0x08001df2   0x0000007c   Code   RO         3975    i.prvCopyDataToQueue  queue.o
    0x08001e6e   0x08001e6e   0x00000012   Code   RO         4207    i.prvDeleteTCB      tasks.o
    0x08001e80   0x08001e80   0x00000028   Code   RO         4536    i.prvGetNextExpireTime  timers.o
    0x08001ea8   0x08001ea8   0x0000007c   Code   RO         4677    i.prvHeapInit       heap_4.o
    0x08001f24   0x08001f24   0x00000028   Code   RO         4208    i.prvIdleTask       tasks.o
    0x08001f4c   0x08001f4c   0x0000002a   Code   RO         3977    i.prvInitialiseNewQueue  queue.o
    0x08001f76   0x08001f76   0x00000086   Code   RO         4209    i.prvInitialiseNewTask  tasks.o
    0x08001ffc   0x08001ffc   0x00000068   Code   RO         4210    i.prvInitialiseTaskLists  tasks.o
    0x08002064   0x08002064   0x00000068   Code   RO         4678    i.prvInsertBlockIntoFreeList  heap_4.o
    0x080020cc   0x080020cc   0x00000058   Code   RO         4538    i.prvInsertTimerInActiveList  timers.o
    0x08002124   0x08002124   0x0000001a   Code   RO         3978    i.prvIsQueueEmpty   queue.o
    0x0800213e   0x0800213e   0x0000001e   Code   RO         3979    i.prvIsQueueFull    queue.o
    0x0800215c   0x0800215c   0x00000052   Code   RO         3980    i.prvNotifyQueueSetContainer  queue.o
    0x080021ae   0x080021ae   0x00000002   PAD
    0x080021b0   0x080021b0   0x0000004c   Code   RO         4539    i.prvProcessExpiredTimer  timers.o
    0x080021fc   0x080021fc   0x000000d0   Code   RO         4540    i.prvProcessReceivedCommands  timers.o
    0x080022cc   0x080022cc   0x00000074   Code   RO         4541    i.prvProcessTimerOrBlockTask  timers.o
    0x08002340   0x08002340   0x00000034   Code   RO         4211    i.prvResetNextTaskUnblockTime  tasks.o
    0x08002374   0x08002374   0x0000002c   Code   RO         4542    i.prvSampleTimeNow  timers.o
    0x080023a0   0x080023a0   0x00000084   Code   RO         4543    i.prvSwitchTimerLists  timers.o
    0x08002424   0x08002424   0x00000016   Code   RO         4740    i.prvTaskExitError  port.o
    0x0800243a   0x0800243a   0x0000001a   Code   RO         4544    i.prvTimerTask      timers.o
    0x08002454   0x08002454   0x00000092   Code   RO         3981    i.prvUnlockQueue    queue.o
    0x080024e6   0x080024e6   0x00000002   PAD
    0x080024e8   0x080024e8   0x000000d0   Code   RO         4679    i.pvPortMalloc      heap_4.o
    0x080025b8   0x080025b8   0x00000020   Code   RO         4213    i.pvTaskIncrementMutexHeldCount  tasks.o
    0x080025d8   0x080025d8   0x00000024   Code   RO         4741    i.pxPortInitialiseStack  port.o
    0x080025fc   0x080025fc   0x00000038   Code   RO          445    i.uart_init         usart.o
    0x08002634   0x08002634   0x00000028   Code   RO         3925    i.uxListRemove      list.o
    0x0800265c   0x0800265c   0x0000001a   Code   RO         3926    i.vListInitialise   list.o
    0x08002676   0x08002676   0x00000006   Code   RO         3927    i.vListInitialiseItem  list.o
    0x0800267c   0x0800267c   0x00000034   Code   RO         3928    i.vListInsert       list.o
    0x080026b0   0x080026b0   0x00000018   Code   RO         3929    i.vListInsertEnd    list.o
    0x080026c8   0x080026c8   0x00000024   Code   RO         4743    i.vPortEnterCritical  port.o
    0x080026ec   0x080026ec   0x00000020   Code   RO         4744    i.vPortExitCritical  port.o
    0x0800270c   0x0800270c   0x00000048   Code   RO         4680    i.vPortFree         heap_4.o
    0x08002754   0x08002754   0x00000014   Code   RO         4745    i.vPortSetupTimerInterrupt  port.o
    0x08002768   0x08002768   0x0000002c   Code   RO         3985    i.vQueueAddToRegistry  queue.o
    0x08002794   0x08002794   0x0000004a   Code   RO         3988    i.vQueueWaitForMessageRestricted  queue.o
    0x080027de   0x080027de   0x00000002   PAD
    0x080027e0   0x080027e0   0x0000000c   Code   RO         4223    i.vTaskMissedYield  tasks.o
    0x080027ec   0x080027ec   0x00000020   Code   RO         4225    i.vTaskPlaceOnEventList  tasks.o
    0x0800280c   0x0800280c   0x00000028   Code   RO         4226    i.vTaskPlaceOnEventListRestricted  tasks.o
    0x08002834   0x08002834   0x000000b0   Code   RO         4228    i.vTaskPriorityInherit  tasks.o
    0x080028e4   0x080028e4   0x00000018   Code   RO         4231    i.vTaskSetTimeOutState  tasks.o
    0x080028fc   0x080028fc   0x00000070   Code   RO         4232    i.vTaskStartScheduler  tasks.o
    0x0800296c   0x0800296c   0x00000010   Code   RO         4234    i.vTaskSuspendAll   tasks.o
    0x0800297c   0x0800297c   0x00000060   Code   RO         4235    i.vTaskSwitchContext  tasks.o
    0x080029dc   0x080029dc   0x00000004   Code   RO          238    i.vTestTask         main.o
    0x080029e0   0x080029e0   0x00000034   Code   RO         4746    i.xPortStartScheduler  port.o
    0x08002a14   0x08002a14   0x00000038   Code   RO         3993    i.xQueueGenericCreate  queue.o
    0x08002a4c   0x08002a4c   0x0000015c   Code   RO         3994    i.xQueueGenericReceive  queue.o
    0x08002ba8   0x08002ba8   0x00000080   Code   RO         3995    i.xQueueGenericReset  queue.o
    0x08002c28   0x08002c28   0x00000138   Code   RO         3996    i.xQueueGenericSend  queue.o
    0x08002d60   0x08002d60   0x0000009c   Code   RO         3997    i.xQueueGenericSendFromISR  queue.o
    0x08002dfc   0x08002dfc   0x0000005c   Code   RO         4236    i.xTaskCheckForTimeOut  tasks.o
    0x08002e58   0x08002e58   0x00000060   Code   RO         4237    i.xTaskCreate       tasks.o
    0x08002eb8   0x08002eb8   0x00000020   Code   RO         4241    i.xTaskGetSchedulerState  tasks.o
    0x08002ed8   0x08002ed8   0x0000000c   Code   RO         4242    i.xTaskGetTickCount  tasks.o
    0x08002ee4   0x08002ee4   0x0000011c   Code   RO         4244    i.xTaskIncrementTick  tasks.o
    0x08003000   0x08003000   0x00000084   Code   RO         4247    i.xTaskPriorityDisinherit  tasks.o
    0x08003084   0x08003084   0x00000080   Code   RO         4248    i.xTaskRemoveFromEventList  tasks.o
    0x08003104   0x08003104   0x000000e8   Code   RO         4250    i.xTaskResumeAll    tasks.o
    0x080031ec   0x080031ec   0x0000003c   Code   RO         4548    i.xTimerCreateTimerTask  timers.o
    0x08003228   0x08003228   0x0000006c   Code   RO         4549    i.xTimerGenericCommand  timers.o
    0x08003294   0x08003294   0x00000018   Data   RO          315    .constdata          system_stm32f1xx.o
    0x080032ac   0x080032ac   0x00000012   Data   RO         1324    .constdata          stm32f1xx_hal_rcc.o
    0x080032be   0x080032be   0x00000002   PAD
    0x080032c0   0x080032c0   0x00000020   Data   RO         4997    Region$$Table       anon$$obj.o


    Execution Region RW_IRAM1 (Exec base: 0x20000000, Load base: 0x080032e0, Size: 0x00004d38, Max: 0x00005000, ABSOLUTE)

    Exec Addr    Load Addr    Size         Type   Attr      Idx    E Section Name        Object

    0x20000000   0x080032e0   0x00000004   Data   RW          316    .data               system_stm32f1xx.o
    0x20000004   0x080032e4   0x00000004   Data   RW          353    .data               delay.o
    0x20000008   0x080032e8   0x00000007   Data   RW          447    .data               usart.o
    0x2000000f   0x080032ef   0x00000001   PAD
    0x20000010   0x080032f0   0x00000009   Data   RW          530    .data               stm32f1xx_hal.o
    0x20000019   0x080032f9   0x00000003   PAD
    0x2000001c   0x080032fc   0x0000003c   Data   RW         4253    .data               tasks.o
    0x20000058   0x08003338   0x00000014   Data   RW         4557    .data               timers.o
    0x2000006c   0x0800334c   0x00000018   Data   RW         4685    .data               heap_4.o
    0x20000084   0x08003364   0x00000004   Data   RW         4747    .data               port.o
    0x20000088        -       0x00000110   Zero   RW          446    .bss                usart.o
    0x20000198        -       0x00000050   Zero   RW         4008    .bss                queue.o
    0x200001e8        -       0x000000c8   Zero   RW         4252    .bss                tasks.o
    0x200002b0        -       0x00000028   Zero   RW         4556    .bss                timers.o
    0x200002d8        -       0x00004400   Zero   RW         4684    .bss                heap_4.o
    0x200046d8        -       0x00000060   Zero   RW         4875    .bss                c_w.l(libspace.o)
    0x20004738        -       0x00000200   Zero   RW            2    HEAP                startup_stm32f103xb.o
    0x20004938        -       0x00000400   Zero   RW            1    STACK               startup_stm32f103xb.o


==============================================================================

Image component sizes


      Code (inc. data)   RO Data    RW Data    ZI Data      Debug   Object Name

         0          0          0          0          0       2808   croutine.o
       116          8          0          4          0       3747   delay.o
         0          0          0          0          0      11716   event_groups.o
       508         62          0         24      17408       3739   heap_4.o
       148          0          0          0          0       3082   list.o
       248         68          0          0          0      11910   main.o
       400         50          0          4          0       8872   port.o
      1610         22          0          0         80      15241   queue.o
        64         26        236          0       1536        912   startup_stm32f103xb.o
       130         24          0          9          0       5173   stm32f1xx_hal.o
       344         22          0          0          0      29877   stm32f1xx_hal_cortex.o
       262          4          0          0          0       1715   stm32f1xx_hal_dma.o
       812         34          0          0          0       2632   stm32f1xx_hal_gpio.o
      1748         98         18          0          0       5860   stm32f1xx_hal_rcc.o
      1752          8          0          0          0      10452   stm32f1xx_hal_uart.o
        20          0          0          0          0     395769   stm32f1xx_it.o
        86          0          0          0          0        695   sys.o
         2          0         24          4          0       1283   system_stm32f1xx.o
      2328        356          0         60        200      27052   tasks.o
       998        114          0         20         40       8443   timers.o
       456         52          0          7        272       5257   usart.o

    ----------------------------------------------------------------------
     12048        948        312        136      19536     556235   Object Totals
         0          0         32          0          0          0   (incl. Generated)
        16          0          2          4          0          0   (incl. Padding)

    ----------------------------------------------------------------------

      Code (inc. data)   RO Data    RW Data    ZI Data      Debug   Library Member Name

         8          0          0          0          0         68   __main.o
        40          0          0          0          0         84   __printf_nopercent.o
         0          0          0          0          0          0   __rtentry.o
        12          0          0          0          0          0   __rtentry2.o
         6          0          0          0          0          0   __rtentry4.o
        52          8          0          0          0          0   __scatter.o
        26          0          0          0          0          0   __scatter_copy.o
        28          0          0          0          0          0   __scatter_zi.o
        48          6          0          0          0         96   _printf_char_common.o
        36          4          0          0          0         80   _printf_char_file.o
        18          0          0          0          0         80   exit.o
         8          0          0          0          0         68   ferror.o
         6          0          0          0          0        152   heapauxi.o
         2          0          0          0          0          0   libinit.o
         2          0          0          0          0          0   libinit2.o
         2          0          0          0          0          0   libshutdown.o
         2          0          0          0          0          0   libshutdown2.o
         8          4          0          0         96         68   libspace.o
        24          4          0          0          0         84   noretval__2printf.o
       138          0          0          0          0         68   rt_memcpy_v6.o
       100          0          0          0          0         80   rt_memcpy_w.o
         2          0          0          0          0          0   rtexit.o
        10          0          0          0          0          0   rtexit2.o
        74          0          0          0          0         80   sys_stackheap_outer.o
         2          0          0          0          0         68   use_no_semi.o
         2          0          0          0          0         68   use_no_semi_2.o

    ----------------------------------------------------------------------
       664         26          0          0         96       1144   Library Totals
         8          0          0          0          0          0   (incl. Padding)

    ----------------------------------------------------------------------

      Code (inc. data)   RO Data    RW Data    ZI Data      Debug   Library Name

       656         26          0          0         96       1144   c_w.l

    ----------------------------------------------------------------------
       664         26          0          0         96       1144   Library Totals

    ----------------------------------------------------------------------

==============================================================================


      Code (inc. data)   RO Data    RW Data    ZI Data      Debug   

     12712        974        312        136      19632     550719   Grand Totals
     12712        974        312        136      19632     550719   ELF Image Totals
     12712        974        312        136          0          0   ROM Totals

==============================================================================

    Total RO  Size (Code + RO Data)                13024 (  12.72kB)
    Total RW  Size (RW Data + ZI Data)             19768 (  19.30kB)
    Total ROM Size (Code + RO Data + RW Data)      13160 (  12.85kB)

==============================================================================

